<?xml version="1.0"?>
<link_info>
   <banner>TI ARM Linker PC v5.1.1</banner>
   <copyright>Copyright (c) 1996-2013 Texas Instruments Incorporated</copyright>
   <link_time>0x54c55ba3</link_time>
   <link_errors>0x0</link_errors>
   <output_file>enc28j60-booster-example.out</output_file>
   <entry_point>
      <name>_c_int00</name>
      <address>0x450d</address>
   </entry_point>
   <input_file_list>
      <input_file id="fl-2">
         <path>.\uip-1.0\apps\dhcpc\</path>
         <kind>object</kind>
         <file>dhcpc.obj</file>
         <name>dhcpc.obj</name>
      </input_file>
      <input_file id="fl-3">
         <path>.\uip-1.0\lib\</path>
         <kind>object</kind>
         <file>memb.obj</file>
         <name>memb.obj</name>
      </input_file>
      <input_file id="fl-4">
         <path>.\uip-1.0\uip\</path>
         <kind>object</kind>
         <file>uiplib.obj</file>
         <name>uiplib.obj</name>
      </input_file>
      <input_file id="fl-5">
         <path>.\uip-1.0\uip\</path>
         <kind>object</kind>
         <file>uip_timer.obj</file>
         <name>uip_timer.obj</name>
      </input_file>
      <input_file id="fl-6">
         <path>.\uip-1.0\uip\</path>
         <kind>object</kind>
         <file>uip_arp.obj</file>
         <name>uip_arp.obj</name>
      </input_file>
      <input_file id="fl-7">
         <path>.\uip-1.0\uip\</path>
         <kind>object</kind>
         <file>uip.obj</file>
         <name>uip.obj</name>
      </input_file>
      <input_file id="fl-8">
         <path>.\uip-1.0\uip\</path>
         <kind>object</kind>
         <file>uip-split.obj</file>
         <name>uip-split.obj</name>
      </input_file>
      <input_file id="fl-9">
         <path>.\uip-1.0\uip\</path>
         <kind>object</kind>
         <file>uip-neighbor.obj</file>
         <name>uip-neighbor.obj</name>
      </input_file>
      <input_file id="fl-a">
         <path>.\uip-1.0\uip\</path>
         <kind>object</kind>
         <file>uip-fw.obj</file>
         <name>uip-fw.obj</name>
      </input_file>
      <input_file id="fl-b">
         <path>.\uip-1.0\uip\</path>
         <kind>object</kind>
         <file>psock.obj</file>
         <name>psock.obj</name>
      </input_file>
      <input_file id="fl-c">
         <path>.\utils\</path>
         <kind>object</kind>
         <file>uartstdio.obj</file>
         <name>uartstdio.obj</name>
      </input_file>
      <input_file id="fl-d">
         <path>.\</path>
         <kind>object</kind>
         <file>startup_ccs.obj</file>
         <name>startup_ccs.obj</name>
      </input_file>
      <input_file id="fl-e">
         <path>.\</path>
         <kind>object</kind>
         <file>modbusd.obj</file>
         <name>modbusd.obj</name>
      </input_file>
      <input_file id="fl-f">
         <path>.\</path>
         <kind>object</kind>
         <file>main.obj</file>
         <name>main.obj</name>
      </input_file>
      <input_file id="fl-10">
         <path>.\</path>
         <kind>object</kind>
         <file>enc28j60.obj</file>
         <name>enc28j60.obj</name>
      </input_file>
      <input_file id="fl-13e">
         <path>C:\ti\ccsv5\tools\compiler\arm_5.1.1\lib\</path>
         <kind>archive</kind>
         <file>rtsv7M4_T_le_v4SPD16_eabi.lib</file>
         <name>boot.obj</name>
      </input_file>
      <input_file id="fl-13f">
         <path>C:\ti\ccsv5\tools\compiler\arm_5.1.1\lib\</path>
         <kind>archive</kind>
         <file>rtsv7M4_T_le_v4SPD16_eabi.lib</file>
         <name>copy_decompress_none.obj</name>
      </input_file>
      <input_file id="fl-140">
         <path>C:\ti\ccsv5\tools\compiler\arm_5.1.1\lib\</path>
         <kind>archive</kind>
         <file>rtsv7M4_T_le_v4SPD16_eabi.lib</file>
         <name>copy_decompress_rle.obj</name>
      </input_file>
      <input_file id="fl-141">
         <path>C:\ti\ccsv5\tools\compiler\arm_5.1.1\lib\</path>
         <kind>archive</kind>
         <file>rtsv7M4_T_le_v4SPD16_eabi.lib</file>
         <name>copy_zero_init.obj</name>
      </input_file>
      <input_file id="fl-142">
         <path>C:\ti\ccsv5\tools\compiler\arm_5.1.1\lib\</path>
         <kind>archive</kind>
         <file>rtsv7M4_T_le_v4SPD16_eabi.lib</file>
         <name>exit.obj</name>
      </input_file>
      <input_file id="fl-143">
         <path>C:\ti\ccsv5\tools\compiler\arm_5.1.1\lib\</path>
         <kind>archive</kind>
         <file>rtsv7M4_T_le_v4SPD16_eabi.lib</file>
         <name>memcmp.obj</name>
      </input_file>
      <input_file id="fl-144">
         <path>C:\ti\ccsv5\tools\compiler\arm_5.1.1\lib\</path>
         <kind>archive</kind>
         <file>rtsv7M4_T_le_v4SPD16_eabi.lib</file>
         <name>memcpy_t2.obj</name>
      </input_file>
      <input_file id="fl-145">
         <path>C:\ti\ccsv5\tools\compiler\arm_5.1.1\lib\</path>
         <kind>archive</kind>
         <file>rtsv7M4_T_le_v4SPD16_eabi.lib</file>
         <name>memset_t2.obj</name>
      </input_file>
      <input_file id="fl-146">
         <path>C:\ti\ccsv5\tools\compiler\arm_5.1.1\lib\</path>
         <kind>archive</kind>
         <file>rtsv7M4_T_le_v4SPD16_eabi.lib</file>
         <name>printf.obj</name>
      </input_file>
      <input_file id="fl-147">
         <path>C:\ti\ccsv5\tools\compiler\arm_5.1.1\lib\</path>
         <kind>archive</kind>
         <file>rtsv7M4_T_le_v4SPD16_eabi.lib</file>
         <name>stkdepth_vars.obj</name>
      </input_file>
      <input_file id="fl-148">
         <path>C:\ti\ccsv5\tools\compiler\arm_5.1.1\lib\</path>
         <kind>archive</kind>
         <file>rtsv7M4_T_le_v4SPD16_eabi.lib</file>
         <name>u_divt2.obj</name>
      </input_file>
      <input_file id="fl-149">
         <path>C:\ti\ccsv5\tools\compiler\arm_5.1.1\lib\</path>
         <kind>archive</kind>
         <file>rtsv7M4_T_le_v4SPD16_eabi.lib</file>
         <name>_lock.obj</name>
      </input_file>
      <input_file id="fl-14a">
         <path>C:\ti\ccsv5\tools\compiler\arm_5.1.1\lib\</path>
         <kind>archive</kind>
         <file>rtsv7M4_T_le_v4SPD16_eabi.lib</file>
         <name>_printfi.obj</name>
      </input_file>
      <input_file id="fl-14b">
         <path>C:\ti\ccsv5\tools\compiler\arm_5.1.1\lib\</path>
         <kind>archive</kind>
         <file>rtsv7M4_T_le_v4SPD16_eabi.lib</file>
         <name>args_main.obj</name>
      </input_file>
      <input_file id="fl-14c">
         <path>C:\ti\ccsv5\tools\compiler\arm_5.1.1\lib\</path>
         <kind>archive</kind>
         <file>rtsv7M4_T_le_v4SPD16_eabi.lib</file>
         <name>atoi.obj</name>
      </input_file>
      <input_file id="fl-14d">
         <path>C:\ti\ccsv5\tools\compiler\arm_5.1.1\lib\</path>
         <kind>archive</kind>
         <file>rtsv7M4_T_le_v4SPD16_eabi.lib</file>
         <name>auto_init.obj</name>
      </input_file>
      <input_file id="fl-14e">
         <path>C:\ti\ccsv5\tools\compiler\arm_5.1.1\lib\</path>
         <kind>archive</kind>
         <file>rtsv7M4_T_le_v4SPD16_eabi.lib</file>
         <name>cpy_tbl.obj</name>
      </input_file>
      <input_file id="fl-14f">
         <path>C:\ti\ccsv5\tools\compiler\arm_5.1.1\lib\</path>
         <kind>archive</kind>
         <file>rtsv7M4_T_le_v4SPD16_eabi.lib</file>
         <name>ctype.obj</name>
      </input_file>
      <input_file id="fl-150">
         <path>C:\ti\ccsv5\tools\compiler\arm_5.1.1\lib\</path>
         <kind>archive</kind>
         <file>rtsv7M4_T_le_v4SPD16_eabi.lib</file>
         <name>defs.obj</name>
      </input_file>
      <input_file id="fl-151">
         <path>C:\ti\ccsv5\tools\compiler\arm_5.1.1\lib\</path>
         <kind>archive</kind>
         <file>rtsv7M4_T_le_v4SPD16_eabi.lib</file>
         <name>fd_add_t2.obj</name>
      </input_file>
      <input_file id="fl-152">
         <path>C:\ti\ccsv5\tools\compiler\arm_5.1.1\lib\</path>
         <kind>archive</kind>
         <file>rtsv7M4_T_le_v4SPD16_eabi.lib</file>
         <name>fd_cmp_t2.obj</name>
      </input_file>
      <input_file id="fl-153">
         <path>C:\ti\ccsv5\tools\compiler\arm_5.1.1\lib\</path>
         <kind>archive</kind>
         <file>rtsv7M4_T_le_v4SPD16_eabi.lib</file>
         <name>fd_div_t2.obj</name>
      </input_file>
      <input_file id="fl-154">
         <path>C:\ti\ccsv5\tools\compiler\arm_5.1.1\lib\</path>
         <kind>archive</kind>
         <file>rtsv7M4_T_le_v4SPD16_eabi.lib</file>
         <name>fd_mul_t2.obj</name>
      </input_file>
      <input_file id="fl-155">
         <path>C:\ti\ccsv5\tools\compiler\arm_5.1.1\lib\</path>
         <kind>archive</kind>
         <file>rtsv7M4_T_le_v4SPD16_eabi.lib</file>
         <name>fd_toi_t2.obj</name>
      </input_file>
      <input_file id="fl-156">
         <path>C:\ti\ccsv5\tools\compiler\arm_5.1.1\lib\</path>
         <kind>archive</kind>
         <file>rtsv7M4_T_le_v4SPD16_eabi.lib</file>
         <name>fputc.obj</name>
      </input_file>
      <input_file id="fl-157">
         <path>C:\ti\ccsv5\tools\compiler\arm_5.1.1\lib\</path>
         <kind>archive</kind>
         <file>rtsv7M4_T_le_v4SPD16_eabi.lib</file>
         <name>fputs.obj</name>
      </input_file>
      <input_file id="fl-158">
         <path>C:\ti\ccsv5\tools\compiler\arm_5.1.1\lib\</path>
         <kind>archive</kind>
         <file>rtsv7M4_T_le_v4SPD16_eabi.lib</file>
         <name>i_tofd_t2.obj</name>
      </input_file>
      <input_file id="fl-159">
         <path>C:\ti\ccsv5\tools\compiler\arm_5.1.1\lib\</path>
         <kind>archive</kind>
         <file>rtsv7M4_T_le_v4SPD16_eabi.lib</file>
         <name>ll_mul_t2.obj</name>
      </input_file>
      <input_file id="fl-15a">
         <path>C:\ti\ccsv5\tools\compiler\arm_5.1.1\lib\</path>
         <kind>archive</kind>
         <file>rtsv7M4_T_le_v4SPD16_eabi.lib</file>
         <name>lowlev.obj</name>
      </input_file>
      <input_file id="fl-15b">
         <path>C:\ti\ccsv5\tools\compiler\arm_5.1.1\lib\</path>
         <kind>archive</kind>
         <file>rtsv7M4_T_le_v4SPD16_eabi.lib</file>
         <name>ltoa.obj</name>
      </input_file>
      <input_file id="fl-15c">
         <path>C:\ti\ccsv5\tools\compiler\arm_5.1.1\lib\</path>
         <kind>archive</kind>
         <file>rtsv7M4_T_le_v4SPD16_eabi.lib</file>
         <name>memccpy.obj</name>
      </input_file>
      <input_file id="fl-15d">
         <path>C:\ti\ccsv5\tools\compiler\arm_5.1.1\lib\</path>
         <kind>archive</kind>
         <file>rtsv7M4_T_le_v4SPD16_eabi.lib</file>
         <name>memchr.obj</name>
      </input_file>
      <input_file id="fl-15e">
         <path>C:\ti\ccsv5\tools\compiler\arm_5.1.1\lib\</path>
         <kind>archive</kind>
         <file>rtsv7M4_T_le_v4SPD16_eabi.lib</file>
         <name>strchr.obj</name>
      </input_file>
      <input_file id="fl-15f">
         <path>C:\ti\ccsv5\tools\compiler\arm_5.1.1\lib\</path>
         <kind>archive</kind>
         <file>rtsv7M4_T_le_v4SPD16_eabi.lib</file>
         <name>strcmp.obj</name>
      </input_file>
      <input_file id="fl-160">
         <path>C:\ti\ccsv5\tools\compiler\arm_5.1.1\lib\</path>
         <kind>archive</kind>
         <file>rtsv7M4_T_le_v4SPD16_eabi.lib</file>
         <name>strlen.obj</name>
      </input_file>
      <input_file id="fl-161">
         <path>C:\ti\ccsv5\tools\compiler\arm_5.1.1\lib\</path>
         <kind>archive</kind>
         <file>rtsv7M4_T_le_v4SPD16_eabi.lib</file>
         <name>strncpy.obj</name>
      </input_file>
      <input_file id="fl-162">
         <path>C:\ti\ccsv5\tools\compiler\arm_5.1.1\lib\</path>
         <kind>archive</kind>
         <file>rtsv7M4_T_le_v4SPD16_eabi.lib</file>
         <name>trgdrv.obj</name>
      </input_file>
      <input_file id="fl-163">
         <path>C:\ti\ccsv5\tools\compiler\arm_5.1.1\lib\</path>
         <kind>archive</kind>
         <file>rtsv7M4_T_le_v4SPD16_eabi.lib</file>
         <name>trgmsg.obj</name>
      </input_file>
      <input_file id="fl-164">
         <path>C:\ti\ccsv5\tools\compiler\arm_5.1.1\lib\</path>
         <kind>archive</kind>
         <file>rtsv7M4_T_le_v4SPD16_eabi.lib</file>
         <name>ull_div_t2.obj</name>
      </input_file>
      <input_file id="fl-165">
         <path>C:\ti\ccsv5\tools\compiler\arm_5.1.1\lib\</path>
         <kind>archive</kind>
         <file>rtsv7M4_T_le_v4SPD16_eabi.lib</file>
         <name>xdclass.obj</name>
      </input_file>
      <input_file id="fl-166">
         <path>C:\ti\ccsv5\tools\compiler\arm_5.1.1\lib\</path>
         <kind>archive</kind>
         <file>rtsv7M4_T_le_v4SPD16_eabi.lib</file>
         <name>xdtest.obj</name>
      </input_file>
      <input_file id="fl-167">
         <path>C:\ti\ccsv5\tools\compiler\arm_5.1.1\lib\</path>
         <kind>archive</kind>
         <file>rtsv7M4_T_le_v4SPD16_eabi.lib</file>
         <name>_io_perm.obj</name>
      </input_file>
      <input_file id="fl-168">
         <path>C:\ti\ccsv5\tools\compiler\arm_5.1.1\lib\</path>
         <kind>archive</kind>
         <file>rtsv7M4_T_le_v4SPD16_eabi.lib</file>
         <name>fflush.obj</name>
      </input_file>
      <input_file id="fl-169">
         <path>C:\ti\ccsv5\tools\compiler\arm_5.1.1\lib\</path>
         <kind>archive</kind>
         <file>rtsv7M4_T_le_v4SPD16_eabi.lib</file>
         <name>fseek.obj</name>
      </input_file>
      <input_file id="fl-16a">
         <path>C:\ti\ccsv5\tools\compiler\arm_5.1.1\lib\</path>
         <kind>archive</kind>
         <file>rtsv7M4_T_le_v4SPD16_eabi.lib</file>
         <name>setvbuf.obj</name>
      </input_file>
      <input_file id="fl-16b">
         <path>C:\ti\ccsv5\tools\compiler\arm_5.1.1\lib\</path>
         <kind>archive</kind>
         <file>rtsv7M4_T_le_v4SPD16_eabi.lib</file>
         <name>strcpy.obj</name>
      </input_file>
      <input_file id="fl-16c">
         <path>C:\ti\ccsv5\tools\compiler\arm_5.1.1\lib\</path>
         <kind>archive</kind>
         <file>rtsv7M4_T_le_v4SPD16_eabi.lib</file>
         <name>fopen.obj</name>
      </input_file>
      <input_file id="fl-16d">
         <path>C:\ti\ccsv5\tools\compiler\arm_5.1.1\lib\</path>
         <kind>archive</kind>
         <file>rtsv7M4_T_le_v4SPD16_eabi.lib</file>
         <name>memory.obj</name>
      </input_file>
      <input_file id="fl-16e">
         <path>C:\ti\ccsv5\tools\compiler\arm_5.1.1\lib\</path>
         <kind>archive</kind>
         <file>rtsv7M4_T_le_v4SPD16_eabi.lib</file>
         <name>fclose.obj</name>
      </input_file>
      <input_file id="fl-16f">
         <path>C:\ti\ccsv5\tools\compiler\arm_5.1.1\lib\</path>
         <kind>archive</kind>
         <file>rtsv7M4_T_le_v4SPD16_eabi.lib</file>
         <name>remove.obj</name>
      </input_file>
   </input_file_list>
   <object_component_list>
      <object_component id="oc-d">
         <name>.intvecs</name>
         <load_address>0x0</load_address>
         <run_address>0x0</run_address>
         <size>0x26c</size>
         <input_file_ref idref="fl-d"/>
      </object_component>
      <object_component id="oc-6f">
         <name>.text</name>
         <load_address>0x26c</load_address>
         <run_address>0x26c</run_address>
         <size>0x1904</size>
         <input_file_ref idref="fl-7"/>
      </object_component>
      <object_component id="oc-6a">
         <name>.text</name>
         <load_address>0x1b70</load_address>
         <run_address>0x1b70</run_address>
         <size>0x990</size>
         <input_file_ref idref="fl-10"/>
      </object_component>
      <object_component id="oc-2f">
         <name>.text</name>
         <load_address>0x2500</load_address>
         <run_address>0x2500</run_address>
         <size>0x918</size>
         <input_file_ref idref="fl-c"/>
      </object_component>
      <object_component id="oc-2a">
         <name>.text</name>
         <load_address>0x2e18</load_address>
         <run_address>0x2e18</run_address>
         <size>0x72c</size>
         <input_file_ref idref="fl-f"/>
      </object_component>
      <object_component id="oc-94">
         <name>.text</name>
         <load_address>0x3544</load_address>
         <run_address>0x3544</run_address>
         <size>0x53c</size>
         <input_file_ref idref="fl-2"/>
      </object_component>
      <object_component id="oc-74">
         <name>.text</name>
         <load_address>0x3a80</load_address>
         <run_address>0x3a80</run_address>
         <size>0x4a4</size>
         <input_file_ref idref="fl-6"/>
      </object_component>
      <object_component id="oc-8f">
         <name>.text</name>
         <load_address>0x3f24</load_address>
         <run_address>0x3f24</run_address>
         <size>0x388</size>
         <input_file_ref idref="fl-e"/>
      </object_component>
      <object_component id="oc-48">
         <name>.text</name>
         <load_address>0x42ac</load_address>
         <run_address>0x42ac</run_address>
         <size>0x9c</size>
         <input_file_ref idref="fl-144"/>
      </object_component>
      <object_component id="oc-37">
         <name>.text</name>
         <load_address>0x4348</load_address>
         <run_address>0x4348</run_address>
         <size>0x94</size>
         <input_file_ref idref="fl-14d"/>
      </object_component>
      <object_component id="oc-112">
         <name>.text</name>
         <load_address>0x43dc</load_address>
         <run_address>0x43dc</run_address>
         <size>0x78</size>
         <input_file_ref idref="fl-145"/>
      </object_component>
      <object_component id="oc-5a">
         <name>.text</name>
         <load_address>0x4454</load_address>
         <run_address>0x4454</run_address>
         <size>0x5e</size>
         <input_file_ref idref="fl-140"/>
      </object_component>
      <object_component id="oc-1a2">
         <name>.text</name>
         <load_address>0x44b2</load_address>
         <run_address>0x44b2</run_address>
         <size>0x58</size>
         <input_file_ref idref="fl-5"/>
      </object_component>
      <object_component id="oc-f">
         <name>.text</name>
         <load_address>0x450c</load_address>
         <run_address>0x450c</run_address>
         <size>0x48</size>
         <input_file_ref idref="fl-13e"/>
      </object_component>
      <object_component id="oc-da">
         <name>.text</name>
         <load_address>0x4554</load_address>
         <run_address>0x4554</run_address>
         <size>0x44</size>
         <input_file_ref idref="fl-14e"/>
      </object_component>
      <object_component id="oc-40">
         <name>.text</name>
         <load_address>0x4598</load_address>
         <run_address>0x4598</run_address>
         <size>0x44</size>
         <input_file_ref idref="fl-142"/>
      </object_component>
      <object_component id="oc-c8">
         <name>.text</name>
         <load_address>0x45dc</load_address>
         <run_address>0x45dc</run_address>
         <size>0x42</size>
         <input_file_ref idref="fl-148"/>
      </object_component>
      <object_component id="oc-197">
         <name>.text</name>
         <load_address>0x461e</load_address>
         <run_address>0x461e</run_address>
         <size>0x22</size>
         <input_file_ref idref="fl-143"/>
      </object_component>
      <object_component id="oc-3b">
         <name>.text</name>
         <load_address>0x4640</load_address>
         <run_address>0x4640</run_address>
         <size>0x18</size>
         <input_file_ref idref="fl-14b"/>
      </object_component>
      <object_component id="oc-1c6">
         <name>.text</name>
         <load_address>0x4658</load_address>
         <run_address>0x4658</run_address>
         <size>0x14</size>
         <input_file_ref idref="fl-149"/>
      </object_component>
      <object_component id="oc-18">
         <name>.text:decompress:ZI</name>
         <load_address>0x466c</load_address>
         <run_address>0x466c</run_address>
         <size>0x12</size>
         <input_file_ref idref="fl-141"/>
      </object_component>
      <object_component id="oc-13">
         <name>.text:decompress:none</name>
         <load_address>0x467e</load_address>
         <run_address>0x467e</run_address>
         <size>0xe</size>
         <input_file_ref idref="fl-13f"/>
      </object_component>
      <object_component id="oc-25">
         <name>.text</name>
         <load_address>0x468c</load_address>
         <run_address>0x468c</run_address>
         <size>0xc</size>
         <input_file_ref idref="fl-d"/>
      </object_component>
      <object_component id="oc-1d">
         <name>.text:decompress:rle24</name>
         <load_address>0x4698</load_address>
         <run_address>0x4698</run_address>
         <size>0x6</size>
         <input_file_ref idref="fl-140"/>
      </object_component>
      <object_component id="oc-c0">
         <name>.const</name>
         <load_address>0x46a0</load_address>
         <run_address>0x46a0</run_address>
         <size>0x28</size>
         <input_file_ref idref="fl-c"/>
      </object_component>
      <object_component id="oc-1b3">
         <name>.const:.string</name>
         <load_address>0x46c8</load_address>
         <run_address>0x46c8</run_address>
         <size>0x12</size>
         <input_file_ref idref="fl-c"/>
      </object_component>
      <object_component id="oc-16c">
         <name>.const</name>
         <load_address>0x46da</load_address>
         <run_address>0x46da</run_address>
         <size>0xa</size>
         <input_file_ref idref="fl-6"/>
      </object_component>
      <object_component id="oc-19e">
         <name>.const:.string</name>
         <load_address>0x46e4</load_address>
         <run_address>0x46e4</run_address>
         <size>0x8</size>
         <input_file_ref idref="fl-2"/>
      </object_component>
      <object_component id="oc-12d">
         <name>.const</name>
         <load_address>0x46ec</load_address>
         <run_address>0x46ec</run_address>
         <size>0x8</size>
         <input_file_ref idref="fl-7"/>
      </object_component>
      <object_component id="oc-99">
         <name>.const:.string</name>
         <load_address>0x46f4</load_address>
         <run_address>0x46f4</run_address>
         <size>0x6</size>
         <input_file_ref idref="fl-f"/>
      </object_component>
      <object_component id="oc-245">
         <name>.cinit..data.load</name>
         <load_address>0x4700</load_address>
         <run_address>0x4700</run_address>
         <size>0x12</size>
      </object_component>
      <object_component id="oc-243">
         <name>__TI_handler_table</name>
         <load_address>0x4714</load_address>
         <run_address>0x4714</run_address>
         <size>0xc</size>
      </object_component>
      <object_component id="oc-246">
         <name>.cinit..bss.load</name>
         <load_address>0x4720</load_address>
         <run_address>0x4720</run_address>
         <size>0x8</size>
      </object_component>
      <object_component id="oc-244">
         <name>__TI_cinit_table</name>
         <load_address>0x4728</load_address>
         <run_address>0x4728</run_address>
         <size>0x10</size>
      </object_component>
      <object_component id="oc-45">
         <name>.data</name>
         <load_address>0x2000161c</load_address>
         <run_address>0x2000161c</run_address>
         <size>0x4</size>
         <input_file_ref idref="fl-147"/>
      </object_component>
      <object_component id="oc-8d">
         <name>.data</name>
         <load_address>0x20001618</load_address>
         <run_address>0x20001618</run_address>
         <size>0x4</size>
         <input_file_ref idref="fl-f"/>
      </object_component>
      <object_component id="oc-a1">
         <name>.data</name>
         <load_address>0x20001610</load_address>
         <run_address>0x20001610</run_address>
         <size>0x6</size>
         <input_file_ref idref="fl-7"/>
      </object_component>
      <object_component id="oc-be">
         <name>.data</name>
         <load_address>0x200015e8</load_address>
         <run_address>0x200015e8</run_address>
         <size>0x15</size>
         <input_file_ref idref="fl-c"/>
      </object_component>
      <object_component id="oc-e2">
         <name>.data</name>
         <load_address>0x20001600</load_address>
         <run_address>0x20001600</run_address>
         <size>0x8</size>
         <input_file_ref idref="fl-149"/>
      </object_component>
      <object_component id="oc-e4">
         <name>.data</name>
         <load_address>0x20001608</load_address>
         <run_address>0x20001608</run_address>
         <size>0x8</size>
         <input_file_ref idref="fl-142"/>
      </object_component>
      <object_component id="oc-7f">
         <name>.bss:uip_conns</name>
         <uninitialized>true</uninitialized>
         <run_address>0x20000ae4</run_address>
         <size>0x58</size>
         <input_file_ref idref="fl-7"/>
      </object_component>
      <object_component id="oc-82">
         <name>.bss:uip_buf</name>
         <uninitialized>true</uninitialized>
         <run_address>0x20000400</run_address>
         <size>0x3ec</size>
         <input_file_ref idref="fl-7"/>
      </object_component>
      <object_component id="oc-85">
         <name>.bss:uip_udp_conns</name>
         <uninitialized>true</uninitialized>
         <run_address>0x200007ec</run_address>
         <size>0x100</size>
         <input_file_ref idref="fl-7"/>
      </object_component>
      <object_component id="oc-c4">
         <name>.bss:g_pcUARTTxBuffer</name>
         <uninitialized>true</uninitialized>
         <run_address>0x20000000</run_address>
         <size>0x400</size>
         <input_file_ref idref="fl-c"/>
      </object_component>
      <object_component id="oc-c6">
         <name>.bss:g_pcUARTRxBuffer</name>
         <uninitialized>true</uninitialized>
         <run_address>0x20000984</run_address>
         <size>0x80</size>
         <input_file_ref idref="fl-c"/>
      </object_component>
      <object_component id="oc-129">
         <name>.bss:uip_stat</name>
         <uninitialized>true</uninitialized>
         <run_address>0x20000b70</run_address>
         <size>0x34</size>
         <input_file_ref idref="fl-7"/>
      </object_component>
      <object_component id="oc-164">
         <name>.bss:arp_table</name>
         <uninitialized>true</uninitialized>
         <run_address>0x20000a84</run_address>
         <size>0x60</size>
         <input_file_ref idref="fl-6"/>
      </object_component>
      <object_component id="oc-18e">
         <name>.bss:buf</name>
         <uninitialized>true</uninitialized>
         <run_address>0x200008ec</run_address>
         <size>0x98</size>
         <input_file_ref idref="fl-e"/>
      </object_component>
      <object_component id="oc-192">
         <name>.bss:modRegisters</name>
         <uninitialized>true</uninitialized>
         <run_address>0x20000a04</run_address>
         <size>0x80</size>
         <input_file_ref idref="fl-e"/>
      </object_component>
      <object_component id="oc-19c">
         <name>.bss:s</name>
         <uninitialized>true</uninitialized>
         <run_address>0x20000b3c</run_address>
         <size>0x34</size>
         <input_file_ref idref="fl-2"/>
      </object_component>
      <object_component id="oc-172">
         <name>.common:ipaddr</name>
         <uninitialized>true</uninitialized>
         <run_address>0x20000bc0</run_address>
         <size>0x4</size>
      </object_component>
      <object_component id="oc-175">
         <name>.common:i</name>
         <uninitialized>true</uninitialized>
         <run_address>0x20000c0f</run_address>
         <size>0x1</size>
      </object_component>
      <object_component id="oc-168">
         <name>.common:c</name>
         <uninitialized>true</uninitialized>
         <run_address>0x20000c0c</run_address>
         <size>0x1</size>
      </object_component>
      <object_component id="oc-166">
         <name>.common:arptime</name>
         <uninitialized>true</uninitialized>
         <run_address>0x20000c0a</run_address>
         <size>0x1</size>
      </object_component>
      <object_component id="oc-167">
         <name>.common:tmpage</name>
         <uninitialized>true</uninitialized>
         <run_address>0x20000c11</run_address>
         <size>0x1</size>
      </object_component>
      <object_component id="oc-157">
         <name>.common:ipid</name>
         <uninitialized>true</uninitialized>
         <run_address>0x20000c00</run_address>
         <size>0x2</size>
      </object_component>
      <object_component id="oc-141">
         <name>.common:iss</name>
         <uninitialized>true</uninitialized>
         <run_address>0x20000bc4</run_address>
         <size>0x4</size>
      </object_component>
      <object_component id="oc-118">
         <name>.common:lastport</name>
         <uninitialized>true</uninitialized>
         <run_address>0x20000c02</run_address>
         <size>0x2</size>
      </object_component>
      <object_component id="oc-14d">
         <name>.common:c</name>
         <uninitialized>true</uninitialized>
         <run_address>0x20000c0b</run_address>
         <size>0x1</size>
      </object_component>
      <object_component id="oc-14c">
         <name>.common:opt</name>
         <uninitialized>true</uninitialized>
         <run_address>0x20000c10</run_address>
         <size>0x1</size>
      </object_component>
      <object_component id="oc-14e">
         <name>.common:tmp16</name>
         <uninitialized>true</uninitialized>
         <run_address>0x20000c04</run_address>
         <size>0x2</size>
      </object_component>
      <object_component id="oc-1aa">
         <name>.common:uip_hostaddr</name>
         <uninitialized>true</uninitialized>
         <run_address>0x20000bec</run_address>
         <size>0x4</size>
      </object_component>
      <object_component id="oc-173">
         <name>.common:uip_draddr</name>
         <uninitialized>true</uninitialized>
         <run_address>0x20000be8</run_address>
         <size>0x4</size>
      </object_component>
      <object_component id="oc-16f">
         <name>.common:uip_netmask</name>
         <uninitialized>true</uninitialized>
         <run_address>0x20000bf0</run_address>
         <size>0x4</size>
      </object_component>
      <object_component id="oc-1a1">
         <name>.common:uip_appdata</name>
         <uninitialized>true</uninitialized>
         <run_address>0x20000be0</run_address>
         <size>0x4</size>
      </object_component>
      <object_component id="oc-15b">
         <name>.common:uip_sappdata</name>
         <uninitialized>true</uninitialized>
         <run_address>0x20000bf4</run_address>
         <size>0x4</size>
      </object_component>
      <object_component id="oc-1a7">
         <name>.common:uip_len</name>
         <uninitialized>true</uninitialized>
         <run_address>0x20000c06</run_address>
         <size>0x2</size>
      </object_component>
      <object_component id="oc-15a">
         <name>.common:uip_slen</name>
         <uninitialized>true</uninitialized>
         <run_address>0x20000c08</run_address>
         <size>0x2</size>
      </object_component>
      <object_component id="oc-1a8">
         <name>.common:uip_flags</name>
         <uninitialized>true</uninitialized>
         <run_address>0x20000c12</run_address>
         <size>0x1</size>
      </object_component>
      <object_component id="oc-188">
         <name>.common:uip_conn</name>
         <uninitialized>true</uninitialized>
         <run_address>0x20000be4</run_address>
         <size>0x4</size>
      </object_component>
      <object_component id="oc-13b">
         <name>.common:uip_listenports</name>
         <uninitialized>true</uninitialized>
         <run_address>0x20000ba4</run_address>
         <size>0x8</size>
      </object_component>
      <object_component id="oc-131">
         <name>.common:uip_udp_conn</name>
         <uninitialized>true</uninitialized>
         <run_address>0x20000bf8</run_address>
         <size>0x4</size>
      </object_component>
      <object_component id="oc-14a">
         <name>.common:uip_acc32</name>
         <uninitialized>true</uninitialized>
         <run_address>0x20000bdc</run_address>
         <size>0x4</size>
      </object_component>
      <object_component id="oc-cc">
         <name>.common:g_bDisableEcho</name>
         <uninitialized>true</uninitialized>
         <run_address>0x20000c0e</run_address>
         <size>0x1</size>
      </object_component>
      <object_component id="oc-c2">
         <name>.common:g_ulPortNum</name>
         <uninitialized>true</uninitialized>
         <run_address>0x20000bbc</run_address>
         <size>0x4</size>
      </object_component>
      <object_component id="oc-18a">
         <name>.common:request</name>
         <uninitialized>true</uninitialized>
         <run_address>0x20000bd4</run_address>
         <size>0x4</size>
      </object_component>
      <object_component id="oc-18d">
         <name>.common:wResponse</name>
         <uninitialized>true</uninitialized>
         <run_address>0x20000bfc</run_address>
         <size>0x4</size>
      </object_component>
      <object_component id="oc-190">
         <name>.common:rResponse</name>
         <uninitialized>true</uninitialized>
         <run_address>0x20000bd0</run_address>
         <size>0x4</size>
      </object_component>
      <object_component id="oc-191">
         <name>.common:error</name>
         <uninitialized>true</uninitialized>
         <run_address>0x20000bb4</run_address>
         <size>0x4</size>
      </object_component>
      <object_component id="oc-194">
         <name>.common:request23</name>
         <uninitialized>true</uninitialized>
         <run_address>0x20000bd8</run_address>
         <size>0x4</size>
      </object_component>
      <object_component id="oc-79">
         <name>.common:g_ulFlags</name>
         <uninitialized>true</uninitialized>
         <run_address>0x20000bb8</run_address>
         <size>0x4</size>
      </object_component>
      <object_component id="oc-a0">
         <name>.common:eth_addr$1</name>
         <uninitialized>true</uninitialized>
         <run_address>0x20000bac</run_address>
         <size>0x6</size>
      </object_component>
      <object_component id="oc-a8">
         <name>.common:lPeriodicTimer</name>
         <uninitialized>true</uninitialized>
         <run_address>0x20000bcc</run_address>
         <size>0x4</size>
      </object_component>
      <object_component id="oc-a7">
         <name>.common:lARPTimer</name>
         <uninitialized>true</uninitialized>
         <run_address>0x20000bc8</run_address>
         <size>0x4</size>
      </object_component>
      <object_component id="oc-108">
         <name>.common:enc_current_bank</name>
         <uninitialized>true</uninitialized>
         <run_address>0x20000c0d</run_address>
         <size>0x1</size>
      </object_component>
      <object_component id="oc-10a">
         <name>.common:enc_next_packet</name>
         <uninitialized>true</uninitialized>
         <run_address>0x20000bb2</run_address>
         <size>0x2</size>
      </object_component>
      <object_component id="oc-23">
         <name>.sysmem</name>
         <uninitialized>true</uninitialized>
         <run_address>0x20000c18</run_address>
         <size>0x8</size>
         <input_file_ref idref="fl-16d"/>
      </object_component>
      <object_component id="oc-248">
         <name>.sysmem</name>
         <uninitialized>true</uninitialized>
         <run_address>0x20000c18</run_address>
         <size>0x0</size>
      </object_component>
      <object_component id="oc-22">
         <name>.stack</name>
         <uninitialized>true</uninitialized>
         <run_address>0x200013e8</run_address>
         <size>0x0</size>
         <input_file_ref idref="fl-13e"/>
      </object_component>
      <object_component id="oc-247">
         <name>.stack</name>
         <uninitialized>true</uninitialized>
         <run_address>0x200013e8</run_address>
         <size>0x0</size>
      </object_component>
      <object_component id="oc-e">
         <name>.debug_info</name>
         <load_address>0x0</load_address>
         <run_address>0x0</run_address>
         <size>0xe6</size>
         <input_file_ref idref="fl-d"/>
      </object_component>
      <object_component id="oc-12">
         <name>.debug_info</name>
         <load_address>0xe6</load_address>
         <run_address>0xe6</run_address>
         <size>0xf3</size>
         <input_file_ref idref="fl-13e"/>
      </object_component>
      <object_component id="oc-15">
         <name>.debug_info</name>
         <load_address>0x1d9</load_address>
         <run_address>0x1d9</run_address>
         <size>0x194</size>
         <input_file_ref idref="fl-13f"/>
      </object_component>
      <object_component id="oc-1a">
         <name>.debug_info</name>
         <load_address>0x36d</load_address>
         <run_address>0x36d</run_address>
         <size>0x16a</size>
         <input_file_ref idref="fl-141"/>
      </object_component>
      <object_component id="oc-20">
         <name>.debug_info</name>
         <load_address>0x4d7</load_address>
         <run_address>0x4d7</run_address>
         <size>0x18e</size>
         <input_file_ref idref="fl-140"/>
      </object_component>
      <object_component id="oc-24">
         <name>.debug_info</name>
         <load_address>0x665</load_address>
         <run_address>0x665</run_address>
         <size>0xb6</size>
         <input_file_ref idref="fl-16d"/>
      </object_component>
      <object_component id="oc-26">
         <name>.debug_info</name>
         <load_address>0x71b</load_address>
         <run_address>0x71b</run_address>
         <size>0x1f8</size>
         <input_file_ref idref="fl-d"/>
      </object_component>
      <object_component id="oc-2b">
         <name>.debug_info</name>
         <load_address>0x913</load_address>
         <run_address>0x913</run_address>
         <size>0x9a8</size>
         <input_file_ref idref="fl-f"/>
      </object_component>
      <object_component id="oc-30">
         <name>.debug_info</name>
         <load_address>0x12bb</load_address>
         <run_address>0x12bb</run_address>
         <size>0x13e1</size>
         <input_file_ref idref="fl-c"/>
      </object_component>
      <object_component id="oc-36">
         <name>.debug_info</name>
         <load_address>0x269c</load_address>
         <run_address>0x269c</run_address>
         <size>0x187</size>
         <input_file_ref idref="fl-d"/>
      </object_component>
      <object_component id="oc-38">
         <name>.debug_info</name>
         <load_address>0x2823</load_address>
         <run_address>0x2823</run_address>
         <size>0x13d</size>
         <input_file_ref idref="fl-14d"/>
      </object_component>
      <object_component id="oc-3e">
         <name>.debug_info</name>
         <load_address>0x2960</load_address>
         <run_address>0x2960</run_address>
         <size>0x11c</size>
         <input_file_ref idref="fl-14b"/>
      </object_component>
      <object_component id="oc-44">
         <name>.debug_info</name>
         <load_address>0x2a7c</load_address>
         <run_address>0x2a7c</run_address>
         <size>0x1c2</size>
         <input_file_ref idref="fl-142"/>
      </object_component>
      <object_component id="oc-46">
         <name>.debug_info</name>
         <load_address>0x2c3e</load_address>
         <run_address>0x2c3e</run_address>
         <size>0xbe</size>
         <input_file_ref idref="fl-147"/>
      </object_component>
      <object_component id="oc-49">
         <name>.debug_info</name>
         <load_address>0x2cfc</load_address>
         <run_address>0x2cfc</run_address>
         <size>0xcc</size>
         <input_file_ref idref="fl-144"/>
      </object_component>
      <object_component id="oc-4d">
         <name>.debug_info</name>
         <load_address>0x2dc8</load_address>
         <run_address>0x2dc8</run_address>
         <size>0x46</size>
         <input_file_ref idref="fl-13f"/>
      </object_component>
      <object_component id="oc-52">
         <name>.debug_info</name>
         <load_address>0x2e0e</load_address>
         <run_address>0x2e0e</run_address>
         <size>0xf2</size>
         <input_file_ref idref="fl-13f"/>
      </object_component>
      <object_component id="oc-54">
         <name>.debug_info</name>
         <load_address>0x2f00</load_address>
         <run_address>0x2f00</run_address>
         <size>0x46</size>
         <input_file_ref idref="fl-141"/>
      </object_component>
      <object_component id="oc-59">
         <name>.debug_info</name>
         <load_address>0x2f46</load_address>
         <run_address>0x2f46</run_address>
         <size>0xad</size>
         <input_file_ref idref="fl-141"/>
      </object_component>
      <object_component id="oc-5b">
         <name>.debug_info</name>
         <load_address>0x2ff3</load_address>
         <run_address>0x2ff3</run_address>
         <size>0x1ef</size>
         <input_file_ref idref="fl-140"/>
      </object_component>
      <object_component id="oc-60">
         <name>.debug_info</name>
         <load_address>0x31e2</load_address>
         <run_address>0x31e2</run_address>
         <size>0xb7</size>
         <input_file_ref idref="fl-140"/>
      </object_component>
      <object_component id="oc-61">
         <name>.debug_info</name>
         <load_address>0x3299</load_address>
         <run_address>0x3299</run_address>
         <size>0x39</size>
         <input_file_ref idref="fl-140"/>
      </object_component>
      <object_component id="oc-68">
         <name>.debug_info</name>
         <load_address>0x32d2</load_address>
         <run_address>0x32d2</run_address>
         <size>0x1d7</size>
         <input_file_ref idref="fl-16d"/>
      </object_component>
      <object_component id="oc-6b">
         <name>.debug_info</name>
         <load_address>0x34a9</load_address>
         <run_address>0x34a9</run_address>
         <size>0x191f</size>
         <input_file_ref idref="fl-10"/>
      </object_component>
      <object_component id="oc-70">
         <name>.debug_info</name>
         <load_address>0x4dc8</load_address>
         <run_address>0x4dc8</run_address>
         <size>0x1088</size>
         <input_file_ref idref="fl-7"/>
      </object_component>
      <object_component id="oc-75">
         <name>.debug_info</name>
         <load_address>0x5e50</load_address>
         <run_address>0x5e50</run_address>
         <size>0x3de</size>
         <input_file_ref idref="fl-6"/>
      </object_component>
      <object_component id="oc-7a">
         <name>.debug_info</name>
         <load_address>0x622e</load_address>
         <run_address>0x622e</run_address>
         <size>0x50b</size>
         <input_file_ref idref="fl-f"/>
      </object_component>
      <object_component id="oc-7e">
         <name>.debug_info</name>
         <load_address>0x6739</load_address>
         <run_address>0x6739</run_address>
         <size>0x4bb</size>
         <input_file_ref idref="fl-7"/>
      </object_component>
      <object_component id="oc-80">
         <name>.debug_info</name>
         <load_address>0x6bf4</load_address>
         <run_address>0x6bf4</run_address>
         <size>0xe4</size>
         <input_file_ref idref="fl-7"/>
      </object_component>
      <object_component id="oc-83">
         <name>.debug_info</name>
         <load_address>0x6cd8</load_address>
         <run_address>0x6cd8</run_address>
         <size>0xe0</size>
         <input_file_ref idref="fl-7"/>
      </object_component>
      <object_component id="oc-86">
         <name>.debug_info</name>
         <load_address>0x6db8</load_address>
         <run_address>0x6db8</run_address>
         <size>0xec</size>
         <input_file_ref idref="fl-7"/>
      </object_component>
      <object_component id="oc-8e">
         <name>.debug_info</name>
         <load_address>0x6ea4</load_address>
         <run_address>0x6ea4</run_address>
         <size>0xe5</size>
         <input_file_ref idref="fl-f"/>
      </object_component>
      <object_component id="oc-90">
         <name>.debug_info</name>
         <load_address>0x6f89</load_address>
         <run_address>0x6f89</run_address>
         <size>0x249</size>
         <input_file_ref idref="fl-e"/>
      </object_component>
      <object_component id="oc-95">
         <name>.debug_info</name>
         <load_address>0x71d2</load_address>
         <run_address>0x71d2</run_address>
         <size>0xbc5</size>
         <input_file_ref idref="fl-2"/>
      </object_component>
      <object_component id="oc-9a">
         <name>.debug_info</name>
         <load_address>0x7d97</load_address>
         <run_address>0x7d97</run_address>
         <size>0xd7</size>
         <input_file_ref idref="fl-f"/>
      </object_component>
      <object_component id="oc-a2">
         <name>.debug_info</name>
         <load_address>0x7e6e</load_address>
         <run_address>0x7e6e</run_address>
         <size>0xe8</size>
         <input_file_ref idref="fl-7"/>
      </object_component>
      <object_component id="oc-aa">
         <name>.debug_info</name>
         <load_address>0x7f56</load_address>
         <run_address>0x7f56</run_address>
         <size>0x84</size>
         <input_file_ref idref="fl-2"/>
      </object_component>
      <object_component id="oc-af">
         <name>.debug_info</name>
         <load_address>0x7fda</load_address>
         <run_address>0x7fda</run_address>
         <size>0x18b</size>
         <input_file_ref idref="fl-2"/>
      </object_component>
      <object_component id="oc-b4">
         <name>.debug_info</name>
         <load_address>0x8165</load_address>
         <run_address>0x8165</run_address>
         <size>0x2c</size>
         <input_file_ref idref="fl-2"/>
      </object_component>
      <object_component id="oc-b9">
         <name>.debug_info</name>
         <load_address>0x8191</load_address>
         <run_address>0x8191</run_address>
         <size>0x90f</size>
         <input_file_ref idref="fl-2"/>
      </object_component>
      <object_component id="oc-bf">
         <name>.debug_info</name>
         <load_address>0x8aa0</load_address>
         <run_address>0x8aa0</run_address>
         <size>0x1cb</size>
         <input_file_ref idref="fl-c"/>
      </object_component>
      <object_component id="oc-c1">
         <name>.debug_info</name>
         <load_address>0x8c6b</load_address>
         <run_address>0x8c6b</run_address>
         <size>0x167</size>
         <input_file_ref idref="fl-c"/>
      </object_component>
      <object_component id="oc-c3">
         <name>.debug_info</name>
         <load_address>0x8dd2</load_address>
         <run_address>0x8dd2</run_address>
         <size>0x187</size>
         <input_file_ref idref="fl-c"/>
      </object_component>
      <object_component id="oc-c5">
         <name>.debug_info</name>
         <load_address>0x8f59</load_address>
         <run_address>0x8f59</run_address>
         <size>0xff</size>
         <input_file_ref idref="fl-c"/>
      </object_component>
      <object_component id="oc-c7">
         <name>.debug_info</name>
         <load_address>0x9058</load_address>
         <run_address>0x9058</run_address>
         <size>0xff</size>
         <input_file_ref idref="fl-c"/>
      </object_component>
      <object_component id="oc-c9">
         <name>.debug_info</name>
         <load_address>0x9157</load_address>
         <run_address>0x9157</run_address>
         <size>0x137</size>
         <input_file_ref idref="fl-148"/>
      </object_component>
      <object_component id="oc-ce">
         <name>.debug_info</name>
         <load_address>0x928e</load_address>
         <run_address>0x928e</run_address>
         <size>0x2c</size>
         <input_file_ref idref="fl-c"/>
      </object_component>
      <object_component id="oc-d3">
         <name>.debug_info</name>
         <load_address>0x92ba</load_address>
         <run_address>0x92ba</run_address>
         <size>0x4e</size>
         <input_file_ref idref="fl-2"/>
      </object_component>
      <object_component id="oc-dc">
         <name>.debug_info</name>
         <load_address>0x9308</load_address>
         <run_address>0x9308</run_address>
         <size>0x14b</size>
         <input_file_ref idref="fl-14e"/>
      </object_component>
      <object_component id="oc-e1">
         <name>.debug_info</name>
         <load_address>0x9453</load_address>
         <run_address>0x9453</run_address>
         <size>0x11b</size>
         <input_file_ref idref="fl-14b"/>
      </object_component>
      <object_component id="oc-e3">
         <name>.debug_info</name>
         <load_address>0x956e</load_address>
         <run_address>0x956e</run_address>
         <size>0xc8</size>
         <input_file_ref idref="fl-149"/>
      </object_component>
      <object_component id="oc-e5">
         <name>.debug_info</name>
         <load_address>0x9636</load_address>
         <run_address>0x9636</run_address>
         <size>0xeb</size>
         <input_file_ref idref="fl-142"/>
      </object_component>
      <object_component id="oc-e7">
         <name>.debug_info</name>
         <load_address>0x9721</load_address>
         <run_address>0x9721</run_address>
         <size>0x146</size>
         <input_file_ref idref="fl-142"/>
      </object_component>
      <object_component id="oc-eb">
         <name>.debug_info</name>
         <load_address>0x9867</load_address>
         <run_address>0x9867</run_address>
         <size>0x2c</size>
         <input_file_ref idref="fl-13f"/>
      </object_component>
      <object_component id="oc-f2">
         <name>.debug_info</name>
         <load_address>0x9893</load_address>
         <run_address>0x9893</run_address>
         <size>0x2c</size>
         <input_file_ref idref="fl-3"/>
      </object_component>
      <object_component id="oc-fe">
         <name>.debug_info</name>
         <load_address>0x98bf</load_address>
         <run_address>0x98bf</run_address>
         <size>0x2c</size>
         <input_file_ref idref="fl-16c"/>
      </object_component>
      <object_component id="oc-103">
         <name>.debug_info</name>
         <load_address>0x98eb</load_address>
         <run_address>0x98eb</run_address>
         <size>0x62</size>
         <input_file_ref idref="fl-16d"/>
      </object_component>
      <object_component id="oc-109">
         <name>.debug_info</name>
         <load_address>0x994d</load_address>
         <run_address>0x994d</run_address>
         <size>0x2f3</size>
         <input_file_ref idref="fl-10"/>
      </object_component>
      <object_component id="oc-115">
         <name>.debug_info</name>
         <load_address>0x9c40</load_address>
         <run_address>0x9c40</run_address>
         <size>0xfc</size>
         <input_file_ref idref="fl-145"/>
      </object_component>
      <object_component id="oc-12a">
         <name>.debug_info</name>
         <load_address>0x9d3c</load_address>
         <run_address>0x9d3c</run_address>
         <size>0xe2</size>
         <input_file_ref idref="fl-7"/>
      </object_component>
      <object_component id="oc-12e">
         <name>.debug_info</name>
         <load_address>0x9e1e</load_address>
         <run_address>0x9e1e</run_address>
         <size>0x119</size>
         <input_file_ref idref="fl-7"/>
      </object_component>
      <object_component id="oc-15d">
         <name>.debug_info</name>
         <load_address>0x9f37</load_address>
         <run_address>0x9f37</run_address>
         <size>0x53</size>
         <input_file_ref idref="fl-2"/>
      </object_component>
      <object_component id="oc-163">
         <name>.debug_info</name>
         <load_address>0x9f8a</load_address>
         <run_address>0x9f8a</run_address>
         <size>0x331</size>
         <input_file_ref idref="fl-6"/>
      </object_component>
      <object_component id="oc-165">
         <name>.debug_info</name>
         <load_address>0xa2bb</load_address>
         <run_address>0xa2bb</run_address>
         <size>0xe7</size>
         <input_file_ref idref="fl-6"/>
      </object_component>
      <object_component id="oc-16d">
         <name>.debug_info</name>
         <load_address>0xa3a2</load_address>
         <run_address>0xa3a2</run_address>
         <size>0x127</size>
         <input_file_ref idref="fl-6"/>
      </object_component>
      <object_component id="oc-179">
         <name>.debug_info</name>
         <load_address>0xa4c9</load_address>
         <run_address>0xa4c9</run_address>
         <size>0x13e</size>
         <input_file_ref idref="fl-2"/>
      </object_component>
      <object_component id="oc-18b">
         <name>.debug_info</name>
         <load_address>0xa607</load_address>
         <run_address>0xa607</run_address>
         <size>0x2f2</size>
         <input_file_ref idref="fl-e"/>
      </object_component>
      <object_component id="oc-18f">
         <name>.debug_info</name>
         <load_address>0xa8f9</load_address>
         <run_address>0xa8f9</run_address>
         <size>0xd0</size>
         <input_file_ref idref="fl-e"/>
      </object_component>
      <object_component id="oc-193">
         <name>.debug_info</name>
         <load_address>0xa9c9</load_address>
         <run_address>0xa9c9</run_address>
         <size>0xe2</size>
         <input_file_ref idref="fl-e"/>
      </object_component>
      <object_component id="oc-199">
         <name>.debug_info</name>
         <load_address>0xaaab</load_address>
         <run_address>0xaaab</run_address>
         <size>0x1a0</size>
         <input_file_ref idref="fl-143"/>
      </object_component>
      <object_component id="oc-19d">
         <name>.debug_info</name>
         <load_address>0xac4b</load_address>
         <run_address>0xac4b</run_address>
         <size>0xdc</size>
         <input_file_ref idref="fl-2"/>
      </object_component>
      <object_component id="oc-19f">
         <name>.debug_info</name>
         <load_address>0xad27</load_address>
         <run_address>0xad27</run_address>
         <size>0x108</size>
         <input_file_ref idref="fl-2"/>
      </object_component>
      <object_component id="oc-1a3">
         <name>.debug_info</name>
         <load_address>0xae2f</load_address>
         <run_address>0xae2f</run_address>
         <size>0x345</size>
         <input_file_ref idref="fl-5"/>
      </object_component>
      <object_component id="oc-1ac">
         <name>.debug_info</name>
         <load_address>0xb174</load_address>
         <run_address>0xb174</run_address>
         <size>0x399</size>
         <input_file_ref idref="fl-2"/>
      </object_component>
      <object_component id="oc-1be">
         <name>.debug_info</name>
         <load_address>0xb50d</load_address>
         <run_address>0xb50d</run_address>
         <size>0x148</size>
         <input_file_ref idref="fl-14e"/>
      </object_component>
      <object_component id="oc-1c1">
         <name>.debug_info</name>
         <load_address>0xb655</load_address>
         <run_address>0xb655</run_address>
         <size>0x5e</size>
         <input_file_ref idref="fl-14b"/>
      </object_component>
      <object_component id="oc-1ca">
         <name>.debug_info</name>
         <load_address>0xb6b3</load_address>
         <run_address>0xb6b3</run_address>
         <size>0x1d4</size>
         <input_file_ref idref="fl-149"/>
      </object_component>
      <object_component id="oc-1cd">
         <name>.debug_info</name>
         <load_address>0xb887</load_address>
         <run_address>0xb887</run_address>
         <size>0xd9</size>
         <input_file_ref idref="fl-149"/>
      </object_component>
      <object_component id="oc-1d9">
         <name>.debug_info</name>
         <load_address>0xb960</load_address>
         <run_address>0xb960</run_address>
         <size>0xcd</size>
         <input_file_ref idref="fl-2"/>
      </object_component>
      <object_component id="oc-1e0">
         <name>.debug_info</name>
         <load_address>0xba2d</load_address>
         <run_address>0xba2d</run_address>
         <size>0x237</size>
         <input_file_ref idref="fl-6"/>
      </object_component>
      <object_component id="oc-1e9">
         <name>.debug_info</name>
         <load_address>0xbc64</load_address>
         <run_address>0xbc64</run_address>
         <size>0x41</size>
         <input_file_ref idref="fl-2"/>
      </object_component>
      <object_component id="oc-1ee">
         <name>.debug_info</name>
         <load_address>0xbca5</load_address>
         <run_address>0xbca5</run_address>
         <size>0x55</size>
         <input_file_ref idref="fl-2"/>
      </object_component>
      <object_component id="oc-1f5">
         <name>.debug_info</name>
         <load_address>0xbcfa</load_address>
         <run_address>0xbcfa</run_address>
         <size>0x2f8</size>
         <input_file_ref idref="fl-e"/>
      </object_component>
      <object_component id="oc-1ff">
         <name>.debug_info</name>
         <load_address>0xbff2</load_address>
         <run_address>0xbff2</run_address>
         <size>0xaa</size>
         <input_file_ref idref="fl-143"/>
      </object_component>
      <object_component id="oc-205">
         <name>.debug_info</name>
         <load_address>0xc09c</load_address>
         <run_address>0xc09c</run_address>
         <size>0xf3</size>
         <input_file_ref idref="fl-5"/>
      </object_component>
      <object_component id="oc-208">
         <name>.debug_info</name>
         <load_address>0xc18f</load_address>
         <run_address>0xc18f</run_address>
         <size>0x169</size>
         <input_file_ref idref="fl-2"/>
      </object_component>
      <object_component id="oc-20d">
         <name>.debug_info</name>
         <load_address>0xc2f8</load_address>
         <run_address>0xc2f8</run_address>
         <size>0xc8</size>
         <input_file_ref idref="fl-2"/>
      </object_component>
      <object_component id="oc-214">
         <name>.debug_info</name>
         <load_address>0xc3c0</load_address>
         <run_address>0xc3c0</run_address>
         <size>0xcd</size>
         <input_file_ref idref="fl-14e"/>
      </object_component>
      <object_component id="oc-21c">
         <name>.debug_info</name>
         <load_address>0xc48d</load_address>
         <run_address>0xc48d</run_address>
         <size>0x69</size>
         <input_file_ref idref="fl-6"/>
      </object_component>
      <object_component id="oc-221">
         <name>.debug_info</name>
         <load_address>0xc4f6</load_address>
         <run_address>0xc4f6</run_address>
         <size>0x2c</size>
         <input_file_ref idref="fl-2"/>
      </object_component>
      <object_component id="oc-249">
         <name>.debug_info</name>
         <load_address>0xc522</load_address>
         <run_address>0xc522</run_address>
         <size>0xad</size>
      </object_component>
      <object_component id="oc-10">
         <name>.debug_aranges</name>
         <load_address>0x0</load_address>
         <run_address>0x0</run_address>
         <size>0x20</size>
         <input_file_ref idref="fl-13e"/>
      </object_component>
      <object_component id="oc-16">
         <name>.debug_aranges</name>
         <load_address>0x20</load_address>
         <run_address>0x20</run_address>
         <size>0x20</size>
         <input_file_ref idref="fl-13f"/>
      </object_component>
      <object_component id="oc-19">
         <name>.debug_aranges</name>
         <load_address>0x40</load_address>
         <run_address>0x40</run_address>
         <size>0x20</size>
         <input_file_ref idref="fl-141"/>
      </object_component>
      <object_component id="oc-1e">
         <name>.debug_aranges</name>
         <load_address>0x60</load_address>
         <run_address>0x60</run_address>
         <size>0x20</size>
         <input_file_ref idref="fl-140"/>
      </object_component>
      <object_component id="oc-29">
         <name>.debug_aranges</name>
         <load_address>0x80</load_address>
         <run_address>0x80</run_address>
         <size>0x38</size>
         <input_file_ref idref="fl-d"/>
      </object_component>
      <object_component id="oc-2e">
         <name>.debug_aranges</name>
         <load_address>0xb8</load_address>
         <run_address>0xb8</run_address>
         <size>0x88</size>
         <input_file_ref idref="fl-f"/>
      </object_component>
      <object_component id="oc-33">
         <name>.debug_aranges</name>
         <load_address>0x140</load_address>
         <run_address>0x140</run_address>
         <size>0xa8</size>
         <input_file_ref idref="fl-c"/>
      </object_component>
      <object_component id="oc-3a">
         <name>.debug_aranges</name>
         <load_address>0x1e8</load_address>
         <run_address>0x1e8</run_address>
         <size>0x28</size>
         <input_file_ref idref="fl-14d"/>
      </object_component>
      <object_component id="oc-3f">
         <name>.debug_aranges</name>
         <load_address>0x210</load_address>
         <run_address>0x210</run_address>
         <size>0x20</size>
         <input_file_ref idref="fl-14b"/>
      </object_component>
      <object_component id="oc-41">
         <name>.debug_aranges</name>
         <load_address>0x230</load_address>
         <run_address>0x230</run_address>
         <size>0x30</size>
         <input_file_ref idref="fl-142"/>
      </object_component>
      <object_component id="oc-4b">
         <name>.debug_aranges</name>
         <load_address>0x260</load_address>
         <run_address>0x260</run_address>
         <size>0x20</size>
         <input_file_ref idref="fl-144"/>
      </object_component>
      <object_component id="oc-5c">
         <name>.debug_aranges</name>
         <load_address>0x280</load_address>
         <run_address>0x280</run_address>
         <size>0x20</size>
         <input_file_ref idref="fl-140"/>
      </object_component>
      <object_component id="oc-6e">
         <name>.debug_aranges</name>
         <load_address>0x2a0</load_address>
         <run_address>0x2a0</run_address>
         <size>0xd8</size>
         <input_file_ref idref="fl-10"/>
      </object_component>
      <object_component id="oc-73">
         <name>.debug_aranges</name>
         <load_address>0x378</load_address>
         <run_address>0x378</run_address>
         <size>0x98</size>
         <input_file_ref idref="fl-7"/>
      </object_component>
      <object_component id="oc-78">
         <name>.debug_aranges</name>
         <load_address>0x410</load_address>
         <run_address>0x410</run_address>
         <size>0x40</size>
         <input_file_ref idref="fl-6"/>
      </object_component>
      <object_component id="oc-93">
         <name>.debug_aranges</name>
         <load_address>0x450</load_address>
         <run_address>0x450</run_address>
         <size>0x28</size>
         <input_file_ref idref="fl-e"/>
      </object_component>
      <object_component id="oc-98">
         <name>.debug_aranges</name>
         <load_address>0x478</load_address>
         <run_address>0x478</run_address>
         <size>0x88</size>
         <input_file_ref idref="fl-2"/>
      </object_component>
      <object_component id="oc-ca">
         <name>.debug_aranges</name>
         <load_address>0x500</load_address>
         <run_address>0x500</run_address>
         <size>0x28</size>
         <input_file_ref idref="fl-148"/>
      </object_component>
      <object_component id="oc-de">
         <name>.debug_aranges</name>
         <load_address>0x528</load_address>
         <run_address>0x528</run_address>
         <size>0x20</size>
         <input_file_ref idref="fl-14e"/>
      </object_component>
      <object_component id="oc-113">
         <name>.debug_aranges</name>
         <load_address>0x548</load_address>
         <run_address>0x548</run_address>
         <size>0x28</size>
         <input_file_ref idref="fl-145"/>
      </object_component>
      <object_component id="oc-19b">
         <name>.debug_aranges</name>
         <load_address>0x570</load_address>
         <run_address>0x570</run_address>
         <size>0x20</size>
         <input_file_ref idref="fl-143"/>
      </object_component>
      <object_component id="oc-1a6">
         <name>.debug_aranges</name>
         <load_address>0x590</load_address>
         <run_address>0x590</run_address>
         <size>0x38</size>
         <input_file_ref idref="fl-5"/>
      </object_component>
      <object_component id="oc-1c8">
         <name>.debug_aranges</name>
         <load_address>0x5c8</load_address>
         <run_address>0x5c8</run_address>
         <size>0x30</size>
         <input_file_ref idref="fl-149"/>
      </object_component>
      <object_component id="oc-11">
         <name>.debug_line</name>
         <load_address>0x0</load_address>
         <run_address>0x0</run_address>
         <size>0x4f</size>
         <input_file_ref idref="fl-13e"/>
      </object_component>
      <object_component id="oc-17">
         <name>.debug_line</name>
         <load_address>0x4f</load_address>
         <run_address>0x4f</run_address>
         <size>0x55</size>
         <input_file_ref idref="fl-13f"/>
      </object_component>
      <object_component id="oc-1b">
         <name>.debug_line</name>
         <load_address>0xa4</load_address>
         <run_address>0xa4</run_address>
         <size>0x4c</size>
         <input_file_ref idref="fl-141"/>
      </object_component>
      <object_component id="oc-1f">
         <name>.debug_line</name>
         <load_address>0xf0</load_address>
         <run_address>0xf0</run_address>
         <size>0x4b</size>
         <input_file_ref idref="fl-140"/>
      </object_component>
      <object_component id="oc-27">
         <name>.debug_line</name>
         <load_address>0x13b</load_address>
         <run_address>0x13b</run_address>
         <size>0x94</size>
         <input_file_ref idref="fl-d"/>
      </object_component>
      <object_component id="oc-2c">
         <name>.debug_line</name>
         <load_address>0x1cf</load_address>
         <run_address>0x1cf</run_address>
         <size>0x2d8</size>
         <input_file_ref idref="fl-f"/>
      </object_component>
      <object_component id="oc-31">
         <name>.debug_line</name>
         <load_address>0x4a7</load_address>
         <run_address>0x4a7</run_address>
         <size>0x533</size>
         <input_file_ref idref="fl-c"/>
      </object_component>
      <object_component id="oc-35">
         <name>.debug_line</name>
         <load_address>0x9da</load_address>
         <run_address>0x9da</run_address>
         <size>0x34</size>
         <input_file_ref idref="fl-d"/>
      </object_component>
      <object_component id="oc-39">
         <name>.debug_line</name>
         <load_address>0xa0e</load_address>
         <run_address>0xa0e</run_address>
         <size>0x87</size>
         <input_file_ref idref="fl-14d"/>
      </object_component>
      <object_component id="oc-3d">
         <name>.debug_line</name>
         <load_address>0xa95</load_address>
         <run_address>0xa95</run_address>
         <size>0x50</size>
         <input_file_ref idref="fl-14b"/>
      </object_component>
      <object_component id="oc-43">
         <name>.debug_line</name>
         <load_address>0xae5</load_address>
         <run_address>0xae5</run_address>
         <size>0x7a</size>
         <input_file_ref idref="fl-142"/>
      </object_component>
      <object_component id="oc-4a">
         <name>.debug_line</name>
         <load_address>0xb5f</load_address>
         <run_address>0xb5f</run_address>
         <size>0x88</size>
         <input_file_ref idref="fl-144"/>
      </object_component>
      <object_component id="oc-4f">
         <name>.debug_line</name>
         <load_address>0xbe7</load_address>
         <run_address>0xbe7</run_address>
         <size>0x3a</size>
         <input_file_ref idref="fl-13f"/>
      </object_component>
      <object_component id="oc-56">
         <name>.debug_line</name>
         <load_address>0xc21</load_address>
         <run_address>0xc21</run_address>
         <size>0x34</size>
         <input_file_ref idref="fl-141"/>
      </object_component>
      <object_component id="oc-5d">
         <name>.debug_line</name>
         <load_address>0xc55</load_address>
         <run_address>0xc55</run_address>
         <size>0x8c</size>
         <input_file_ref idref="fl-140"/>
      </object_component>
      <object_component id="oc-63">
         <name>.debug_line</name>
         <load_address>0xce1</load_address>
         <run_address>0xce1</run_address>
         <size>0x39</size>
         <input_file_ref idref="fl-140"/>
      </object_component>
      <object_component id="oc-67">
         <name>.debug_line</name>
         <load_address>0xd1a</load_address>
         <run_address>0xd1a</run_address>
         <size>0x2c</size>
         <input_file_ref idref="fl-16d"/>
      </object_component>
      <object_component id="oc-6c">
         <name>.debug_line</name>
         <load_address>0xd46</load_address>
         <run_address>0xd46</run_address>
         <size>0x462</size>
         <input_file_ref idref="fl-10"/>
      </object_component>
      <object_component id="oc-71">
         <name>.debug_line</name>
         <load_address>0x11a8</load_address>
         <run_address>0x11a8</run_address>
         <size>0x82d</size>
         <input_file_ref idref="fl-7"/>
      </object_component>
      <object_component id="oc-76">
         <name>.debug_line</name>
         <load_address>0x19d5</load_address>
         <run_address>0x19d5</run_address>
         <size>0x1ca</size>
         <input_file_ref idref="fl-6"/>
      </object_component>
      <object_component id="oc-91">
         <name>.debug_line</name>
         <load_address>0x1b9f</load_address>
         <run_address>0x1b9f</run_address>
         <size>0x171</size>
         <input_file_ref idref="fl-e"/>
      </object_component>
      <object_component id="oc-96">
         <name>.debug_line</name>
         <load_address>0x1d10</load_address>
         <run_address>0x1d10</run_address>
         <size>0x2f9</size>
         <input_file_ref idref="fl-2"/>
      </object_component>
      <object_component id="oc-ac">
         <name>.debug_line</name>
         <load_address>0x2009</load_address>
         <run_address>0x2009</run_address>
         <size>0x20</size>
         <input_file_ref idref="fl-2"/>
      </object_component>
      <object_component id="oc-b1">
         <name>.debug_line</name>
         <load_address>0x2029</load_address>
         <run_address>0x2029</run_address>
         <size>0x59</size>
         <input_file_ref idref="fl-2"/>
      </object_component>
      <object_component id="oc-b6">
         <name>.debug_line</name>
         <load_address>0x2082</load_address>
         <run_address>0x2082</run_address>
         <size>0x6a</size>
         <input_file_ref idref="fl-2"/>
      </object_component>
      <object_component id="oc-bb">
         <name>.debug_line</name>
         <load_address>0x20ec</load_address>
         <run_address>0x20ec</run_address>
         <size>0x6f</size>
         <input_file_ref idref="fl-2"/>
      </object_component>
      <object_component id="oc-cb">
         <name>.debug_line</name>
         <load_address>0x215b</load_address>
         <run_address>0x215b</run_address>
         <size>0x69</size>
         <input_file_ref idref="fl-148"/>
      </object_component>
      <object_component id="oc-d0">
         <name>.debug_line</name>
         <load_address>0x21c4</load_address>
         <run_address>0x21c4</run_address>
         <size>0x43</size>
         <input_file_ref idref="fl-c"/>
      </object_component>
      <object_component id="oc-d5">
         <name>.debug_line</name>
         <load_address>0x2207</load_address>
         <run_address>0x2207</run_address>
         <size>0x59</size>
         <input_file_ref idref="fl-2"/>
      </object_component>
      <object_component id="oc-d9">
         <name>.debug_line</name>
         <load_address>0x2260</load_address>
         <run_address>0x2260</run_address>
         <size>0x34</size>
         <input_file_ref idref="fl-d"/>
      </object_component>
      <object_component id="oc-db">
         <name>.debug_line</name>
         <load_address>0x2294</load_address>
         <run_address>0x2294</run_address>
         <size>0x6d</size>
         <input_file_ref idref="fl-14e"/>
      </object_component>
      <object_component id="oc-e9">
         <name>.debug_line</name>
         <load_address>0x2301</load_address>
         <run_address>0x2301</run_address>
         <size>0x33</size>
         <input_file_ref idref="fl-147"/>
      </object_component>
      <object_component id="oc-ed">
         <name>.debug_line</name>
         <load_address>0x2334</load_address>
         <run_address>0x2334</run_address>
         <size>0x44</size>
         <input_file_ref idref="fl-13f"/>
      </object_component>
      <object_component id="oc-f1">
         <name>.debug_line</name>
         <load_address>0x2378</load_address>
         <run_address>0x2378</run_address>
         <size>0x20</size>
         <input_file_ref idref="fl-13f"/>
      </object_component>
      <object_component id="oc-f4">
         <name>.debug_line</name>
         <load_address>0x2398</load_address>
         <run_address>0x2398</run_address>
         <size>0x59</size>
         <input_file_ref idref="fl-3"/>
      </object_component>
      <object_component id="oc-f8">
         <name>.debug_line</name>
         <load_address>0x23f1</load_address>
         <run_address>0x23f1</run_address>
         <size>0x20</size>
         <input_file_ref idref="fl-141"/>
      </object_component>
      <object_component id="oc-fb">
         <name>.debug_line</name>
         <load_address>0x2411</load_address>
         <run_address>0x2411</run_address>
         <size>0x20</size>
         <input_file_ref idref="fl-140"/>
      </object_component>
      <object_component id="oc-fd">
         <name>.debug_line</name>
         <load_address>0x2431</load_address>
         <run_address>0x2431</run_address>
         <size>0x73</size>
         <input_file_ref idref="fl-16d"/>
      </object_component>
      <object_component id="oc-100">
         <name>.debug_line</name>
         <load_address>0x24a4</load_address>
         <run_address>0x24a4</run_address>
         <size>0x44</size>
         <input_file_ref idref="fl-16c"/>
      </object_component>
      <object_component id="oc-105">
         <name>.debug_line</name>
         <load_address>0x24e8</load_address>
         <run_address>0x24e8</run_address>
         <size>0x2c</size>
         <input_file_ref idref="fl-16d"/>
      </object_component>
      <object_component id="oc-114">
         <name>.debug_line</name>
         <load_address>0x2514</load_address>
         <run_address>0x2514</run_address>
         <size>0x79</size>
         <input_file_ref idref="fl-145"/>
      </object_component>
      <object_component id="oc-15f">
         <name>.debug_line</name>
         <load_address>0x258d</load_address>
         <run_address>0x258d</run_address>
         <size>0x68</size>
         <input_file_ref idref="fl-2"/>
      </object_component>
      <object_component id="oc-178">
         <name>.debug_line</name>
         <load_address>0x25f5</load_address>
         <run_address>0x25f5</run_address>
         <size>0x15e</size>
         <input_file_ref idref="fl-f"/>
      </object_component>
      <object_component id="oc-17b">
         <name>.debug_line</name>
         <load_address>0x2753</load_address>
         <run_address>0x2753</run_address>
         <size>0x78</size>
         <input_file_ref idref="fl-2"/>
      </object_component>
      <object_component id="oc-17f">
         <name>.debug_line</name>
         <load_address>0x27cb</load_address>
         <run_address>0x27cb</run_address>
         <size>0x12b</size>
         <input_file_ref idref="fl-7"/>
      </object_component>
      <object_component id="oc-181">
         <name>.debug_line</name>
         <load_address>0x28f6</load_address>
         <run_address>0x28f6</run_address>
         <size>0x38</size>
         <input_file_ref idref="fl-7"/>
      </object_component>
      <object_component id="oc-183">
         <name>.debug_line</name>
         <load_address>0x292e</load_address>
         <run_address>0x292e</run_address>
         <size>0x38</size>
         <input_file_ref idref="fl-7"/>
      </object_component>
      <object_component id="oc-185">
         <name>.debug_line</name>
         <load_address>0x2966</load_address>
         <run_address>0x2966</run_address>
         <size>0x38</size>
         <input_file_ref idref="fl-7"/>
      </object_component>
      <object_component id="oc-187">
         <name>.debug_line</name>
         <load_address>0x299e</load_address>
         <run_address>0x299e</run_address>
         <size>0x2d</size>
         <input_file_ref idref="fl-f"/>
      </object_component>
      <object_component id="oc-198">
         <name>.debug_line</name>
         <load_address>0x29cb</load_address>
         <run_address>0x29cb</run_address>
         <size>0x64</size>
         <input_file_ref idref="fl-143"/>
      </object_component>
      <object_component id="oc-1a4">
         <name>.debug_line</name>
         <load_address>0x2a2f</load_address>
         <run_address>0x2a2f</run_address>
         <size>0xa8</size>
         <input_file_ref idref="fl-5"/>
      </object_component>
      <object_component id="oc-1ae">
         <name>.debug_line</name>
         <load_address>0x2ad7</load_address>
         <run_address>0x2ad7</run_address>
         <size>0x2d</size>
         <input_file_ref idref="fl-f"/>
      </object_component>
      <object_component id="oc-1b0">
         <name>.debug_line</name>
         <load_address>0x2b04</load_address>
         <run_address>0x2b04</run_address>
         <size>0x38</size>
         <input_file_ref idref="fl-7"/>
      </object_component>
      <object_component id="oc-1b2">
         <name>.debug_line</name>
         <load_address>0x2b3c</load_address>
         <run_address>0x2b3c</run_address>
         <size>0x46</size>
         <input_file_ref idref="fl-c"/>
      </object_component>
      <object_component id="oc-1b5">
         <name>.debug_line</name>
         <load_address>0x2b82</load_address>
         <run_address>0x2b82</run_address>
         <size>0x46</size>
         <input_file_ref idref="fl-c"/>
      </object_component>
      <object_component id="oc-1b7">
         <name>.debug_line</name>
         <load_address>0x2bc8</load_address>
         <run_address>0x2bc8</run_address>
         <size>0x46</size>
         <input_file_ref idref="fl-c"/>
      </object_component>
      <object_component id="oc-1b9">
         <name>.debug_line</name>
         <load_address>0x2c0e</load_address>
         <run_address>0x2c0e</run_address>
         <size>0x46</size>
         <input_file_ref idref="fl-c"/>
      </object_component>
      <object_component id="oc-1bb">
         <name>.debug_line</name>
         <load_address>0x2c54</load_address>
         <run_address>0x2c54</run_address>
         <size>0x46</size>
         <input_file_ref idref="fl-c"/>
      </object_component>
      <object_component id="oc-1c0">
         <name>.debug_line</name>
         <load_address>0x2c9a</load_address>
         <run_address>0x2c9a</run_address>
         <size>0x2b</size>
         <input_file_ref idref="fl-14b"/>
      </object_component>
      <object_component id="oc-1c3">
         <name>.debug_line</name>
         <load_address>0x2cc5</load_address>
         <run_address>0x2cc5</run_address>
         <size>0x2b</size>
         <input_file_ref idref="fl-14b"/>
      </object_component>
      <object_component id="oc-1c7">
         <name>.debug_line</name>
         <load_address>0x2cf0</load_address>
[...]
            <run_size>0xc13</run_size>
            <compression>zero_init</compression>
         </cprec>
      </cptbl>
   </cptbl_list>
   <handler_table>
      <handler_table_name>__TI_handler_table</handler_table_name>
      <handler>
         <index>0x0</index>
         <name>__TI_decompress_rle24</name>
      </handler>
      <handler>
         <index>0x1</index>
         <name>__TI_decompress_none</name>
      </handler>
      <handler>
         <index>0x2</index>
         <name>__TI_zero_init</name>
      </handler>
   </handler_table>
   <symbol_table>
      <symbol id="sm-1">
         <name>__STACK_TOP</name>
         <value>0x200014e8</value>
      </symbol>
      <symbol id="sm-2">
         <name>__TI_CINIT_Base</name>
         <value>0x4728</value>
      </symbol>
      <symbol id="sm-3">
         <name>__TI_CINIT_Limit</name>
         <value>0x4738</value>
      </symbol>
      <symbol id="sm-4">
         <name>__TI_Handler_Table_Base</name>
         <value>0x4714</value>
      </symbol>
      <symbol id="sm-5">
         <name>__TI_Handler_Table_Limit</name>
         <value>0x4720</value>
      </symbol>
      <symbol id="sm-6">
         <name>binit</name>
         <value>0xffffffff</value>
      </symbol>
      <symbol id="sm-7">
         <name>__binit__</name>
         <value>0xffffffff</value>
      </symbol>
      <symbol id="sm-8">
         <name>__STACK_SIZE</name>
         <value>0x200</value>
      </symbol>
      <symbol id="sm-9">
         <name>__STACK_END</name>
         <value>0x200015e8</value>
      </symbol>
      <symbol id="sm-a">
         <name>__SYSMEM_SIZE</name>
         <value>0x7d0</value>
      </symbol>
      <symbol id="sm-b">
         <name>__c_args__</name>
         <value>0xffffffff</value>
      </symbol>
      <symbol id="sm-cd">
         <name>dhcpc_request</name>
         <value>0x3a25</value>
         <object_component_ref idref="oc-94"/>
      </symbol>
      <symbol id="sm-ce">
         <name>dhcpc_appcall</name>
         <value>0x3a0f</value>
         <object_component_ref idref="oc-94"/>
      </symbol>
      <symbol id="sm-cf">
         <name>dhcpc_init</name>
         <value>0x39c1</value>
         <object_component_ref idref="oc-94"/>
      </symbol>
      <symbol id="sm-e6">
         <name>timer_set</name>
         <value>0x44b3</value>
         <object_component_ref idref="oc-1a2"/>
      </symbol>
      <symbol id="sm-e7">
         <name>timer_restart</name>
         <value>0x44df</value>
         <object_component_ref idref="oc-1a2"/>
      </symbol>
      <symbol id="sm-e8">
         <name>timer_expired</name>
         <value>0x44ed</value>
         <object_component_ref idref="oc-1a2"/>
      </symbol>
      <symbol id="sm-e9">
         <name>timer_reset</name>
         <value>0x44c9</value>
         <object_component_ref idref="oc-1a2"/>
      </symbol>
      <symbol id="sm-15b">
         <name>uip_arp_init</name>
         <value>0x3a81</value>
         <object_component_ref idref="oc-74"/>
      </symbol>
      <symbol id="sm-15c">
         <name>uip_arp_arpin</name>
         <value>0x3c45</value>
         <object_component_ref idref="oc-74"/>
      </symbol>
      <symbol id="sm-15d">
         <name>uip_arp_timer</name>
         <value>0x3ab9</value>
         <object_component_ref idref="oc-74"/>
      </symbol>
      <symbol id="sm-15e">
         <name>uip_arp_out</name>
         <value>0x3d31</value>
         <object_component_ref idref="oc-74"/>
      </symbol>
      <symbol id="sm-376">
         <name>uip_hostaddr</name>
         <value>0x20000bec</value>
      </symbol>
      <symbol id="sm-377">
         <name>uip_draddr</name>
         <value>0x20000be8</value>
      </symbol>
      <symbol id="sm-378">
         <name>uip_netmask</name>
         <value>0x20000bf0</value>
      </symbol>
      <symbol id="sm-379">
         <name>uip_appdata</name>
         <value>0x20000be0</value>
      </symbol>
      <symbol id="sm-37a">
         <name>uip_sappdata</name>
         <value>0x20000bf4</value>
      </symbol>
      <symbol id="sm-37b">
         <name>uip_len</name>
         <value>0x20000c06</value>
      </symbol>
      <symbol id="sm-37c">
         <name>uip_slen</name>
         <value>0x20000c08</value>
      </symbol>
      <symbol id="sm-37d">
         <name>uip_flags</name>
         <value>0x20000c12</value>
      </symbol>
      <symbol id="sm-37e">
         <name>uip_conn</name>
         <value>0x20000be4</value>
      </symbol>
      <symbol id="sm-37f">
         <name>uip_listenports</name>
         <value>0x20000ba4</value>
      </symbol>
      <symbol id="sm-380">
         <name>uip_udp_conn</name>
         <value>0x20000bf8</value>
      </symbol>
      <symbol id="sm-381">
         <name>uip_acc32</name>
         <value>0x20000bdc</value>
      </symbol>
      <symbol id="sm-382">
         <name>uip_setipid</name>
         <value>0x26d</value>
         <object_component_ref idref="oc-6f"/>
      </symbol>
      <symbol id="sm-383">
         <name>uip_connect</name>
         <value>0x50d</value>
         <object_component_ref idref="oc-6f"/>
      </symbol>
      <symbol id="sm-384">
         <name>htons</name>
         <value>0x1a85</value>
         <object_component_ref idref="oc-6f"/>
      </symbol>
      <symbol id="sm-385">
         <name>uip_ipchksum</name>
         <value>0x3d9</value>
         <object_component_ref idref="oc-6f"/>
      </symbol>
      <symbol id="sm-386">
         <name>uip_ethaddr</name>
         <value>0x20001610</value>
         <object_component_ref idref="oc-a1"/>
      </symbol>
      <symbol id="sm-387">
         <name>uip_stat</name>
         <value>0x20000b70</value>
         <object_component_ref idref="oc-129"/>
      </symbol>
      <symbol id="sm-388">
         <name>uip_udp_new</name>
         <value>0x621</value>
         <object_component_ref idref="oc-6f"/>
      </symbol>
      <symbol id="sm-389">
         <name>uip_buf</name>
         <value>0x20000400</value>
         <object_component_ref idref="oc-82"/>
      </symbol>
      <symbol id="sm-38a">
         <name>uip_udp_conns</name>
         <value>0x200007ec</value>
         <object_component_ref idref="oc-85"/>
      </symbol>
      <symbol id="sm-38b">
         <name>uip_conns</name>
         <value>0x20000ae4</value>
         <object_component_ref idref="oc-7f"/>
      </symbol>
      <symbol id="sm-38c">
         <name>uip_unlisten</name>
         <value>0x6f9</value>
         <object_component_ref idref="oc-6f"/>
      </symbol>
      <symbol id="sm-38d">
         <name>uip_add32</name>
         <value>0x281</value>
         <object_component_ref idref="oc-6f"/>
      </symbol>
      <symbol id="sm-38e">
         <name>uip_listen</name>
         <value>0x751</value>
         <object_component_ref idref="oc-6f"/>
      </symbol>
      <symbol id="sm-38f">
         <name>uip_init</name>
         <value>0x46b</value>
         <object_component_ref idref="oc-6f"/>
      </symbol>
      <symbol id="sm-390">
         <name>uip_send</name>
         <value>0x1aa1</value>
         <object_component_ref idref="oc-6f"/>
      </symbol>
      <symbol id="sm-391">
         <name>uip_chksum</name>
         <value>0x3bf</value>
         <object_component_ref idref="oc-6f"/>
      </symbol>
      <symbol id="sm-392">
         <name>uip_tcpchksum</name>
         <value>0x461</value>
         <object_component_ref idref="oc-6f"/>
      </symbol>
      <symbol id="sm-393">
         <name>uip_process</name>
         <value>0x80d</value>
         <object_component_ref idref="oc-6f"/>
      </symbol>
      <symbol id="sm-457">
         <name>UARTTxBytesFree</name>
         <value>0x2b8b</value>
         <object_component_ref idref="oc-2f"/>
      </symbol>
      <symbol id="sm-458">
         <name>UARTFlushRx</name>
         <value>0x2bf9</value>
         <object_component_ref idref="oc-2f"/>
      </symbol>
      <symbol id="sm-459">
         <name>UARTgetc</name>
         <value>0x2815</value>
         <object_component_ref idref="oc-2f"/>
      </symbol>
      <symbol id="sm-45a">
         <name>UARTgets</name>
         <value>0x2799</value>
         <object_component_ref idref="oc-2f"/>
      </symbol>
      <symbol id="sm-45b">
         <name>UARTFlushTx</name>
         <value>0x2c23</value>
         <object_component_ref idref="oc-2f"/>
      </symbol>
      <symbol id="sm-45c">
         <name>UARTStdioConfig</name>
         <value>0x2607</value>
         <object_component_ref idref="oc-2f"/>
      </symbol>
      <symbol id="sm-45d">
         <name>UARTStdioInit</name>
         <value>0x26bf</value>
         <object_component_ref idref="oc-2f"/>
      </symbol>
      <symbol id="sm-45e">
         <name>UARTStdioInitExpClk</name>
         <value>0x26d9</value>
         <object_component_ref idref="oc-2f"/>
      </symbol>
      <symbol id="sm-45f">
         <name>UARTStdioIntHandler</name>
         <value>0x2c8d</value>
         <object_component_ref idref="oc-2f"/>
      </symbol>
      <symbol id="sm-460">
         <name>UARTRxBytesAvail</name>
         <value>0x2b7d</value>
         <object_component_ref idref="oc-2f"/>
      </symbol>
      <symbol id="sm-461">
         <name>UARTwrite</name>
         <value>0x26f3</value>
         <object_component_ref idref="oc-2f"/>
      </symbol>
      <symbol id="sm-462">
         <name>UARTPeek</name>
         <value>0x2b9f</value>
         <object_component_ref idref="oc-2f"/>
      </symbol>
      <symbol id="sm-463">
         <name>UARTEchoSet</name>
         <value>0x2c61</value>
         <object_component_ref idref="oc-2f"/>
      </symbol>
      <symbol id="sm-464">
         <name>UARTprintf</name>
         <value>0x287d</value>
         <object_component_ref idref="oc-2f"/>
      </symbol>
      <symbol id="sm-47e">
         <name>ResetISR</name>
         <value>0x468d</value>
         <object_component_ref idref="oc-25"/>
      </symbol>
      <symbol id="sm-47f">
         <name>g_pfnVectors</name>
         <value>0x0</value>
         <object_component_ref idref="oc-d"/>
      </symbol>
      <symbol id="sm-4bc">
         <name>request</name>
         <value>0x20000bd4</value>
      </symbol>
      <symbol id="sm-4bd">
         <name>wResponse</name>
         <value>0x20000bfc</value>
      </symbol>
      <symbol id="sm-4be">
         <name>rResponse</name>
         <value>0x20000bd0</value>
      </symbol>
      <symbol id="sm-4bf">
         <name>error</name>
         <value>0x20000bb4</value>
      </symbol>
      <symbol id="sm-4c0">
         <name>request23</name>
         <value>0x20000bd8</value>
      </symbol>
      <symbol id="sm-4c1">
         <name>modbusd_appcall</name>
         <value>0x3f31</value>
         <object_component_ref idref="oc-8f"/>
      </symbol>
      <symbol id="sm-4c2">
         <name>buf</name>
         <value>0x200008ec</value>
         <object_component_ref idref="oc-18e"/>
      </symbol>
      <symbol id="sm-4c3">
         <name>modRegisters</name>
         <value>0x20000a04</value>
         <object_component_ref idref="oc-192"/>
      </symbol>
      <symbol id="sm-4c4">
         <name>mobdusd_init</name>
         <value>0x3f25</value>
         <object_component_ref idref="oc-8f"/>
      </symbol>
      <symbol id="sm-548">
         <name>lPeriodicTimer</name>
         <value>0x20000bcc</value>
      </symbol>
      <symbol id="sm-549">
         <name>lARPTimer</name>
         <value>0x20000bc8</value>
      </symbol>
      <symbol id="sm-54a">
         <name>g_ulTickCounter</name>
         <value>0x20001618</value>
         <object_component_ref idref="oc-8d"/>
      </symbol>
      <symbol id="sm-54b">
         <name>SysTickIntHandler</name>
         <value>0x2fd7</value>
         <object_component_ref idref="oc-2a"/>
      </symbol>
      <symbol id="sm-54c">
         <name>spi_mem_write</name>
         <value>0x31c9</value>
         <object_component_ref idref="oc-2a"/>
      </symbol>
      <symbol id="sm-54d">
         <name>spi_mem_read</name>
         <value>0x3251</value>
         <object_component_ref idref="oc-2a"/>
      </symbol>
      <symbol id="sm-54e">
         <name>uip_log</name>
         <value>0x32d5</value>
         <object_component_ref idref="oc-2a"/>
      </symbol>
      <symbol id="sm-54f">
         <name>GPIOPortEIntHandler</name>
         <value>0x2fff</value>
         <object_component_ref idref="oc-2a"/>
      </symbol>
      <symbol id="sm-550">
         <name>main</name>
         <value>0x2e19</value>
         <object_component_ref idref="oc-2a"/>
      </symbol>
      <symbol id="sm-551">
         <name>dhcpc_configured</name>
         <value>0x2f7d</value>
         <object_component_ref idref="oc-2a"/>
      </symbol>
      <symbol id="sm-552">
         <name>startup</name>
         <value>0x332d</value>
         <object_component_ref idref="oc-2a"/>
      </symbol>
      <symbol id="sm-553">
         <name>spi_send</name>
         <value>0x2f53</value>
         <object_component_ref idref="oc-2a"/>
      </symbol>
      <symbol id="sm-554">
         <name>clock_time</name>
         <value>0x2ff9</value>
         <object_component_ref idref="oc-2a"/>
      </symbol>
      <symbol id="sm-555">
         <name>mac_addr</name>
         <value>0x46f4</value>
         <object_component_ref idref="oc-99"/>
      </symbol>
      <symbol id="sm-5b4">
         <name>enc_action</name>
         <value>0x2389</value>
         <object_component_ref idref="oc-6a"/>
      </symbol>
      <symbol id="sm-5b5">
         <name>enc_send_packet</name>
         <value>0x23b9</value>
         <object_component_ref idref="oc-6a"/>
      </symbol>
      <symbol id="sm-5b6">
         <name>enc_get_mac_addr</name>
         <value>0x20b3</value>
         <object_component_ref idref="oc-6a"/>
      </symbol>
      <symbol id="sm-5b7">
         <name>enc_init</name>
         <value>0x2105</value>
         <object_component_ref idref="oc-6a"/>
      </symbol>
      <symbol id="sm-5b8">
         <name>enc_reset</name>
         <value>0x1b89</value>
         <object_component_ref idref="oc-6a"/>
      </symbol>
      <symbol id="sm-5b9">
         <name>enc_phy_write</name>
         <value>0x1f93</value>
         <object_component_ref idref="oc-6a"/>
      </symbol>
      <symbol id="sm-5c8">
         <name>_c_int00</name>
         <value>0x450d</value>
         <object_component_ref idref="oc-f"/>
      </symbol>
      <symbol id="sm-5c9">
         <name>__stack</name>
         <value>0x200013e8</value>
         <object_component_ref idref="oc-22"/>
      </symbol>
      <symbol id="sm-5df">
         <name>__TI_decompress_none</name>
         <value>0x467f</value>
         <object_component_ref idref="oc-13"/>
      </symbol>
      <symbol id="sm-601">
         <name>__TI_decompress_rle24</name>
         <value>0x4699</value>
         <object_component_ref idref="oc-1d"/>
      </symbol>
      <symbol id="sm-614">
         <name>__TI_zero_init</name>
         <value>0x466d</value>
         <object_component_ref idref="oc-18"/>
      </symbol>
      <symbol id="sm-630">
         <name>C$$EXIT</name>
         <value>0x4599</value>
         <object_component_ref idref="oc-40"/>
      </symbol>
      <symbol id="sm-631">
         <name>abort</name>
         <value>0x459d</value>
         <object_component_ref idref="oc-40"/>
      </symbol>
      <symbol id="sm-632">
         <name>exit</name>
         <value>0x45a5</value>
         <object_component_ref idref="oc-40"/>
      </symbol>
      <symbol id="sm-633">
         <name>__TI_dtors_ptr</name>
         <value>0x2000160c</value>
         <object_component_ref idref="oc-e4"/>
      </symbol>
      <symbol id="sm-634">
         <name>__TI_cleanup_ptr</name>
         <value>0x20001608</value>
         <object_component_ref idref="oc-e4"/>
      </symbol>
      <symbol id="sm-643">
         <name>memcmp</name>
         <value>0x461f</value>
         <object_component_ref idref="oc-197"/>
      </symbol>
      <symbol id="sm-65d">
         <name>memcpy</name>
         <value>0x42ad</value>
         <object_component_ref idref="oc-48"/>
      </symbol>
      <symbol id="sm-65e">
         <name>__aeabi_memcpy</name>
         <value>0x42ad</value>
         <object_component_ref idref="oc-48"/>
      </symbol>
      <symbol id="sm-65f">
         <name>__aeabi_memcpy8</name>
         <value>0x42ad</value>
         <object_component_ref idref="oc-48"/>
      </symbol>
      <symbol id="sm-660">
         <name>__aeabi_memcpy4</name>
         <value>0x42ad</value>
         <object_component_ref idref="oc-48"/>
      </symbol>
      <symbol id="sm-66e">
         <name>__aeabi_memset</name>
         <value>0x43df</value>
         <object_component_ref idref="oc-112"/>
      </symbol>
      <symbol id="sm-66f">
         <name>memset</name>
         <value>0x43e5</value>
         <object_component_ref idref="oc-112"/>
      </symbol>
      <symbol id="sm-670">
         <name>__aeabi_memset8</name>
         <value>0x43df</value>
         <object_component_ref idref="oc-112"/>
      </symbol>
      <symbol id="sm-671">
         <name>__aeabi_memset4</name>
         <value>0x43df</value>
         <object_component_ref idref="oc-112"/>
      </symbol>
      <symbol id="sm-672">
         <name>__aeabi_memclr8</name>
         <value>0x43dd</value>
         <object_component_ref idref="oc-112"/>
      </symbol>
      <symbol id="sm-673">
         <name>__aeabi_memclr4</name>
         <value>0x43dd</value>
         <object_component_ref idref="oc-112"/>
      </symbol>
      <symbol id="sm-674">
         <name>__aeabi_memclr</name>
         <value>0x43dd</value>
         <object_component_ref idref="oc-112"/>
      </symbol>
      <symbol id="sm-67c">
         <name>main_func_sp</name>
         <value>0x2000161c</value>
         <object_component_ref idref="oc-45"/>
      </symbol>
      <symbol id="sm-68b">
         <name>__aeabi_uidivmod</name>
         <value>0x45dd</value>
         <object_component_ref idref="oc-c8"/>
      </symbol>
      <symbol id="sm-6a1">
         <name>_nop</name>
         <value>0x4667</value>
         <object_component_ref idref="oc-1c6"/>
      </symbol>
      <symbol id="sm-6a2">
         <name>_lock</name>
         <value>0x20001600</value>
         <object_component_ref idref="oc-e2"/>
      </symbol>
      <symbol id="sm-6a3">
         <name>_unlock</name>
         <value>0x20001604</value>
         <object_component_ref idref="oc-e2"/>
      </symbol>
      <symbol id="sm-6a4">
         <name>_register_lock</name>
         <value>0x465f</value>
         <object_component_ref idref="oc-1c6"/>
      </symbol>
      <symbol id="sm-6a5">
         <name>_register_unlock</name>
         <value>0x4659</value>
         <object_component_ref idref="oc-1c6"/>
      </symbol>
      <symbol id="sm-6b9">
         <name>_args_main</name>
         <value>0x4641</value>
         <object_component_ref idref="oc-3b"/>
      </symbol>
      <symbol id="sm-6d6">
         <name>__TI_auto_init</name>
         <value>0x4349</value>
         <object_component_ref idref="oc-37"/>
      </symbol>
      <symbol id="sm-6ee">
         <name>copy_in</name>
         <value>0x4555</value>
         <object_component_ref idref="oc-da"/>
      </symbol>
      <symbol id="sm-71f">
         <name>_sys_memory</name>
         <value>0x20000c18</value>
         <object_component_ref idref="oc-23"/>
      </symbol>
      <symbol id="sm-722">
         <name>__TI_static_base__</name>
         <value>0x0</value>
      </symbol>
      <symbol id="sm-723">
         <name>__TI_args_main</name>
         <value>0x1</value>
      </symbol>
      <symbol id="sm-724">
         <name>SHT$$INIT_ARRAY$$Limit</name>
         <value>0x0</value>
      </symbol>
      <symbol id="sm-725">
         <name>SHT$$INIT_ARRAY$$Base</name>
         <value>0x0</value>
      </symbol>
   </symbol_table>
   <title>Link successful</title>
</link_info>
