<?xml version="1.0"?>
<link_info>
   <banner>TI ARM Linker PC v5.1.1</banner>
   <copyright>Copyright (c) 1996-2013 Texas Instruments Incorporated</copyright>
   <link_time>0x556aae50</link_time>
   <link_errors>0x0</link_errors>
   <output_file>enc28j60-booster-example.out</output_file>
   <entry_point>
      <name>_c_int00</name>
      <address>0x4cd1</address>
   </entry_point>
   <input_file_list>
      <input_file id="fl-2">
         <path>.\uip-1.0\apps\dhcpc\</path>
         <kind>object</kind>
         <file>dhcpc.obj</file>
         <name>dhcpc.obj</name>
      </input_file>
      <input_file id="fl-3">
         <path>.\uip-1.0\lib\</path>
         <kind>object</kind>
         <file>memb.obj</file>
         <name>memb.obj</name>
      </input_file>
      <input_file id="fl-4">
         <path>.\uip-1.0\uip\</path>
         <kind>object</kind>
         <file>uiplib.obj</file>
         <name>uiplib.obj</name>
      </input_file>
      <input_file id="fl-5">
         <path>.\uip-1.0\uip\</path>
         <kind>object</kind>
         <file>uip_timer.obj</file>
         <name>uip_timer.obj</name>
      </input_file>
      <input_file id="fl-6">
         <path>.\uip-1.0\uip\</path>
         <kind>object</kind>
         <file>uip_arp.obj</file>
         <name>uip_arp.obj</name>
      </input_file>
      <input_file id="fl-7">
         <path>.\uip-1.0\uip\</path>
         <kind>object</kind>
         <file>uip.obj</file>
         <name>uip.obj</name>
      </input_file>
      <input_file id="fl-8">
         <path>.\uip-1.0\uip\</path>
         <kind>object</kind>
         <file>uip-split.obj</file>
         <name>uip-split.obj</name>
      </input_file>
      <input_file id="fl-9">
         <path>.\uip-1.0\uip\</path>
         <kind>object</kind>
         <file>uip-neighbor.obj</file>
         <name>uip-neighbor.obj</name>
      </input_file>
      <input_file id="fl-a">
         <path>.\uip-1.0\uip\</path>
         <kind>object</kind>
         <file>uip-fw.obj</file>
         <name>uip-fw.obj</name>
      </input_file>
      <input_file id="fl-b">
         <path>.\uip-1.0\uip\</path>
         <kind>object</kind>
         <file>psock.obj</file>
         <name>psock.obj</name>
      </input_file>
      <input_file id="fl-c">
         <path>.\utils\</path>
         <kind>object</kind>
         <file>uartstdio.obj</file>
         <name>uartstdio.obj</name>
      </input_file>
      <input_file id="fl-d">
         <path>.\</path>
         <kind>object</kind>
         <file>startup_ccs.obj</file>
         <name>startup_ccs.obj</name>
      </input_file>
      <input_file id="fl-e">
         <path>.\</path>
         <kind>object</kind>
         <file>modbusd.obj</file>
         <name>modbusd.obj</name>
      </input_file>
      <input_file id="fl-f">
         <path>.\</path>
         <kind>object</kind>
         <file>main.obj</file>
         <name>main.obj</name>
      </input_file>
      <input_file id="fl-10">
         <path>.\</path>
         <kind>object</kind>
         <file>enc28j60.obj</file>
         <name>enc28j60.obj</name>
      </input_file>
      <input_file id="fl-11">
         <path>.\</path>
         <kind>object</kind>
         <file>IOControl.obj</file>
         <name>IOControl.obj</name>
      </input_file>
      <input_file id="fl-13f">
         <path>C:\ti\ccsv5\tools\compiler\arm_5.1.1\lib\</path>
         <kind>archive</kind>
         <file>rtsv7M4_T_le_v4SPD16_eabi.lib</file>
         <name>boot.obj</name>
      </input_file>
      <input_file id="fl-140">
         <path>C:\ti\ccsv5\tools\compiler\arm_5.1.1\lib\</path>
         <kind>archive</kind>
         <file>rtsv7M4_T_le_v4SPD16_eabi.lib</file>
         <name>copy_decompress_none.obj</name>
      </input_file>
      <input_file id="fl-141">
         <path>C:\ti\ccsv5\tools\compiler\arm_5.1.1\lib\</path>
         <kind>archive</kind>
         <file>rtsv7M4_T_le_v4SPD16_eabi.lib</file>
         <name>copy_decompress_rle.obj</name>
      </input_file>
      <input_file id="fl-142">
         <path>C:\ti\ccsv5\tools\compiler\arm_5.1.1\lib\</path>
         <kind>archive</kind>
         <file>rtsv7M4_T_le_v4SPD16_eabi.lib</file>
         <name>copy_zero_init.obj</name>
      </input_file>
      <input_file id="fl-143">
         <path>C:\ti\ccsv5\tools\compiler\arm_5.1.1\lib\</path>
         <kind>archive</kind>
         <file>rtsv7M4_T_le_v4SPD16_eabi.lib</file>
         <name>exit.obj</name>
      </input_file>
      <input_file id="fl-144">
         <path>C:\ti\ccsv5\tools\compiler\arm_5.1.1\lib\</path>
         <kind>archive</kind>
         <file>rtsv7M4_T_le_v4SPD16_eabi.lib</file>
         <name>ll_mul_t2.obj</name>
      </input_file>
      <input_file id="fl-145">
         <path>C:\ti\ccsv5\tools\compiler\arm_5.1.1\lib\</path>
         <kind>archive</kind>
         <file>rtsv7M4_T_le_v4SPD16_eabi.lib</file>
         <name>memcmp.obj</name>
      </input_file>
      <input_file id="fl-146">
         <path>C:\ti\ccsv5\tools\compiler\arm_5.1.1\lib\</path>
         <kind>archive</kind>
         <file>rtsv7M4_T_le_v4SPD16_eabi.lib</file>
         <name>memcpy_t2.obj</name>
      </input_file>
      <input_file id="fl-147">
         <path>C:\ti\ccsv5\tools\compiler\arm_5.1.1\lib\</path>
         <kind>archive</kind>
         <file>rtsv7M4_T_le_v4SPD16_eabi.lib</file>
         <name>memset_t2.obj</name>
      </input_file>
      <input_file id="fl-148">
         <path>C:\ti\ccsv5\tools\compiler\arm_5.1.1\lib\</path>
         <kind>archive</kind>
         <file>rtsv7M4_T_le_v4SPD16_eabi.lib</file>
         <name>printf.obj</name>
      </input_file>
      <input_file id="fl-149">
         <path>C:\ti\ccsv5\tools\compiler\arm_5.1.1\lib\</path>
         <kind>archive</kind>
         <file>rtsv7M4_T_le_v4SPD16_eabi.lib</file>
         <name>stkdepth_vars.obj</name>
      </input_file>
      <input_file id="fl-14a">
         <path>C:\ti\ccsv5\tools\compiler\arm_5.1.1\lib\</path>
         <kind>archive</kind>
         <file>rtsv7M4_T_le_v4SPD16_eabi.lib</file>
         <name>u_divt2.obj</name>
      </input_file>
      <input_file id="fl-14b">
         <path>C:\ti\ccsv5\tools\compiler\arm_5.1.1\lib\</path>
         <kind>archive</kind>
         <file>rtsv7M4_T_le_v4SPD16_eabi.lib</file>
         <name>ull_div_t2.obj</name>
      </input_file>
      <input_file id="fl-14c">
         <path>C:\ti\ccsv5\tools\compiler\arm_5.1.1\lib\</path>
         <kind>archive</kind>
         <file>rtsv7M4_T_le_v4SPD16_eabi.lib</file>
         <name>_lock.obj</name>
      </input_file>
      <input_file id="fl-14d">
         <path>C:\ti\ccsv5\tools\compiler\arm_5.1.1\lib\</path>
         <kind>archive</kind>
         <file>rtsv7M4_T_le_v4SPD16_eabi.lib</file>
         <name>_printfi.obj</name>
      </input_file>
      <input_file id="fl-14e">
         <path>C:\ti\ccsv5\tools\compiler\arm_5.1.1\lib\</path>
         <kind>archive</kind>
         <file>rtsv7M4_T_le_v4SPD16_eabi.lib</file>
         <name>args_main.obj</name>
      </input_file>
      <input_file id="fl-14f">
         <path>C:\ti\ccsv5\tools\compiler\arm_5.1.1\lib\</path>
         <kind>archive</kind>
         <file>rtsv7M4_T_le_v4SPD16_eabi.lib</file>
         <name>atoi.obj</name>
      </input_file>
      <input_file id="fl-150">
         <path>C:\ti\ccsv5\tools\compiler\arm_5.1.1\lib\</path>
         <kind>archive</kind>
         <file>rtsv7M4_T_le_v4SPD16_eabi.lib</file>
         <name>auto_init.obj</name>
      </input_file>
      <input_file id="fl-151">
         <path>C:\ti\ccsv5\tools\compiler\arm_5.1.1\lib\</path>
         <kind>archive</kind>
         <file>rtsv7M4_T_le_v4SPD16_eabi.lib</file>
         <name>cpy_tbl.obj</name>
      </input_file>
      <input_file id="fl-152">
         <path>C:\ti\ccsv5\tools\compiler\arm_5.1.1\lib\</path>
         <kind>archive</kind>
         <file>rtsv7M4_T_le_v4SPD16_eabi.lib</file>
         <name>ctype.obj</name>
      </input_file>
      <input_file id="fl-153">
         <path>C:\ti\ccsv5\tools\compiler\arm_5.1.1\lib\</path>
         <kind>archive</kind>
         <file>rtsv7M4_T_le_v4SPD16_eabi.lib</file>
         <name>defs.obj</name>
      </input_file>
      <input_file id="fl-154">
         <path>C:\ti\ccsv5\tools\compiler\arm_5.1.1\lib\</path>
         <kind>archive</kind>
         <file>rtsv7M4_T_le_v4SPD16_eabi.lib</file>
         <name>fd_add_t2.obj</name>
      </input_file>
      <input_file id="fl-155">
         <path>C:\ti\ccsv5\tools\compiler\arm_5.1.1\lib\</path>
         <kind>archive</kind>
         <file>rtsv7M4_T_le_v4SPD16_eabi.lib</file>
         <name>fd_cmp_t2.obj</name>
      </input_file>
      <input_file id="fl-156">
         <path>C:\ti\ccsv5\tools\compiler\arm_5.1.1\lib\</path>
         <kind>archive</kind>
         <file>rtsv7M4_T_le_v4SPD16_eabi.lib</file>
         <name>fd_div_t2.obj</name>
      </input_file>
      <input_file id="fl-157">
         <path>C:\ti\ccsv5\tools\compiler\arm_5.1.1\lib\</path>
         <kind>archive</kind>
         <file>rtsv7M4_T_le_v4SPD16_eabi.lib</file>
         <name>fd_mul_t2.obj</name>
      </input_file>
      <input_file id="fl-158">
         <path>C:\ti\ccsv5\tools\compiler\arm_5.1.1\lib\</path>
         <kind>archive</kind>
         <file>rtsv7M4_T_le_v4SPD16_eabi.lib</file>
         <name>fd_toi_t2.obj</name>
      </input_file>
      <input_file id="fl-159">
         <path>C:\ti\ccsv5\tools\compiler\arm_5.1.1\lib\</path>
         <kind>archive</kind>
         <file>rtsv7M4_T_le_v4SPD16_eabi.lib</file>
         <name>fputc.obj</name>
      </input_file>
      <input_file id="fl-15a">
         <path>C:\ti\ccsv5\tools\compiler\arm_5.1.1\lib\</path>
         <kind>archive</kind>
         <file>rtsv7M4_T_le_v4SPD16_eabi.lib</file>
         <name>fputs.obj</name>
      </input_file>
      <input_file id="fl-15b">
         <path>C:\ti\ccsv5\tools\compiler\arm_5.1.1\lib\</path>
         <kind>archive</kind>
         <file>rtsv7M4_T_le_v4SPD16_eabi.lib</file>
         <name>i_tofd_t2.obj</name>
      </input_file>
      <input_file id="fl-15c">
         <path>C:\ti\ccsv5\tools\compiler\arm_5.1.1\lib\</path>
         <kind>archive</kind>
         <file>rtsv7M4_T_le_v4SPD16_eabi.lib</file>
         <name>lowlev.obj</name>
      </input_file>
      <input_file id="fl-15d">
         <path>C:\ti\ccsv5\tools\compiler\arm_5.1.1\lib\</path>
         <kind>archive</kind>
         <file>rtsv7M4_T_le_v4SPD16_eabi.lib</file>
         <name>ltoa.obj</name>
      </input_file>
      <input_file id="fl-15e">
         <path>C:\ti\ccsv5\tools\compiler\arm_5.1.1\lib\</path>
         <kind>archive</kind>
         <file>rtsv7M4_T_le_v4SPD16_eabi.lib</file>
         <name>memccpy.obj</name>
      </input_file>
      <input_file id="fl-15f">
         <path>C:\ti\ccsv5\tools\compiler\arm_5.1.1\lib\</path>
         <kind>archive</kind>
         <file>rtsv7M4_T_le_v4SPD16_eabi.lib</file>
         <name>memchr.obj</name>
      </input_file>
      <input_file id="fl-160">
         <path>C:\ti\ccsv5\tools\compiler\arm_5.1.1\lib\</path>
         <kind>archive</kind>
         <file>rtsv7M4_T_le_v4SPD16_eabi.lib</file>
         <name>strchr.obj</name>
      </input_file>
      <input_file id="fl-161">
         <path>C:\ti\ccsv5\tools\compiler\arm_5.1.1\lib\</path>
         <kind>archive</kind>
         <file>rtsv7M4_T_le_v4SPD16_eabi.lib</file>
         <name>strcmp.obj</name>
      </input_file>
      <input_file id="fl-162">
         <path>C:\ti\ccsv5\tools\compiler\arm_5.1.1\lib\</path>
         <kind>archive</kind>
         <file>rtsv7M4_T_le_v4SPD16_eabi.lib</file>
         <name>strlen.obj</name>
      </input_file>
      <input_file id="fl-163">
         <path>C:\ti\ccsv5\tools\compiler\arm_5.1.1\lib\</path>
         <kind>archive</kind>
         <file>rtsv7M4_T_le_v4SPD16_eabi.lib</file>
         <name>strncpy.obj</name>
      </input_file>
      <input_file id="fl-164">
         <path>C:\ti\ccsv5\tools\compiler\arm_5.1.1\lib\</path>
         <kind>archive</kind>
         <file>rtsv7M4_T_le_v4SPD16_eabi.lib</file>
         <name>trgdrv.obj</name>
      </input_file>
      <input_file id="fl-165">
         <path>C:\ti\ccsv5\tools\compiler\arm_5.1.1\lib\</path>
         <kind>archive</kind>
         <file>rtsv7M4_T_le_v4SPD16_eabi.lib</file>
         <name>trgmsg.obj</name>
      </input_file>
      <input_file id="fl-166">
         <path>C:\ti\ccsv5\tools\compiler\arm_5.1.1\lib\</path>
         <kind>archive</kind>
         <file>rtsv7M4_T_le_v4SPD16_eabi.lib</file>
         <name>xdclass.obj</name>
      </input_file>
      <input_file id="fl-167">
         <path>C:\ti\ccsv5\tools\compiler\arm_5.1.1\lib\</path>
         <kind>archive</kind>
         <file>rtsv7M4_T_le_v4SPD16_eabi.lib</file>
         <name>xdtest.obj</name>
      </input_file>
      <input_file id="fl-168">
         <path>C:\ti\ccsv5\tools\compiler\arm_5.1.1\lib\</path>
         <kind>archive</kind>
         <file>rtsv7M4_T_le_v4SPD16_eabi.lib</file>
         <name>_io_perm.obj</name>
      </input_file>
      <input_file id="fl-169">
         <path>C:\ti\ccsv5\tools\compiler\arm_5.1.1\lib\</path>
         <kind>archive</kind>
         <file>rtsv7M4_T_le_v4SPD16_eabi.lib</file>
         <name>fflush.obj</name>
      </input_file>
      <input_file id="fl-16a">
         <path>C:\ti\ccsv5\tools\compiler\arm_5.1.1\lib\</path>
         <kind>archive</kind>
         <file>rtsv7M4_T_le_v4SPD16_eabi.lib</file>
         <name>fseek.obj</name>
      </input_file>
      <input_file id="fl-16b">
         <path>C:\ti\ccsv5\tools\compiler\arm_5.1.1\lib\</path>
         <kind>archive</kind>
         <file>rtsv7M4_T_le_v4SPD16_eabi.lib</file>
         <name>setvbuf.obj</name>
      </input_file>
      <input_file id="fl-16c">
         <path>C:\ti\ccsv5\tools\compiler\arm_5.1.1\lib\</path>
         <kind>archive</kind>
         <file>rtsv7M4_T_le_v4SPD16_eabi.lib</file>
         <name>strcpy.obj</name>
      </input_file>
      <input_file id="fl-16d">
         <path>C:\ti\ccsv5\tools\compiler\arm_5.1.1\lib\</path>
         <kind>archive</kind>
         <file>rtsv7M4_T_le_v4SPD16_eabi.lib</file>
         <name>fopen.obj</name>
      </input_file>
      <input_file id="fl-16e">
         <path>C:\ti\ccsv5\tools\compiler\arm_5.1.1\lib\</path>
         <kind>archive</kind>
         <file>rtsv7M4_T_le_v4SPD16_eabi.lib</file>
         <name>memory.obj</name>
      </input_file>
      <input_file id="fl-16f">
         <path>C:\ti\ccsv5\tools\compiler\arm_5.1.1\lib\</path>
         <kind>archive</kind>
         <file>rtsv7M4_T_le_v4SPD16_eabi.lib</file>
         <name>fclose.obj</name>
      </input_file>
      <input_file id="fl-170">
         <path>C:\ti\ccsv5\tools\compiler\arm_5.1.1\lib\</path>
         <kind>archive</kind>
         <file>rtsv7M4_T_le_v4SPD16_eabi.lib</file>
         <name>remove.obj</name>
      </input_file>
      <input_file id="fl-171">
         <path>C:\StellarisWare\driverlib\ccs-cm4f\Debug\</path>
         <kind>archive</kind>
         <file>driverlib-cm4f.lib</file>
         <name>timer.obj</name>
      </input_file>
      <input_file id="fl-172">
         <path>C:\StellarisWare\driverlib\ccs-cm4f\Debug\</path>
         <kind>archive</kind>
         <file>driverlib-cm4f.lib</file>
         <name>sysctl.obj</name>
      </input_file>
      <input_file id="fl-173">
         <path>C:\StellarisWare\driverlib\ccs-cm4f\Debug\</path>
         <kind>archive</kind>
         <file>driverlib-cm4f.lib</file>
         <name>interrupt.obj</name>
      </input_file>
      <input_file id="fl-174">
         <path>C:\StellarisWare\driverlib\ccs-cm4f\Debug\</path>
         <kind>archive</kind>
         <file>driverlib-cm4f.lib</file>
         <name>gpio.obj</name>
      </input_file>
      <input_file id="fl-175">
         <path>C:\StellarisWare\driverlib\ccs-cm4f\Debug\</path>
         <kind>archive</kind>
         <file>driverlib-cm4f.lib</file>
         <name>cpu.obj</name>
      </input_file>
   </input_file_list>
   <object_component_list>
      <object_component id="oc-d">
         <name>.intvecs</name>
         <load_address>0x0</load_address>
         <run_address>0x0</run_address>
         <size>0x26c</size>
         <input_file_ref idref="fl-d"/>
      </object_component>
      <object_component id="oc-78">
         <name>.text</name>
         <load_address>0x26c</load_address>
         <run_address>0x26c</run_address>
         <size>0x17b0</size>
         <input_file_ref idref="fl-7"/>
      </object_component>
      <object_component id="oc-73">
         <name>.text</name>
         <load_address>0x1a1c</load_address>
         <run_address>0x1a1c</run_address>
         <size>0x96c</size>
         <input_file_ref idref="fl-10"/>
      </object_component>
      <object_component id="oc-2f">
         <name>.text</name>
         <load_address>0x2388</load_address>
         <run_address>0x2388</run_address>
         <size>0x918</size>
         <input_file_ref idref="fl-c"/>
      </object_component>
      <object_component id="oc-2a">
         <name>.text</name>
         <load_address>0x2ca0</load_address>
         <run_address>0x2ca0</run_address>
         <size>0x768</size>
         <input_file_ref idref="fl-f"/>
      </object_component>
      <object_component id="oc-9f">
         <name>.text</name>
         <load_address>0x3408</load_address>
         <run_address>0x3408</run_address>
         <size>0x53c</size>
         <input_file_ref idref="fl-2"/>
      </object_component>
      <object_component id="oc-6a">
         <name>.text</name>
         <load_address>0x3944</load_address>
         <run_address>0x3944</run_address>
         <size>0x4c4</size>
         <input_file_ref idref="fl-11"/>
      </object_component>
      <object_component id="oc-7d">
         <name>.text</name>
         <load_address>0x3e08</load_address>
         <run_address>0x3e08</run_address>
         <size>0x4a4</size>
         <input_file_ref idref="fl-6"/>
      </object_component>
      <object_component id="oc-9a">
         <name>.text</name>
         <load_address>0x42ac</load_address>
         <run_address>0x42ac</run_address>
         <size>0x3a0</size>
         <input_file_ref idref="fl-e"/>
      </object_component>
      <object_component id="oc-134">
         <name>.text</name>
         <load_address>0x464c</load_address>
         <run_address>0x464c</run_address>
         <size>0x1f4</size>
         <input_file_ref idref="fl-14b"/>
      </object_component>
      <object_component id="oc-12c">
         <name>.text:SysCtlClockGet</name>
         <load_address>0x4840</load_address>
         <run_address>0x4840</run_address>
         <size>0x1d8</size>
         <input_file_ref idref="fl-172"/>
      </object_component>
      <object_component id="oc-48">
         <name>.text</name>
         <load_address>0x4a18</load_address>
         <run_address>0x4a18</run_address>
         <size>0x9c</size>
         <input_file_ref idref="fl-146"/>
      </object_component>
      <object_component id="oc-37">
         <name>.text</name>
         <load_address>0x4ab4</load_address>
         <run_address>0x4ab4</run_address>
         <size>0x94</size>
         <input_file_ref idref="fl-150"/>
      </object_component>
      <object_component id="oc-14a">
         <name>.text</name>
         <load_address>0x4b48</load_address>
         <run_address>0x4b48</run_address>
         <size>0x78</size>
         <input_file_ref idref="fl-147"/>
      </object_component>
      <object_component id="oc-5a">
         <name>.text</name>
         <load_address>0x4bc0</load_address>
         <run_address>0x4bc0</run_address>
         <size>0x5e</size>
         <input_file_ref idref="fl-141"/>
      </object_component>
      <object_component id="oc-113">
         <name>.text:SysCtlPeripheralEnable</name>
         <load_address>0x4c20</load_address>
         <run_address>0x4c20</run_address>
         <size>0x58</size>
         <input_file_ref idref="fl-172"/>
      </object_component>
      <object_component id="oc-1d8">
         <name>.text</name>
         <load_address>0x4c78</load_address>
         <run_address>0x4c78</run_address>
         <size>0x58</size>
         <input_file_ref idref="fl-5"/>
      </object_component>
      <object_component id="oc-f">
         <name>.text</name>
         <load_address>0x4cd0</load_address>
         <run_address>0x4cd0</run_address>
         <size>0x48</size>
         <input_file_ref idref="fl-13f"/>
      </object_component>
      <object_component id="oc-e5">
         <name>.text</name>
         <load_address>0x4d18</load_address>
         <run_address>0x4d18</run_address>
         <size>0x44</size>
         <input_file_ref idref="fl-151"/>
      </object_component>
      <object_component id="oc-40">
         <name>.text</name>
         <load_address>0x4d5c</load_address>
         <run_address>0x4d5c</run_address>
         <size>0x44</size>
         <input_file_ref idref="fl-143"/>
      </object_component>
      <object_component id="oc-d3">
         <name>.text</name>
         <load_address>0x4da0</load_address>
         <run_address>0x4da0</run_address>
         <size>0x42</size>
         <input_file_ref idref="fl-14a"/>
      </object_component>
      <object_component id="oc-118">
         <name>.text:TimerConfigure</name>
         <load_address>0x4de4</load_address>
         <run_address>0x4de4</run_address>
         <size>0x28</size>
         <input_file_ref idref="fl-171"/>
      </object_component>
      <object_component id="oc-1cd">
         <name>.text</name>
         <load_address>0x4e0c</load_address>
         <run_address>0x4e0c</run_address>
         <size>0x22</size>
         <input_file_ref idref="fl-145"/>
      </object_component>
      <object_component id="oc-3b">
         <name>.text</name>
         <load_address>0x4e30</load_address>
         <run_address>0x4e30</run_address>
         <size>0x18</size>
         <input_file_ref idref="fl-14e"/>
      </object_component>
      <object_component id="oc-130">
         <name>.text</name>
         <load_address>0x4e48</load_address>
         <run_address>0x4e48</run_address>
         <size>0x18</size>
         <input_file_ref idref="fl-144"/>
      </object_component>
      <object_component id="oc-128">
         <name>.text:TimerValueGet64</name>
         <load_address>0x4e60</load_address>
         <run_address>0x4e60</run_address>
         <size>0x16</size>
         <input_file_ref idref="fl-171"/>
      </object_component>
      <object_component id="oc-11c">
         <name>.text:TimerDisable</name>
         <load_address>0x4e78</load_address>
         <run_address>0x4e78</run_address>
         <size>0x14</size>
         <input_file_ref idref="fl-171"/>
      </object_component>
      <object_component id="oc-1fc">
         <name>.text</name>
         <load_address>0x4e8c</load_address>
         <run_address>0x4e8c</run_address>
         <size>0x14</size>
         <input_file_ref idref="fl-14c"/>
      </object_component>
      <object_component id="oc-18">
         <name>.text:decompress:ZI</name>
         <load_address>0x4ea0</load_address>
         <run_address>0x4ea0</run_address>
         <size>0x12</size>
         <input_file_ref idref="fl-142"/>
      </object_component>
      <object_component id="oc-124">
         <name>.text:TimerEnable</name>
         <load_address>0x4eb2</load_address>
         <run_address>0x4eb2</run_address>
         <size>0xe</size>
         <input_file_ref idref="fl-171"/>
      </object_component>
      <object_component id="oc-13">
         <name>.text:decompress:none</name>
         <load_address>0x4ec0</load_address>
         <run_address>0x4ec0</run_address>
         <size>0xe</size>
         <input_file_ref idref="fl-140"/>
      </object_component>
      <object_component id="oc-25">
         <name>.text</name>
         <load_address>0x4ece</load_address>
         <run_address>0x4ece</run_address>
         <size>0xc</size>
         <input_file_ref idref="fl-d"/>
      </object_component>
      <object_component id="oc-6f">
         <name>.text:GPIOPinWrite</name>
         <load_address>0x4eda</load_address>
         <run_address>0x4eda</run_address>
         <size>0xa</size>
         <input_file_ref idref="fl-174"/>
      </object_component>
      <object_component id="oc-120">
         <name>.text:TimerLoadSet64</name>
         <load_address>0x4ee4</load_address>
         <run_address>0x4ee4</run_address>
         <size>0x8</size>
         <input_file_ref idref="fl-171"/>
      </object_component>
      <object_component id="oc-117">
         <name>.text:SysCtlDelay</name>
         <load_address>0x4eec</load_address>
         <run_address>0x4eec</run_address>
         <size>0x6</size>
         <input_file_ref idref="fl-172"/>
      </object_component>
      <object_component id="oc-1d">
         <name>.text:decompress:rle24</name>
         <load_address>0x4ef2</load_address>
         <run_address>0x4ef2</run_address>
         <size>0x6</size>
         <input_file_ref idref="fl-141"/>
      </object_component>
      <object_component id="oc-212">
         <name>.const:g_pulXtals</name>
         <load_address>0x4ef8</load_address>
         <run_address>0x4ef8</run_address>
         <size>0x6c</size>
         <input_file_ref idref="fl-172"/>
      </object_component>
      <object_component id="oc-208">
         <name>.const</name>
         <load_address>0x4f64</load_address>
         <run_address>0x4f64</run_address>
         <size>0x40</size>
         <input_file_ref idref="fl-172"/>
      </object_component>
      <object_component id="oc-cb">
         <name>.const</name>
         <load_address>0x4fa4</load_address>
         <run_address>0x4fa4</run_address>
         <size>0x28</size>
         <input_file_ref idref="fl-c"/>
      </object_component>
      <object_component id="oc-1e9">
         <name>.const:.string</name>
         <load_address>0x4fcc</load_address>
         <run_address>0x4fcc</run_address>
         <size>0x12</size>
         <input_file_ref idref="fl-c"/>
      </object_component>
      <object_component id="oc-1a4">
         <name>.const</name>
         <load_address>0x4fde</load_address>
         <run_address>0x4fde</run_address>
         <size>0xa</size>
         <input_file_ref idref="fl-6"/>
      </object_component>
      <object_component id="oc-1d4">
         <name>.const:.string</name>
         <load_address>0x4fe8</load_address>
         <run_address>0x4fe8</run_address>
         <size>0x8</size>
         <input_file_ref idref="fl-2"/>
      </object_component>
      <object_component id="oc-165">
         <name>.const</name>
         <load_address>0x4ff0</load_address>
         <run_address>0x4ff0</run_address>
         <size>0x8</size>
         <input_file_ref idref="fl-7"/>
      </object_component>
      <object_component id="oc-a4">
         <name>.const:.string</name>
         <load_address>0x4ff8</load_address>
         <run_address>0x4ff8</run_address>
         <size>0x6</size>
         <input_file_ref idref="fl-f"/>
      </object_component>
      <object_component id="oc-29b">
         <name>.cinit..data.load</name>
         <load_address>0x5000</load_address>
         <run_address>0x5000</run_address>
         <size>0x12</size>
      </object_component>
      <object_component id="oc-299">
         <name>__TI_handler_table</name>
         <load_address>0x5014</load_address>
         <run_address>0x5014</run_address>
         <size>0xc</size>
      </object_component>
      <object_component id="oc-29c">
         <name>.cinit..bss.load</name>
         <load_address>0x5020</load_address>
         <run_address>0x5020</run_address>
         <size>0x8</size>
      </object_component>
      <object_component id="oc-29a">
         <name>__TI_cinit_table</name>
         <load_address>0x5028</load_address>
         <run_address>0x5028</run_address>
         <size>0x10</size>
      </object_component>
      <object_component id="oc-45">
         <name>.data</name>
         <load_address>0x200015e4</load_address>
         <run_address>0x200015e4</run_address>
         <size>0x4</size>
         <input_file_ref idref="fl-149"/>
      </object_component>
      <object_component id="oc-98">
         <name>.data</name>
         <load_address>0x200015e0</load_address>
         <run_address>0x200015e0</run_address>
         <size>0x4</size>
         <input_file_ref idref="fl-f"/>
      </object_component>
      <object_component id="oc-ac">
         <name>.data</name>
         <load_address>0x200015d8</load_address>
         <run_address>0x200015d8</run_address>
         <size>0x6</size>
         <input_file_ref idref="fl-7"/>
      </object_component>
      <object_component id="oc-c9">
         <name>.data</name>
         <load_address>0x200015b0</load_address>
         <run_address>0x200015b0</run_address>
         <size>0x15</size>
         <input_file_ref idref="fl-c"/>
      </object_component>
      <object_component id="oc-ed">
         <name>.data</name>
         <load_address>0x200015c8</load_address>
         <run_address>0x200015c8</run_address>
         <size>0x8</size>
         <input_file_ref idref="fl-14c"/>
      </object_component>
      <object_component id="oc-ef">
         <name>.data</name>
         <load_address>0x200015d0</load_address>
         <run_address>0x200015d0</run_address>
         <size>0x8</size>
         <input_file_ref idref="fl-143"/>
      </object_component>
      <object_component id="oc-82">
         <name>.bss:modRegisters</name>
         <uninitialized>true</uninitialized>
         <run_address>0x200009e4</run_address>
         <size>0x80</size>
         <input_file_ref idref="fl-e"/>
      </object_component>
      <object_component id="oc-8a">
         <name>.bss:uip_conns</name>
         <uninitialized>true</uninitialized>
         <run_address>0x200007ec</run_address>
         <size>0x178</size>
         <input_file_ref idref="fl-7"/>
      </object_component>
      <object_component id="oc-8d">
         <name>.bss:uip_buf</name>
         <uninitialized>true</uninitialized>
         <run_address>0x20000400</run_address>
         <size>0x3ec</size>
         <input_file_ref idref="fl-7"/>
      </object_component>
      <object_component id="oc-90">
         <name>.bss:uip_udp_conns</name>
         <uninitialized>true</uninitialized>
         <run_address>0x20000ac4</run_address>
         <size>0x40</size>
         <input_file_ref idref="fl-7"/>
      </object_component>
      <object_component id="oc-cf">
         <name>.bss:g_pcUARTTxBuffer</name>
         <uninitialized>true</uninitialized>
         <run_address>0x20000000</run_address>
         <size>0x400</size>
         <input_file_ref idref="fl-c"/>
      </object_component>
      <object_component id="oc-d1">
         <name>.bss:g_pcUARTRxBuffer</name>
         <uninitialized>true</uninitialized>
         <run_address>0x20000964</run_address>
         <size>0x80</size>
         <input_file_ref idref="fl-c"/>
      </object_component>
      <object_component id="oc-161">
         <name>.bss:uip_stat</name>
         <uninitialized>true</uninitialized>
         <run_address>0x20000b38</run_address>
         <size>0x34</size>
         <input_file_ref idref="fl-7"/>
      </object_component>
      <object_component id="oc-19c">
         <name>.bss:arp_table</name>
         <uninitialized>true</uninitialized>
         <run_address>0x20000a64</run_address>
         <size>0x60</size>
         <input_file_ref idref="fl-6"/>
      </object_component>
      <object_component id="oc-1d2">
         <name>.bss:s</name>
         <uninitialized>true</uninitialized>
         <run_address>0x20000b04</run_address>
         <size>0x34</size>
         <input_file_ref idref="fl-2"/>
      </object_component>
      <object_component id="oc-1aa">
         <name>.common:ipaddr</name>
         <uninitialized>true</uninitialized>
         <run_address>0x20000b88</run_address>
         <size>0x4</size>
      </object_component>
      <object_component id="oc-1ad">
         <name>.common:i</name>
         <uninitialized>true</uninitialized>
         <run_address>0x20000bd7</run_address>
         <size>0x1</size>
      </object_component>
      <object_component id="oc-1a0">
         <name>.common:c</name>
         <uninitialized>true</uninitialized>
         <run_address>0x20000bd4</run_address>
         <size>0x1</size>
      </object_component>
      <object_component id="oc-19e">
         <name>.common:arptime</name>
         <uninitialized>true</uninitialized>
         <run_address>0x20000bd2</run_address>
         <size>0x1</size>
      </object_component>
      <object_component id="oc-19f">
         <name>.common:tmpage</name>
         <uninitialized>true</uninitialized>
         <run_address>0x20000bd9</run_address>
         <size>0x1</size>
      </object_component>
      <object_component id="oc-18f">
         <name>.common:ipid</name>
         <uninitialized>true</uninitialized>
         <run_address>0x20000bc8</run_address>
         <size>0x2</size>
      </object_component>
      <object_component id="oc-179">
         <name>.common:iss</name>
         <uninitialized>true</uninitialized>
         <run_address>0x20000b8c</run_address>
         <size>0x4</size>
      </object_component>
      <object_component id="oc-150">
         <name>.common:lastport</name>
         <uninitialized>true</uninitialized>
         <run_address>0x20000bca</run_address>
         <size>0x2</size>
      </object_component>
      <object_component id="oc-185">
         <name>.common:c</name>
         <uninitialized>true</uninitialized>
         <run_address>0x20000bd3</run_address>
         <size>0x1</size>
      </object_component>
      <object_component id="oc-184">
         <name>.common:opt</name>
         <uninitialized>true</uninitialized>
         <run_address>0x20000bd8</run_address>
         <size>0x1</size>
      </object_component>
      <object_component id="oc-186">
         <name>.common:tmp16</name>
         <uninitialized>true</uninitialized>
         <run_address>0x20000bcc</run_address>
         <size>0x2</size>
      </object_component>
      <object_component id="oc-1e0">
         <name>.common:uip_hostaddr</name>
         <uninitialized>true</uninitialized>
         <run_address>0x20000bb4</run_address>
         <size>0x4</size>
      </object_component>
      <object_component id="oc-1ab">
         <name>.common:uip_draddr</name>
         <uninitialized>true</uninitialized>
         <run_address>0x20000bb0</run_address>
         <size>0x4</size>
      </object_component>
      <object_component id="oc-1a7">
         <name>.common:uip_netmask</name>
         <uninitialized>true</uninitialized>
         <run_address>0x20000bb8</run_address>
         <size>0x4</size>
      </object_component>
      <object_component id="oc-1d7">
         <name>.common:uip_appdata</name>
         <uninitialized>true</uninitialized>
         <run_address>0x20000ba8</run_address>
         <size>0x4</size>
      </object_component>
      <object_component id="oc-193">
         <name>.common:uip_sappdata</name>
         <uninitialized>true</uninitialized>
         <run_address>0x20000bbc</run_address>
         <size>0x4</size>
      </object_component>
      <object_component id="oc-1dd">
         <name>.common:uip_len</name>
         <uninitialized>true</uninitialized>
         <run_address>0x20000bce</run_address>
         <size>0x2</size>
      </object_component>
      <object_component id="oc-192">
         <name>.common:uip_slen</name>
         <uninitialized>true</uninitialized>
         <run_address>0x20000bd0</run_address>
         <size>0x2</size>
      </object_component>
      <object_component id="oc-1de">
         <name>.common:uip_flags</name>
         <uninitialized>true</uninitialized>
         <run_address>0x20000bda</run_address>
         <size>0x1</size>
      </object_component>
      <object_component id="oc-1c3">
         <name>.common:uip_conn</name>
         <uninitialized>true</uninitialized>
         <run_address>0x20000bac</run_address>
         <size>0x4</size>
      </object_component>
      <object_component id="oc-173">
         <name>.common:uip_listenports</name>
         <uninitialized>true</uninitialized>
         <run_address>0x20000b6c</run_address>
         <size>0x8</size>
      </object_component>
      <object_component id="oc-16e">
         <name>.common:uip_udp_conn</name>
         <uninitialized>true</uninitialized>
         <run_address>0x20000bc0</run_address>
         <size>0x4</size>
      </object_component>
      <object_component id="oc-182">
         <name>.common:uip_acc32</name>
         <uninitialized>true</uninitialized>
         <run_address>0x20000ba4</run_address>
         <size>0x4</size>
      </object_component>
      <object_component id="oc-d7">
         <name>.common:g_bDisableEcho</name>
         <uninitialized>true</uninitialized>
         <run_address>0x20000bd6</run_address>
         <size>0x1</size>
      </object_component>
      <object_component id="oc-cd">
         <name>.common:g_ulPortNum</name>
         <uninitialized>true</uninitialized>
         <run_address>0x20000b84</run_address>
         <size>0x4</size>
      </object_component>
      <object_component id="oc-1c5">
         <name>.common:request</name>
         <uninitialized>true</uninitialized>
         <run_address>0x20000b9c</run_address>
         <size>0x4</size>
      </object_component>
      <object_component id="oc-1c7">
         <name>.common:wResponse</name>
         <uninitialized>true</uninitialized>
         <run_address>0x20000bc4</run_address>
         <size>0x4</size>
      </object_component>
      <object_component id="oc-1c8">
         <name>.common:rResponse</name>
         <uninitialized>true</uninitialized>
         <run_address>0x20000b98</run_address>
         <size>0x4</size>
      </object_component>
      <object_component id="oc-1c9">
         <name>.common:error</name>
         <uninitialized>true</uninitialized>
         <run_address>0x20000b7c</run_address>
         <size>0x4</size>
      </object_component>
      <object_component id="oc-1ca">
         <name>.common:request23</name>
         <uninitialized>true</uninitialized>
         <run_address>0x20000ba0</run_address>
         <size>0x4</size>
      </object_component>
      <object_component id="oc-84">
         <name>.common:g_ulFlags</name>
         <uninitialized>true</uninitialized>
         <run_address>0x20000b80</run_address>
         <size>0x4</size>
      </object_component>
      <object_component id="oc-ab">
         <name>.common:eth_addr$1</name>
         <uninitialized>true</uninitialized>
         <run_address>0x20000b74</run_address>
         <size>0x6</size>
      </object_component>
      <object_component id="oc-b3">
         <name>.common:lPeriodicTimer</name>
         <uninitialized>true</uninitialized>
         <run_address>0x20000b94</run_address>
         <size>0x4</size>
      </object_component>
      <object_component id="oc-b2">
         <name>.common:lARPTimer</name>
         <uninitialized>true</uninitialized>
         <run_address>0x20000b90</run_address>
         <size>0x4</size>
      </object_component>
      <object_component id="oc-140">
         <name>.common:enc_current_bank</name>
         <uninitialized>true</uninitialized>
         <run_address>0x20000bd5</run_address>
         <size>0x1</size>
      </object_component>
      <object_component id="oc-142">
         <name>.common:enc_next_packet</name>
         <uninitialized>true</uninitialized>
         <run_address>0x20000b7a</run_address>
         <size>0x2</size>
      </object_component>
      <object_component id="oc-23">
         <name>.sysmem</name>
         <uninitialized>true</uninitialized>
         <run_address>0x20000be0</run_address>
         <size>0x8</size>
         <input_file_ref idref="fl-16e"/>
      </object_component>
      <object_component id="oc-29e">
         <name>.sysmem</name>
         <uninitialized>true</uninitialized>
         <run_address>0x20000be0</run_address>
         <size>0x0</size>
      </object_component>
      <object_component id="oc-22">
         <name>.stack</name>
         <uninitialized>true</uninitialized>
         <run_address>0x200013b0</run_address>
         <size>0x0</size>
         <input_file_ref idref="fl-13f"/>
      </object_component>
      <object_component id="oc-29d">
         <name>.stack</name>
         <uninitialized>true</uninitialized>
         <run_address>0x200013b0</run_address>
         <size>0x0</size>
      </object_component>
      <object_component id="oc-e">
         <name>.debug_info</name>
         <load_address>0x0</load_address>
         <run_address>0x0</run_address>
         <size>0xe6</size>
         <input_file_ref idref="fl-d"/>
      </object_component>
      <object_component id="oc-11">
         <name>.debug_info</name>
         <load_address>0xe6</load_address>
         <run_address>0xe6</run_address>
         <size>0xf3</size>
         <input_file_ref idref="fl-13f"/>
      </object_component>
      <object_component id="oc-14">
         <name>.debug_info</name>
         <load_address>0x1d9</load_address>
         <run_address>0x1d9</run_address>
         <size>0x194</size>
         <input_file_ref idref="fl-140"/>
      </object_component>
      <object_component id="oc-19">
         <name>.debug_info</name>
         <load_address>0x36d</load_address>
         <run_address>0x36d</run_address>
         <size>0x16a</size>
         <input_file_ref idref="fl-142"/>
      </object_component>
      <object_component id="oc-1f">
         <name>.debug_info</name>
         <load_address>0x4d7</load_address>
         <run_address>0x4d7</run_address>
         <size>0x18e</size>
         <input_file_ref idref="fl-141"/>
      </object_component>
      <object_component id="oc-24">
         <name>.debug_info</name>
         <load_address>0x665</load_address>
         <run_address>0x665</run_address>
         <size>0xb6</size>
         <input_file_ref idref="fl-16e"/>
      </object_component>
      <object_component id="oc-26">
         <name>.debug_info</name>
         <load_address>0x71b</load_address>
         <run_address>0x71b</run_address>
         <size>0x1f8</size>
         <input_file_ref idref="fl-d"/>
      </object_component>
      <object_component id="oc-2b">
         <name>.debug_info</name>
         <load_address>0x913</load_address>
         <run_address>0x913</run_address>
         <size>0xa06</size>
         <input_file_ref idref="fl-f"/>
      </object_component>
      <object_component id="oc-30">
         <name>.debug_info</name>
         <load_address>0x1319</load_address>
         <run_address>0x1319</run_address>
         <size>0x13e1</size>
         <input_file_ref idref="fl-c"/>
      </object_component>
      <object_component id="oc-36">
         <name>.debug_info</name>
         <load_address>0x26fa</load_address>
         <run_address>0x26fa</run_address>
         <size>0x187</size>
         <input_file_ref idref="fl-d"/>
      </object_component>
      <object_component id="oc-38">
         <name>.debug_info</name>
         <load_address>0x2881</load_address>
         <run_address>0x2881</run_address>
         <size>0x13d</size>
         <input_file_ref idref="fl-150"/>
      </object_component>
      <object_component id="oc-3e">
         <name>.debug_info</name>
         <load_address>0x29be</load_address>
         <run_address>0x29be</run_address>
         <size>0x11c</size>
         <input_file_ref idref="fl-14e"/>
      </object_component>
      <object_component id="oc-41">
         <name>.debug_info</name>
         <load_address>0x2ada</load_address>
         <run_address>0x2ada</run_address>
         <size>0x1c2</size>
         <input_file_ref idref="fl-143"/>
      </object_component>
      <object_component id="oc-46">
         <name>.debug_info</name>
         <load_address>0x2c9c</load_address>
         <run_address>0x2c9c</run_address>
         <size>0xbe</size>
         <input_file_ref idref="fl-149"/>
      </object_component>
      <object_component id="oc-4a">
         <name>.debug_info</name>
         <load_address>0x2d5a</load_address>
         <run_address>0x2d5a</run_address>
         <size>0xcc</size>
         <input_file_ref idref="fl-146"/>
      </object_component>
      <object_component id="oc-4d">
         <name>.debug_info</name>
         <load_address>0x2e26</load_address>
         <run_address>0x2e26</run_address>
         <size>0x46</size>
         <input_file_ref idref="fl-140"/>
      </object_component>
      <object_component id="oc-52">
         <name>.debug_info</name>
         <load_address>0x2e6c</load_address>
         <run_address>0x2e6c</run_address>
         <size>0xf2</size>
         <input_file_ref idref="fl-140"/>
      </object_component>
      <object_component id="oc-54">
         <name>.debug_info</name>
         <load_address>0x2f5e</load_address>
         <run_address>0x2f5e</run_address>
         <size>0x46</size>
         <input_file_ref idref="fl-142"/>
      </object_component>
      <object_component id="oc-59">
         <name>.debug_info</name>
         <load_address>0x2fa4</load_address>
         <run_address>0x2fa4</run_address>
         <size>0xad</size>
         <input_file_ref idref="fl-142"/>
      </object_component>
      <object_component id="oc-5e">
         <name>.debug_info</name>
         <load_address>0x3051</load_address>
         <run_address>0x3051</run_address>
         <size>0x1ef</size>
         <input_file_ref idref="fl-141"/>
      </object_component>
      <object_component id="oc-60">
         <name>.debug_info</name>
         <load_address>0x3240</load_address>
         <run_address>0x3240</run_address>
         <size>0xb7</size>
         <input_file_ref idref="fl-141"/>
      </object_component>
      <object_component id="oc-61">
         <name>.debug_info</name>
         <load_address>0x32f7</load_address>
         <run_address>0x32f7</run_address>
         <size>0x39</size>
         <input_file_ref idref="fl-141"/>
      </object_component>
      <object_component id="oc-68">
         <name>.debug_info</name>
         <load_address>0x3330</load_address>
         <run_address>0x3330</run_address>
         <size>0x1d7</size>
         <input_file_ref idref="fl-16e"/>
      </object_component>
      <object_component id="oc-6b">
         <name>.debug_info</name>
         <load_address>0x3507</load_address>
         <run_address>0x3507</run_address>
         <size>0x80c</size>
         <input_file_ref idref="fl-11"/>
      </object_component>
      <object_component id="oc-70">
         <name>.debug_info</name>
         <load_address>0x3d13</load_address>
         <run_address>0x3d13</run_address>
         <size>0x1f8</size>
         <input_file_ref idref="fl-174"/>
      </object_component>
      <object_component id="oc-74">
         <name>.debug_info</name>
         <load_address>0x3f0b</load_address>
         <run_address>0x3f0b</run_address>
         <size>0x18df</size>
         <input_file_ref idref="fl-10"/>
      </object_component>
      <object_component id="oc-79">
         <name>.debug_info</name>
         <load_address>0x57ea</load_address>
         <run_address>0x57ea</run_address>
         <size>0x100a</size>
         <input_file_ref idref="fl-7"/>
      </object_component>
      <object_component id="oc-7e">
         <name>.debug_info</name>
         <load_address>0x67f4</load_address>
         <run_address>0x67f4</run_address>
         <size>0x3de</size>
         <input_file_ref idref="fl-6"/>
      </object_component>
      <object_component id="oc-83">
         <name>.debug_info</name>
         <load_address>0x6bd2</load_address>
         <run_address>0x6bd2</run_address>
         <size>0xe2</size>
         <input_file_ref idref="fl-e"/>
      </object_component>
      <object_component id="oc-85">
         <name>.debug_info</name>
         <load_address>0x6cb4</load_address>
         <run_address>0x6cb4</run_address>
         <size>0x5c0</size>
         <input_file_ref idref="fl-f"/>
      </object_component>
      <object_component id="oc-89">
         <name>.debug_info</name>
         <load_address>0x7274</load_address>
         <run_address>0x7274</run_address>
         <size>0x497</size>
         <input_file_ref idref="fl-7"/>
      </object_component>
      <object_component id="oc-8b">
         <name>.debug_info</name>
         <load_address>0x770b</load_address>
         <run_address>0x770b</run_address>
         <size>0xe4</size>
         <input_file_ref idref="fl-7"/>
      </object_component>
      <object_component id="oc-8e">
         <name>.debug_info</name>
         <load_address>0x77ef</load_address>
         <run_address>0x77ef</run_address>
         <size>0xe0</size>
         <input_file_ref idref="fl-7"/>
      </object_component>
      <object_component id="oc-91">
         <name>.debug_info</name>
         <load_address>0x78cf</load_address>
         <run_address>0x78cf</run_address>
         <size>0xec</size>
         <input_file_ref idref="fl-7"/>
      </object_component>
      <object_component id="oc-99">
         <name>.debug_info</name>
         <load_address>0x79bb</load_address>
         <run_address>0x79bb</run_address>
         <size>0xe5</size>
         <input_file_ref idref="fl-f"/>
      </object_component>
      <object_component id="oc-9b">
         <name>.debug_info</name>
         <load_address>0x7aa0</load_address>
         <run_address>0x7aa0</run_address>
         <size>0x249</size>
         <input_file_ref idref="fl-e"/>
      </object_component>
      <object_component id="oc-a0">
         <name>.debug_info</name>
         <load_address>0x7ce9</load_address>
         <run_address>0x7ce9</run_address>
         <size>0xbc5</size>
         <input_file_ref idref="fl-2"/>
      </object_component>
      <object_component id="oc-a5">
         <name>.debug_info</name>
         <load_address>0x88ae</load_address>
         <run_address>0x88ae</run_address>
         <size>0xd7</size>
         <input_file_ref idref="fl-f"/>
      </object_component>
      <object_component id="oc-ad">
         <name>.debug_info</name>
         <load_address>0x8985</load_address>
         <run_address>0x8985</run_address>
         <size>0xe8</size>
         <input_file_ref idref="fl-7"/>
      </object_component>
      <object_component id="oc-b5">
         <name>.debug_info</name>
         <load_address>0x8a6d</load_address>
         <run_address>0x8a6d</run_address>
         <size>0x84</size>
         <input_file_ref idref="fl-2"/>
      </object_component>
      <object_component id="oc-ba">
         <name>.debug_info</name>
         <load_address>0x8af1</load_address>
         <run_address>0x8af1</run_address>
         <size>0x18b</size>
         <input_file_ref idref="fl-2"/>
      </object_component>
      <object_component id="oc-bf">
         <name>.debug_info</name>
         <load_address>0x8c7c</load_address>
         <run_address>0x8c7c</run_address>
         <size>0x2c</size>
         <input_file_ref idref="fl-2"/>
      </object_component>
      <object_component id="oc-c4">
         <name>.debug_info</name>
         <load_address>0x8ca8</load_address>
         <run_address>0x8ca8</run_address>
         <size>0x90f</size>
         <input_file_ref idref="fl-2"/>
      </object_component>
      <object_component id="oc-ca">
         <name>.debug_info</name>
         <load_address>0x95b7</load_address>
         <run_address>0x95b7</run_address>
         <size>0x1cb</size>
         <input_file_ref idref="fl-c"/>
      </object_component>
      <object_component id="oc-cc">
         <name>.debug_info</name>
         <load_address>0x9782</load_address>
         <run_address>0x9782</run_address>
         <size>0x167</size>
         <input_file_ref idref="fl-c"/>
      </object_component>
      <object_component id="oc-ce">
         <name>.debug_info</name>
         <load_address>0x98e9</load_address>
         <run_address>0x98e9</run_address>
         <size>0x187</size>
         <input_file_ref idref="fl-c"/>
      </object_component>
      <object_component id="oc-d0">
         <name>.debug_info</name>
         <load_address>0x9a70</load_address>
         <run_address>0x9a70</run_address>
         <size>0xff</size>
         <input_file_ref idref="fl-c"/>
      </object_component>
      <object_component id="oc-d2">
         <name>.debug_info</name>
         <load_address>0x9b6f</load_address>
         <run_address>0x9b6f</run_address>
         <size>0xff</size>
         <input_file_ref idref="fl-c"/>
      </object_component>
      <object_component id="oc-d4">
         <name>.debug_info</name>
         <load_address>0x9c6e</load_address>
         <run_address>0x9c6e</run_address>
         <size>0x137</size>
         <input_file_ref idref="fl-14a"/>
      </object_component>
      <object_component id="oc-d9">
         <name>.debug_info</name>
         <load_address>0x9da5</load_address>
         <run_address>0x9da5</run_address>
         <size>0x2c</size>
         <input_file_ref idref="fl-c"/>
      </object_component>
      <object_component id="oc-de">
         <name>.debug_info</name>
         <load_address>0x9dd1</load_address>
         <run_address>0x9dd1</run_address>
         <size>0x4e</size>
         <input_file_ref idref="fl-2"/>
      </object_component>
      <object_component id="oc-e8">
         <name>.debug_info</name>
         <load_address>0x9e1f</load_address>
         <run_address>0x9e1f</run_address>
         <size>0x14b</size>
         <input_file_ref idref="fl-151"/>
      </object_component>
      <object_component id="oc-ec">
         <name>.debug_info</name>
         <load_address>0x9f6a</load_address>
         <run_address>0x9f6a</run_address>
         <size>0x11b</size>
         <input_file_ref idref="fl-14e"/>
      </object_component>
      <object_component id="oc-ee">
         <name>.debug_info</name>
         <load_address>0xa085</load_address>
         <run_address>0xa085</run_address>
         <size>0xc8</size>
         <input_file_ref idref="fl-14c"/>
      </object_component>
      <object_component id="oc-f0">
         <name>.debug_info</name>
         <load_address>0xa14d</load_address>
         <run_address>0xa14d</run_address>
         <size>0xeb</size>
         <input_file_ref idref="fl-143"/>
      </object_component>
      <object_component id="oc-f2">
         <name>.debug_info</name>
         <load_address>0xa238</load_address>
         <run_address>0xa238</run_address>
         <size>0x146</size>
         <input_file_ref idref="fl-143"/>
      </object_component>
      <object_component id="oc-f6">
         <name>.debug_info</name>
         <load_address>0xa37e</load_address>
         <run_address>0xa37e</run_address>
         <size>0x2c</size>
         <input_file_ref idref="fl-140"/>
      </object_component>
      <object_component id="oc-fd">
         <name>.debug_info</name>
         <load_address>0xa3aa</load_address>
         <run_address>0xa3aa</run_address>
         <size>0x2c</size>
         <input_file_ref idref="fl-3"/>
      </object_component>
      <object_component id="oc-109">
         <name>.debug_info</name>
         <load_address>0xa3d6</load_address>
         <run_address>0xa3d6</run_address>
         <size>0x2c</size>
         <input_file_ref idref="fl-16d"/>
      </object_component>
      <object_component id="oc-10e">
         <name>.debug_info</name>
         <load_address>0xa402</load_address>
         <run_address>0xa402</run_address>
         <size>0x62</size>
         <input_file_ref idref="fl-16e"/>
      </object_component>
      <object_component id="oc-114">
         <name>.debug_info</name>
         <load_address>0xa464</load_address>
         <run_address>0xa464</run_address>
         <size>0x1da</size>
         <input_file_ref idref="fl-172"/>
      </object_component>
      <object_component id="oc-119">
         <name>.debug_info</name>
         <load_address>0xa63e</load_address>
         <run_address>0xa63e</run_address>
         <size>0x1e1</size>
         <input_file_ref idref="fl-171"/>
      </object_component>
      <object_component id="oc-11d">
         <name>.debug_info</name>
         <load_address>0xa81f</load_address>
         <run_address>0xa81f</run_address>
         <size>0x1d6</size>
         <input_file_ref idref="fl-171"/>
      </object_component>
      <object_component id="oc-121">
         <name>.debug_info</name>
         <load_address>0xa9f5</load_address>
         <run_address>0xa9f5</run_address>
         <size>0x1e1</size>
         <input_file_ref idref="fl-171"/>
      </object_component>
      <object_component id="oc-125">
         <name>.debug_info</name>
         <load_address>0xabd6</load_address>
         <run_address>0xabd6</run_address>
         <size>0x1d4</size>
         <input_file_ref idref="fl-171"/>
      </object_component>
      <object_component id="oc-129">
         <name>.debug_info</name>
         <load_address>0xadaa</load_address>
         <run_address>0xadaa</run_address>
         <size>0x279</size>
         <input_file_ref idref="fl-171"/>
      </object_component>
      <object_component id="oc-12d">
         <name>.debug_info</name>
         <load_address>0xb023</load_address>
         <run_address>0xb023</run_address>
         <size>0x202</size>
         <input_file_ref idref="fl-172"/>
      </object_component>
      <object_component id="oc-131">
         <name>.debug_info</name>
         <load_address>0xb225</load_address>
         <run_address>0xb225</run_address>
         <size>0xd5</size>
         <input_file_ref idref="fl-144"/>
      </object_component>
      <object_component id="oc-137">
         <name>.debug_info</name>
         <load_address>0xb2fa</load_address>
         <run_address>0xb2fa</run_address>
         <size>0x13a</size>
         <input_file_ref idref="fl-14b"/>
      </object_component>
      <object_component id="oc-139">
         <name>.debug_info</name>
         <load_address>0xb434</load_address>
         <run_address>0xb434</run_address>
         <size>0x28d</size>
         <input_file_ref idref="fl-11"/>
      </object_component>
      <object_component id="oc-13b">
         <name>.debug_info</name>
         <load_address>0xb6c1</load_address>
         <run_address>0xb6c1</run_address>
         <size>0x84</size>
         <input_file_ref idref="fl-171"/>
      </object_component>
      <object_component id="oc-13f">
         <name>.debug_info</name>
         <load_address>0xb745</load_address>
         <run_address>0xb745</run_address>
         <size>0x336</size>
         <input_file_ref idref="fl-174"/>
      </object_component>
      <object_component id="oc-141">
         <name>.debug_info</name>
         <load_address>0xba7b</load_address>
         <run_address>0xba7b</run_address>
         <size>0x301</size>
         <input_file_ref idref="fl-10"/>
      </object_component>
      <object_component id="oc-14b">
         <name>.debug_info</name>
         <load_address>0xbd7c</load_address>
         <run_address>0xbd7c</run_address>
         <size>0xfc</size>
         <input_file_ref idref="fl-147"/>
      </object_component>
      <object_component id="oc-162">
         <name>.debug_info</name>
         <load_address>0xbe78</load_address>
         <run_address>0xbe78</run_address>
         <size>0xe2</size>
         <input_file_ref idref="fl-7"/>
      </object_component>
      <object_component id="oc-166">
         <name>.debug_info</name>
         <load_address>0xbf5a</load_address>
         <run_address>0xbf5a</run_address>
         <size>0x119</size>
         <input_file_ref idref="fl-7"/>
      </object_component>
      <object_component id="oc-195">
         <name>.debug_info</name>
         <load_address>0xc073</load_address>
         <run_address>0xc073</run_address>
         <size>0x53</size>
         <input_file_ref idref="fl-2"/>
      </object_component>
      <object_component id="oc-19b">
         <name>.debug_info</name>
         <load_address>0xc0c6</load_address>
         <run_address>0xc0c6</run_address>
         <size>0x334</size>
         <input_file_ref idref="fl-6"/>
      </object_component>
      <object_component id="oc-19d">
         <name>.debug_info</name>
         <load_address>0xc3fa</load_address>
         <run_address>0xc3fa</run_address>
         <size>0xe7</size>
         <input_file_ref idref="fl-6"/>
      </object_component>
      <object_component id="oc-1a5">
         <name>.debug_info</name>
         <load_address>0xc4e1</load_address>
         <run_address>0xc4e1</run_address>
         <size>0x127</size>
         <input_file_ref idref="fl-6"/>
      </object_component>
      <object_component id="oc-1b1">
         <name>.debug_info</name>
         <load_address>0xc608</load_address>
         <run_address>0xc608</run_address>
         <size>0x2e7</size>
         <input_file_ref idref="fl-e"/>
      </object_component>
      <object_component id="oc-1b4">
         <name>.debug_info</name>
         <load_address>0xc8ef</load_address>
         <run_address>0xc8ef</run_address>
         <size>0x13e</size>
         <input_file_ref idref="fl-2"/>
      </object_component>
      <object_component id="oc-1ce">
         <name>.debug_info</name>
         <load_address>0xca2d</load_address>
         <run_address>0xca2d</run_address>
         <size>0x1a0</size>
         <input_file_ref idref="fl-145"/>
      </object_component>
      <object_component id="oc-1d3">
         <name>.debug_info</name>
         <load_address>0xcbcd</load_address>
         <run_address>0xcbcd</run_address>
         <size>0xdc</size>
         <input_file_ref idref="fl-2"/>
      </object_component>
      <object_component id="oc-1d5">
         <name>.debug_info</name>
         <load_address>0xcca9</load_address>
         <run_address>0xcca9</run_address>
         <size>0x108</size>
         <input_file_ref idref="fl-2"/>
      </object_component>
      <object_component id="oc-1d9">
         <name>.debug_info</name>
         <load_address>0xcdb1</load_address>
         <run_address>0xcdb1</run_address>
         <size>0x345</size>
         <input_file_ref idref="fl-5"/>
      </object_component>
      <object_component id="oc-1e2">
         <name>.debug_info</name>
         <load_address>0xd0f6</load_address>
         <run_address>0xd0f6</run_address>
         <size>0x39c</size>
         <input_file_ref idref="fl-2"/>
      </object_component>
      <object_component id="oc-1f4">
         <name>.debug_info</name>
         <load_address>0xd492</load_address>
         <run_address>0xd492</run_address>
         <size>0x148</size>
         <input_file_ref idref="fl-151"/>
      </object_component>
      <object_component id="oc-1f7">
         <name>.debug_info</name>
         <load_address>0xd5da</load_address>
         <run_address>0xd5da</run_address>
         <size>0x5e</size>
         <input_file_ref idref="fl-14e"/>
      </object_component>
      <object_component id="oc-200">
         <name>.debug_info</name>
         <load_address>0xd638</load_address>
         <run_address>0xd638</run_address>
         <size>0x1d4</size>
         <input_file_ref idref="fl-14c"/>
      </object_component>
      <object_component id="oc-203">
         <name>.debug_info</name>
         <load_address>0xd80c</load_address>
         <run_address>0xd80c</run_address>
         <size>0xd9</size>
         <input_file_ref idref="fl-14c"/>
      </object_component>
      <object_component id="oc-209">
         <name>.debug_info</name>
         <load_address>0xd8e5</load_address>
         <run_address>0xd8e5</run_address>
         <size>0x1b2</size>
         <input_file_ref idref="fl-172"/>
      </object_component>
      <object_component id="oc-20b">
         <name>.debug_info</name>
         <load_address>0xda97</load_address>
         <run_address>0xda97</run_address>
         <size>0x391</size>
         <input_file_ref idref="fl-172"/>
      </object_component>
      <object_component id="oc-20d">
         <name>.debug_info</name>
         <load_address>0xde28</load_address>
         <run_address>0xde28</run_address>
         <size>0x338</size>
         <input_file_ref idref="fl-171"/>
      </object_component>
      <object_component id="oc-213">
         <name>.debug_info</name>
         <load_address>0xe160</load_address>
         <run_address>0xe160</run_address>
         <size>0x108</size>
         <input_file_ref idref="fl-172"/>
      </object_component>
      <object_component id="oc-219">
         <name>.debug_info</name>
         <load_address>0xe268</load_address>
         <run_address>0xe268</run_address>
         <size>0x7d</size>
         <input_file_ref idref="fl-f"/>
      </object_component>
      <object_component id="oc-220">
         <name>.debug_info</name>
         <load_address>0xe2e5</load_address>
         <run_address>0xe2e5</run_address>
         <size>0x2c</size>
         <input_file_ref idref="fl-171"/>
      </object_component>
      <object_component id="oc-22b">
         <name>.debug_info</name>
         <load_address>0xe311</load_address>
         <run_address>0xe311</run_address>
         <size>0xd0</size>
         <input_file_ref idref="fl-2"/>
      </object_component>
      <object_component id="oc-232">
         <name>.debug_info</name>
         <load_address>0xe3e1</load_address>
         <run_address>0xe3e1</run_address>
         <size>0x237</size>
         <input_file_ref idref="fl-6"/>
      </object_component>
      <object_component id="oc-23d">
         <name>.debug_info</name>
         <load_address>0xe618</load_address>
         <run_address>0xe618</run_address>
         <size>0x2f8</size>
         <input_file_ref idref="fl-e"/>
      </object_component>
      <object_component id="oc-242">
         <name>.debug_info</name>
         <load_address>0xe910</load_address>
         <run_address>0xe910</run_address>
         <size>0x41</size>
         <input_file_ref idref="fl-2"/>
      </object_component>
      <object_component id="oc-247">
         <name>.debug_info</name>
         <load_address>0xe951</load_address>
         <run_address>0xe951</run_address>
         <size>0x55</size>
         <input_file_ref idref="fl-2"/>
      </object_component>
      <object_component id="oc-24d">
         <name>.debug_info</name>
         <load_address>0xe9a6</load_address>
         <run_address>0xe9a6</run_address>
         <size>0xaa</size>
         <input_file_ref idref="fl-145"/>
      </object_component>
      <object_component id="oc-253">
         <name>.debug_info</name>
         <load_address>0xea50</load_address>
         <run_address>0xea50</run_address>
         <size>0xf3</size>
         <input_file_ref idref="fl-5"/>
      </object_component>
      <object_component id="oc-256">
         <name>.debug_info</name>
         <load_address>0xeb43</load_address>
         <run_address>0xeb43</run_address>
         <size>0x169</size>
         <input_file_ref idref="fl-2"/>
      </object_component>
      <object_component id="oc-25b">
         <name>.debug_info</name>
         <load_address>0xecac</load_address>
         <run_address>0xecac</run_address>
         <size>0xc8</size>
         <input_file_ref idref="fl-2"/>
      </object_component>
      <object_component id="oc-262">
         <name>.debug_info</name>
         <load_address>0xed74</load_address>
         <run_address>0xed74</run_address>
         <size>0xcd</size>
         <input_file_ref idref="fl-151"/>
      </object_component>
      <object_component id="oc-272">
         <name>.debug_info</name>
         <load_address>0xee41</load_address>
         <run_address>0xee41</run_address>
         <size>0x69</size>
         <input_file_ref idref="fl-6"/>
      </object_component>
      <object_component id="oc-277">
         <name>.debug_info</name>
         <load_address>0xeeaa</load_address>
         <run_address>0xeeaa</run_address>
         <size>0x2c</size>
         <input_file_ref idref="fl-2"/>
      </object_component>
      <object_component id="oc-29f">
         <name>.debug_info</name>
         <load_address>0xeed6</load_address>
         <run_address>0xeed6</run_address>
         <size>0xad</size>
      </object_component>
      <object_component id="oc-10">
         <name>.debug_aranges</name>
         <load_address>0x0</load_address>
         <run_address>0x0</run_address>
         <size>0x20</size>
         <input_file_ref idref="fl-13f"/>
      </object_component>
      <object_component id="oc-16">
         <name>.debug_aranges</name>
         <load_address>0x20</load_address>
         <run_address>0x20</run_address>
         <size>0x20</size>
         <input_file_ref idref="fl-140"/>
      </object_component>
      <object_component id="oc-1c">
         <name>.debug_aranges</name>
         <load_address>0x40</load_address>
         <run_address>0x40</run_address>
         <size>0x20</size>
         <input_file_ref idref="fl-142"/>
      </object_component>
      <object_component id="oc-1e">
         <name>.debug_aranges</name>
         <load_address>0x60</load_address>
         <run_address>0x60</run_address>
         <size>0x20</size>
         <input_file_ref idref="fl-141"/>
      </object_component>
      <object_component id="oc-29">
         <name>.debug_aranges</name>
         <load_address>0x80</load_address>
         <run_address>0x80</run_address>
         <size>0x38</size>
         <input_file_ref idref="fl-d"/>
      </object_component>
      <object_component id="oc-2e">
         <name>.debug_aranges</name>
         <load_address>0xb8</load_address>
         <run_address>0xb8</run_address>
         <size>0x88</size>
         <input_file_ref idref="fl-f"/>
      </object_component>
      <object_component id="oc-33">
         <name>.debug_aranges</name>
         <load_address>0x140</load_address>
         <run_address>0x140</run_address>
         <size>0xa8</size>
         <input_file_ref idref="fl-c"/>
      </object_component>
      <object_component id="oc-3a">
         <name>.debug_aranges</name>
         <load_address>0x1e8</load_address>
         <run_address>0x1e8</run_address>
         <size>0x28</size>
         <input_file_ref idref="fl-150"/>
      </object_component>
      <object_component id="oc-3d">
         <name>.debug_aranges</name>
         <load_address>0x210</load_address>
         <run_address>0x210</run_address>
         <size>0x20</size>
         <input_file_ref idref="fl-14e"/>
      </object_component>
      <object_component id="oc-44">
         <name>.debug_aranges</name>
         <load_address>0x230</load_address>
         <run_address>0x230</run_address>
         <size>0x30</size>
         <input_file_ref idref="fl-143"/>
      </object_component>
      <object_component id="oc-4b">
         <name>.debug_aranges</name>
         <load_address>0x260</load_address>
         <run_address>0x260</run_address>
         <size>0x20</size>
         <input_file_ref idref="fl-146"/>
      </object_component>
      <object_component id="oc-5c">
         <name>.debug_aranges</name>
         <load_address>0x280</load_address>
         <run_address>0x280</run_address>
         <size>0x20</size>
         <input_file_ref idref="fl-141"/>
      </object_component>
      <object_component id="oc-6e">
         <name>.debug_aranges</name>
         <load_address>0x2a0</load_address>
         <run_address>0x2a0</run_address>
         <size>0x58</size>
         <input_file_ref idref="fl-11"/>
      </object_component>
      <object_component id="oc-77">
         <name>.debug_aranges</name>
         <load_address>0x2f8</load_address>
         <run_address>0x2f8</run_address>
         <size>0xd8</size>
         <input_file_ref idref="fl-10"/>
      </object_component>
      <object_component id="oc-7c">
         <name>.debug_aranges</name>
         <load_address>0x3d0</load_address>
         <run_address>0x3d0</run_address>
         <size>0x98</size>
         <input_file_ref idref="fl-7"/>
      </object_component>
      <object_component id="oc-81">
         <name>.debug_aranges</name>
         <load_address>0x468</load_address>
         <run_address>0x468</run_address>
         <size>0x40</size>
         <input_file_ref idref="fl-6"/>
      </object_component>
      <object_component id="oc-9e">
         <name>.debug_aranges</name>
         <load_address>0x4a8</load_address>
         <run_address>0x4a8</run_address>
         <size>0x28</size>
         <input_file_ref idref="fl-e"/>
      </object_component>
      <object_component id="oc-a3">
         <name>.debug_aranges</name>
         <load_address>0x4d0</load_address>
         <run_address>0x4d0</run_address>
         <size>0x88</size>
         <input_file_ref idref="fl-2"/>
      </object_component>
      <object_component id="oc-d5">
         <name>.debug_aranges</name>
         <load_address>0x558</load_address>
         <run_address>0x558</run_address>
         <size>0x28</size>
         <input_file_ref idref="fl-14a"/>
      </object_component>
      <object_component id="oc-e7">
         <name>.debug_aranges</name>
         <load_address>0x580</load_address>
         <run_address>0x580</run_address>
         <size>0x20</size>
         <input_file_ref idref="fl-151"/>
      </object_component>
      <object_component id="oc-133">
         <name>.debug_aranges</name>
         <load_address>0x5a0</load_address>
         <run_address>0x5a0</run_address>
         <size>0x20</size>
         <input_file_ref idref="fl-144"/>
      </object_component>
      <object_component id="oc-135">
         <name>.debug_aranges</name>
         <load_address>0x5c0</load_address>
         <run_address>0x5c0</run_address>
         <size>0x28</size>
         <input_file_ref idref="fl-14b"/>
      </object_component>
      <object_component id="oc-14d">
         <name>.debug_aranges</name>
         <load_address>0x5e8</load_address>
         <run_address>0x5e8</run_address>
         <size>0x28</size>
         <input_file_ref idref="fl-147"/>
      </object_component>
      <object_component id="oc-1d1">
         <name>.debug_aranges</name>
         <load_address>0x610</load_address>
         <run_address>0x610</run_address>
         <size>0x20</size>
         <input_file_ref idref="fl-145"/>
      </object_component>
      <object_component id="oc-1dc">
         <name>.debug_aranges</name>
         <load_address>0x630</load_address>
         <run_address>0x630</run_address>
         <size>0x38</size>
         <input_file_ref idref="fl-5"/>
      </object_component>
      <object_component id="oc-1fd">
         <name>.debug_aranges</name>
         <load_address>0x668</load_address>
         <run_address>0x668</run_address>
         <size>0x30</size>
         <input_file_ref idref="fl-14c"/>
      </object_component>
      <object_component id="oc-12">
         <name>.debug_line</name>
         <load_address>0x0</load_address>
         <run_address>0x0</run_address>
         <size>0x4f</size>
         <input_file_ref idref="fl-13f"/>
      </object_component>
      <object_component id="oc-17">
         <name>.debug_line</name>
         <load_address>0x4f</load_address>
         <run_address>0x4f</run_address>
         <size>0x55</size>
         <input_file_ref idref="fl-140"/>
      </object_component>
      <object_component id="oc-1a">
         <name>.debug_line</name>
         <load_address>0xa4</load_address>
         <run_address>0xa4</run_address>
         <size>0x4c</size>
         <input_file_ref idref="fl-142"/>
      </object_component>
      <object_component id="oc-21">
         <name>.debug_line</name>
         <load_address>0xf0</load_address>
         <run_address>0xf0</run_address>
         <size>0x4b</size>
         <input_file_ref idref="fl-141"/>
      </object_component>
      <object_component id="oc-27">
         <name>.debug_line</name>
         <load_address>0x13b</load_address>
         <run_address>0x13b</run_address>
         <size>0x94</size>
         <input_file_ref idref="fl-d"/>
      </object_component>
      <object_component id="oc-2c">
         <name>.debug_line</name>
         <load_address>0x1cf</load_address>
         <run_address>0x1cf</run_address>
         <size>0x2e1</size>
         <input_file_ref idref="fl-f"/>
      </object_component>
      <object_component id="oc-31">
         <name>.debug_line</name>
         <load_address>0x4b0</load_address>
         <run_address>0x4b0</run_address>
         <size>0x533</size>
         <input_file_ref idref="fl-c"/>
      </object_component>
      <object_component id="oc-35">
         <name>.debug_line</name>
         <load_address>0x9e3</load_address>
         <run_address>0x9e3</run_address>
         <size>0x34</size>
         <input_file_ref idref="fl-d"/>
      </object_component>
      <object_component id="oc-39">
         <name>.debug_line</name>
         <load_address>0xa17</load_address>
         <run_address>0xa17</run_address>
         <size>0x87</size>
         <input_file_ref idref="fl-150"/>
      </object_component>
      <object_component id="oc-3f">
         <name>.debug_line</name>
         <load_address>0xa9e</load_address>
         <run_address>0xa9e</run_address>
         <size>0x50</size>
         <input_file_ref idref="fl-14e"/>
      </object_component>
      <object_component id="oc-43">
         <name>.debug_line</name>
         <load_address>0xaee</load_address>
         <run_address>0xaee</run_address>
         <size>0x7a</size>
         <input_file_ref idref="fl-143"/>
      </object_component>
      <object_component id="oc-49">
         <name>.debug_line</name>
         <load_address>0xb68</load_address>
         <run_address>0xb68</run_address>
         <size>0x88</size>
         <input_file_ref idref="fl-146"/>
      </object_component>
      <object_component id="oc-4f">
         <name>.debug_line</name>
         <load_address>0xbf0</load_address>
         <run_address>0xbf0</run_address>
         <size>0x3a</size>
         <input_file_ref idref="fl-140"/>
      </object_component>
      <object_component id="oc-56">
         <name>.debug_line</name>
         <load_address>0xc2a</load_address>
         <run_address>0xc2a</run_address>
         <size>0x34</size>
         <input_file_ref idref="fl-142"/>
      </object_component>
      <object_component id="oc-5d">
         <name>.debug_line</name>
         <load_address>0xc5e</load_address>
         <run_address>0xc5e</run_address>
         <size>0x8c</size>
         <input_file_ref idref="fl-141"/>
      </object_component>
      <object_component id="oc-63">
         <name>.debug_line</name>
         <load_address>0xcea</load_address>
         <run_address>0xcea</run_address>
         <size>0x39</size>
         <input_file_ref idref="fl-141"/>
      </object_component>
      <object_component id="oc-67">
         <name>.debug_line</name>
         <load_address>0xd23</load_address>
         <run_address>0xd23</run_address>
         <size>0x2c</size>
         <input_file_ref idref="fl-16e"/>
      </object_component>
      <object_component id="oc-6c">
         <name>.debug_line</name>
         <load_address>0xd4f</load_address>
         <run_address>0xd4f</run_address>
         <size>0x1d7</size>
         <input_file_ref idref="fl-11"/>
      </object_component>
      <object_component id="oc-71">
         <name>.debug_line</name>
         <load_address>0xf26</load_address>
         <run_address>0xf26</run_address>
         <size>0x69</size>
         <input_file_ref idref="fl-174"/>
      </object_component>
      <object_component id="oc-75">
         <name>.debug_line</name>
         <load_address>0xf8f</load_address>
         <run_address>0xf8f</run_address>
         <size>0x440</size>
         <input_file_ref idref="fl-10"/>
[...]
         <object_component_ref idref="oc-1d8"/>
      </symbol>
      <symbol id="sm-15b">
         <name>uip_arp_init</name>
         <value>0x3e09</value>
         <object_component_ref idref="oc-7d"/>
      </symbol>
      <symbol id="sm-15c">
         <name>uip_arp_arpin</name>
         <value>0x3fcd</value>
         <object_component_ref idref="oc-7d"/>
      </symbol>
      <symbol id="sm-15d">
         <name>uip_arp_timer</name>
         <value>0x3e41</value>
         <object_component_ref idref="oc-7d"/>
      </symbol>
      <symbol id="sm-15e">
         <name>uip_arp_out</name>
         <value>0x40b9</value>
         <object_component_ref idref="oc-7d"/>
      </symbol>
      <symbol id="sm-366">
         <name>uip_hostaddr</name>
         <value>0x20000bb4</value>
      </symbol>
      <symbol id="sm-367">
         <name>uip_draddr</name>
         <value>0x20000bb0</value>
      </symbol>
      <symbol id="sm-368">
         <name>uip_netmask</name>
         <value>0x20000bb8</value>
      </symbol>
      <symbol id="sm-369">
         <name>uip_appdata</name>
         <value>0x20000ba8</value>
      </symbol>
      <symbol id="sm-36a">
         <name>uip_sappdata</name>
         <value>0x20000bbc</value>
      </symbol>
      <symbol id="sm-36b">
         <name>uip_len</name>
         <value>0x20000bce</value>
      </symbol>
      <symbol id="sm-36c">
         <name>uip_slen</name>
         <value>0x20000bd0</value>
      </symbol>
      <symbol id="sm-36d">
         <name>uip_flags</name>
         <value>0x20000bda</value>
      </symbol>
      <symbol id="sm-36e">
         <name>uip_conn</name>
         <value>0x20000bac</value>
      </symbol>
      <symbol id="sm-36f">
         <name>uip_listenports</name>
         <value>0x20000b6c</value>
      </symbol>
      <symbol id="sm-370">
         <name>uip_udp_conn</name>
         <value>0x20000bc0</value>
      </symbol>
      <symbol id="sm-371">
         <name>uip_acc32</name>
         <value>0x20000ba4</value>
      </symbol>
      <symbol id="sm-372">
         <name>uip_setipid</name>
         <value>0x26d</value>
         <object_component_ref idref="oc-78"/>
      </symbol>
      <symbol id="sm-373">
         <name>uip_connect</name>
         <value>0x50d</value>
         <object_component_ref idref="oc-78"/>
      </symbol>
      <symbol id="sm-374">
         <name>htons</name>
         <value>0x1931</value>
         <object_component_ref idref="oc-78"/>
      </symbol>
      <symbol id="sm-375">
         <name>uip_ipchksum</name>
         <value>0x3d9</value>
         <object_component_ref idref="oc-78"/>
      </symbol>
      <symbol id="sm-376">
         <name>uip_ethaddr</name>
         <value>0x200015d8</value>
         <object_component_ref idref="oc-ac"/>
      </symbol>
      <symbol id="sm-377">
         <name>uip_stat</name>
         <value>0x20000b38</value>
         <object_component_ref idref="oc-161"/>
      </symbol>
      <symbol id="sm-378">
         <name>uip_udp_new</name>
         <value>0x621</value>
         <object_component_ref idref="oc-78"/>
      </symbol>
      <symbol id="sm-379">
         <name>uip_buf</name>
         <value>0x20000400</value>
         <object_component_ref idref="oc-8d"/>
      </symbol>
      <symbol id="sm-37a">
         <name>uip_udp_conns</name>
         <value>0x20000ac4</value>
         <object_component_ref idref="oc-90"/>
      </symbol>
      <symbol id="sm-37b">
         <name>uip_conns</name>
         <value>0x200007ec</value>
         <object_component_ref idref="oc-8a"/>
      </symbol>
      <symbol id="sm-37c">
         <name>uip_unlisten</name>
         <value>0x6f9</value>
         <object_component_ref idref="oc-78"/>
      </symbol>
      <symbol id="sm-37d">
         <name>uip_add32</name>
         <value>0x281</value>
         <object_component_ref idref="oc-78"/>
      </symbol>
      <symbol id="sm-37e">
         <name>uip_listen</name>
         <value>0x751</value>
         <object_component_ref idref="oc-78"/>
      </symbol>
      <symbol id="sm-37f">
         <name>uip_init</name>
         <value>0x46b</value>
         <object_component_ref idref="oc-78"/>
      </symbol>
      <symbol id="sm-380">
         <name>uip_send</name>
         <value>0x1951</value>
         <object_component_ref idref="oc-78"/>
      </symbol>
      <symbol id="sm-381">
         <name>uip_chksum</name>
         <value>0x3bf</value>
         <object_component_ref idref="oc-78"/>
      </symbol>
      <symbol id="sm-382">
         <name>uip_tcpchksum</name>
         <value>0x461</value>
         <object_component_ref idref="oc-78"/>
      </symbol>
      <symbol id="sm-383">
         <name>uip_process</name>
         <value>0x80d</value>
         <object_component_ref idref="oc-78"/>
      </symbol>
      <symbol id="sm-447">
         <name>UARTTxBytesFree</name>
         <value>0x2a13</value>
         <object_component_ref idref="oc-2f"/>
      </symbol>
      <symbol id="sm-448">
         <name>UARTFlushRx</name>
         <value>0x2a81</value>
         <object_component_ref idref="oc-2f"/>
      </symbol>
      <symbol id="sm-449">
         <name>UARTgetc</name>
         <value>0x269d</value>
         <object_component_ref idref="oc-2f"/>
      </symbol>
      <symbol id="sm-44a">
         <name>UARTgets</name>
         <value>0x2621</value>
         <object_component_ref idref="oc-2f"/>
      </symbol>
      <symbol id="sm-44b">
         <name>UARTFlushTx</name>
         <value>0x2aab</value>
         <object_component_ref idref="oc-2f"/>
      </symbol>
      <symbol id="sm-44c">
         <name>UARTStdioConfig</name>
         <value>0x248f</value>
         <object_component_ref idref="oc-2f"/>
      </symbol>
      <symbol id="sm-44d">
         <name>UARTStdioInit</name>
         <value>0x2547</value>
         <object_component_ref idref="oc-2f"/>
      </symbol>
      <symbol id="sm-44e">
         <name>UARTStdioInitExpClk</name>
         <value>0x2561</value>
         <object_component_ref idref="oc-2f"/>
      </symbol>
      <symbol id="sm-44f">
         <name>UARTStdioIntHandler</name>
         <value>0x2b15</value>
         <object_component_ref idref="oc-2f"/>
      </symbol>
      <symbol id="sm-450">
         <name>UARTRxBytesAvail</name>
         <value>0x2a05</value>
         <object_component_ref idref="oc-2f"/>
      </symbol>
      <symbol id="sm-451">
         <name>UARTwrite</name>
         <value>0x257b</value>
         <object_component_ref idref="oc-2f"/>
      </symbol>
      <symbol id="sm-452">
         <name>UARTPeek</name>
         <value>0x2a27</value>
         <object_component_ref idref="oc-2f"/>
      </symbol>
      <symbol id="sm-453">
         <name>UARTEchoSet</name>
         <value>0x2ae9</value>
         <object_component_ref idref="oc-2f"/>
      </symbol>
      <symbol id="sm-454">
         <name>UARTprintf</name>
         <value>0x2705</value>
         <object_component_ref idref="oc-2f"/>
      </symbol>
      <symbol id="sm-46e">
         <name>ResetISR</name>
         <value>0x4ecf</value>
         <object_component_ref idref="oc-25"/>
      </symbol>
      <symbol id="sm-46f">
         <name>g_pfnVectors</name>
         <value>0x0</value>
         <object_component_ref idref="oc-d"/>
      </symbol>
      <symbol id="sm-4a7">
         <name>request</name>
         <value>0x20000b9c</value>
      </symbol>
      <symbol id="sm-4a8">
         <name>wResponse</name>
         <value>0x20000bc4</value>
      </symbol>
      <symbol id="sm-4a9">
         <name>rResponse</name>
         <value>0x20000b98</value>
      </symbol>
      <symbol id="sm-4aa">
         <name>error</name>
         <value>0x20000b7c</value>
      </symbol>
      <symbol id="sm-4ab">
         <name>request23</name>
         <value>0x20000ba0</value>
      </symbol>
      <symbol id="sm-4ac">
         <name>modbusd_appcall</name>
         <value>0x42b9</value>
         <object_component_ref idref="oc-9a"/>
      </symbol>
      <symbol id="sm-4ad">
         <name>modRegisters</name>
         <value>0x200009e4</value>
         <object_component_ref idref="oc-82"/>
      </symbol>
      <symbol id="sm-4ae">
         <name>mobdusd_init</name>
         <value>0x42ad</value>
         <object_component_ref idref="oc-9a"/>
      </symbol>
      <symbol id="sm-53b">
         <name>lPeriodicTimer</name>
         <value>0x20000b94</value>
      </symbol>
      <symbol id="sm-53c">
         <name>lARPTimer</name>
         <value>0x20000b90</value>
      </symbol>
      <symbol id="sm-53d">
         <name>g_ulTickCounter</name>
         <value>0x200015e0</value>
         <object_component_ref idref="oc-98"/>
      </symbol>
      <symbol id="sm-53e">
         <name>SysTickIntHandler</name>
         <value>0x2e8d</value>
         <object_component_ref idref="oc-2a"/>
      </symbol>
      <symbol id="sm-53f">
         <name>spi_mem_write</name>
         <value>0x3091</value>
         <object_component_ref idref="oc-2a"/>
      </symbol>
      <symbol id="sm-540">
         <name>spi_mem_read</name>
         <value>0x3111</value>
         <object_component_ref idref="oc-2a"/>
      </symbol>
      <symbol id="sm-541">
         <name>uip_log</name>
         <value>0x319d</value>
         <object_component_ref idref="oc-2a"/>
      </symbol>
      <symbol id="sm-542">
         <name>GPIOPortEIntHandler</name>
         <value>0x2eb5</value>
         <object_component_ref idref="oc-2a"/>
      </symbol>
      <symbol id="sm-543">
         <name>main</name>
         <value>0x2ca1</value>
         <object_component_ref idref="oc-2a"/>
      </symbol>
      <symbol id="sm-544">
         <name>dhcpc_configured</name>
         <value>0x2e33</value>
         <object_component_ref idref="oc-2a"/>
      </symbol>
      <symbol id="sm-545">
         <name>startup</name>
         <value>0x31ed</value>
         <object_component_ref idref="oc-2a"/>
      </symbol>
      <symbol id="sm-546">
         <name>spi_send</name>
         <value>0x2e09</value>
         <object_component_ref idref="oc-2a"/>
      </symbol>
      <symbol id="sm-547">
         <name>clock_time</name>
         <value>0x2eaf</value>
         <object_component_ref idref="oc-2a"/>
      </symbol>
      <symbol id="sm-548">
         <name>mac_addr</name>
         <value>0x4ff8</value>
         <object_component_ref idref="oc-a4"/>
      </symbol>
      <symbol id="sm-5a6">
         <name>enc_action</name>
         <value>0x2235</value>
         <object_component_ref idref="oc-73"/>
      </symbol>
      <symbol id="sm-5a7">
         <name>enc_send_packet</name>
         <value>0x2265</value>
         <object_component_ref idref="oc-73"/>
      </symbol>
      <symbol id="sm-5a8">
         <name>enc_get_mac_addr</name>
         <value>0x1f5f</value>
         <object_component_ref idref="oc-73"/>
      </symbol>
      <symbol id="sm-5a9">
         <name>enc_init</name>
         <value>0x1fb1</value>
         <object_component_ref idref="oc-73"/>
      </symbol>
      <symbol id="sm-5aa">
         <name>enc_reset</name>
         <value>0x1a35</value>
         <object_component_ref idref="oc-73"/>
      </symbol>
      <symbol id="sm-5ab">
         <name>enc_phy_write</name>
         <value>0x1e3f</value>
         <object_component_ref idref="oc-73"/>
      </symbol>
      <symbol id="sm-5f0">
         <name>setBitN</name>
         <value>0x3a3d</value>
         <object_component_ref idref="oc-6a"/>
      </symbol>
      <symbol id="sm-5f1">
         <name>read8Bits</name>
         <value>0x3ae9</value>
         <object_component_ref idref="oc-6a"/>
      </symbol>
      <symbol id="sm-5f2">
         <name>readBit</name>
         <value>0x3a55</value>
         <object_component_ref idref="oc-6a"/>
      </symbol>
      <symbol id="sm-5f3">
         <name>timer</name>
         <value>0x3d2d</value>
         <object_component_ref idref="oc-6a"/>
      </symbol>
      <symbol id="sm-5f4">
         <name>write8Bits</name>
         <value>0x3c19</value>
         <object_component_ref idref="oc-6a"/>
      </symbol>
      <symbol id="sm-5f5">
         <name>writeBit</name>
         <value>0x3b99</value>
         <object_component_ref idref="oc-6a"/>
      </symbol>
      <symbol id="sm-5f6">
         <name>timerSetup</name>
         <value>0x3945</value>
         <object_component_ref idref="oc-6a"/>
      </symbol>
      <symbol id="sm-5f7">
         <name>setupIO</name>
         <value>0x397b</value>
         <object_component_ref idref="oc-6a"/>
      </symbol>
      <symbol id="sm-606">
         <name>_c_int00</name>
         <value>0x4cd1</value>
         <object_component_ref idref="oc-f"/>
      </symbol>
      <symbol id="sm-607">
         <name>__stack</name>
         <value>0x200013b0</value>
         <object_component_ref idref="oc-22"/>
      </symbol>
      <symbol id="sm-61d">
         <name>__TI_decompress_none</name>
         <value>0x4ec1</value>
         <object_component_ref idref="oc-13"/>
      </symbol>
      <symbol id="sm-63f">
         <name>__TI_decompress_rle24</name>
         <value>0x4ef3</value>
         <object_component_ref idref="oc-1d"/>
      </symbol>
      <symbol id="sm-652">
         <name>__TI_zero_init</name>
         <value>0x4ea1</value>
         <object_component_ref idref="oc-18"/>
      </symbol>
      <symbol id="sm-66e">
         <name>C$$EXIT</name>
         <value>0x4d5d</value>
         <object_component_ref idref="oc-40"/>
      </symbol>
      <symbol id="sm-66f">
         <name>abort</name>
         <value>0x4d61</value>
         <object_component_ref idref="oc-40"/>
      </symbol>
      <symbol id="sm-670">
         <name>exit</name>
         <value>0x4d69</value>
         <object_component_ref idref="oc-40"/>
      </symbol>
      <symbol id="sm-671">
         <name>__TI_dtors_ptr</name>
         <value>0x200015d4</value>
         <object_component_ref idref="oc-ef"/>
      </symbol>
      <symbol id="sm-672">
         <name>__TI_cleanup_ptr</name>
         <value>0x200015d0</value>
         <object_component_ref idref="oc-ef"/>
      </symbol>
      <symbol id="sm-67a">
         <name>__aeabi_lmul</name>
         <value>0x4e49</value>
         <object_component_ref idref="oc-130"/>
      </symbol>
      <symbol id="sm-689">
         <name>memcmp</name>
         <value>0x4e0d</value>
         <object_component_ref idref="oc-1cd"/>
      </symbol>
      <symbol id="sm-6a3">
         <name>memcpy</name>
         <value>0x4a19</value>
         <object_component_ref idref="oc-48"/>
      </symbol>
      <symbol id="sm-6a4">
         <name>__aeabi_memcpy</name>
         <value>0x4a19</value>
         <object_component_ref idref="oc-48"/>
      </symbol>
      <symbol id="sm-6a5">
         <name>__aeabi_memcpy8</name>
         <value>0x4a19</value>
         <object_component_ref idref="oc-48"/>
      </symbol>
      <symbol id="sm-6a6">
         <name>__aeabi_memcpy4</name>
         <value>0x4a19</value>
         <object_component_ref idref="oc-48"/>
      </symbol>
      <symbol id="sm-6b4">
         <name>__aeabi_memset</name>
         <value>0x4b4b</value>
         <object_component_ref idref="oc-14a"/>
      </symbol>
      <symbol id="sm-6b5">
         <name>memset</name>
         <value>0x4b51</value>
         <object_component_ref idref="oc-14a"/>
      </symbol>
      <symbol id="sm-6b6">
         <name>__aeabi_memset8</name>
         <value>0x4b4b</value>
         <object_component_ref idref="oc-14a"/>
      </symbol>
      <symbol id="sm-6b7">
         <name>__aeabi_memset4</name>
         <value>0x4b4b</value>
         <object_component_ref idref="oc-14a"/>
      </symbol>
      <symbol id="sm-6b8">
         <name>__aeabi_memclr8</name>
         <value>0x4b49</value>
         <object_component_ref idref="oc-14a"/>
      </symbol>
      <symbol id="sm-6b9">
         <name>__aeabi_memclr4</name>
         <value>0x4b49</value>
         <object_component_ref idref="oc-14a"/>
      </symbol>
      <symbol id="sm-6ba">
         <name>__aeabi_memclr</name>
         <value>0x4b49</value>
         <object_component_ref idref="oc-14a"/>
      </symbol>
      <symbol id="sm-6c2">
         <name>main_func_sp</name>
         <value>0x200015e4</value>
         <object_component_ref idref="oc-45"/>
      </symbol>
      <symbol id="sm-6d1">
         <name>__aeabi_uidivmod</name>
         <value>0x4da1</value>
         <object_component_ref idref="oc-d3"/>
      </symbol>
      <symbol id="sm-6ec">
         <name>__aeabi_uldivmod</name>
         <value>0x464d</value>
         <object_component_ref idref="oc-134"/>
      </symbol>
      <symbol id="sm-702">
         <name>_nop</name>
         <value>0x4e9b</value>
         <object_component_ref idref="oc-1fc"/>
      </symbol>
      <symbol id="sm-703">
         <name>_lock</name>
         <value>0x200015c8</value>
         <object_component_ref idref="oc-ed"/>
      </symbol>
      <symbol id="sm-704">
         <name>_unlock</name>
         <value>0x200015cc</value>
         <object_component_ref idref="oc-ed"/>
      </symbol>
      <symbol id="sm-705">
         <name>_register_lock</name>
         <value>0x4e93</value>
         <object_component_ref idref="oc-1fc"/>
      </symbol>
      <symbol id="sm-706">
         <name>_register_unlock</name>
         <value>0x4e8d</value>
         <object_component_ref idref="oc-1fc"/>
      </symbol>
      <symbol id="sm-71a">
         <name>_args_main</name>
         <value>0x4e31</value>
         <object_component_ref idref="oc-3b"/>
      </symbol>
      <symbol id="sm-737">
         <name>__TI_auto_init</name>
         <value>0x4ab5</value>
         <object_component_ref idref="oc-37"/>
      </symbol>
      <symbol id="sm-74f">
         <name>copy_in</name>
         <value>0x4d19</value>
         <object_component_ref idref="oc-e5"/>
      </symbol>
      <symbol id="sm-77e">
         <name>_sys_memory</name>
         <value>0x20000be0</value>
         <object_component_ref idref="oc-23"/>
      </symbol>
      <symbol id="sm-7b2">
         <name>TimerDisable</name>
         <value>0x4e79</value>
         <object_component_ref idref="oc-11c"/>
      </symbol>
      <symbol id="sm-7b3">
         <name>TimerEnable</name>
         <value>0x4eb3</value>
         <object_component_ref idref="oc-124"/>
      </symbol>
      <symbol id="sm-7b4">
         <name>TimerValueGet64</name>
         <value>0x4e61</value>
         <object_component_ref idref="oc-128"/>
      </symbol>
      <symbol id="sm-7b5">
         <name>TimerLoadSet64</name>
         <value>0x4ee5</value>
         <object_component_ref idref="oc-120"/>
      </symbol>
      <symbol id="sm-7b6">
         <name>TimerConfigure</name>
         <value>0x4de5</value>
         <object_component_ref idref="oc-118"/>
      </symbol>
      <symbol id="sm-808">
         <name>SysCtlDelay</name>
         <value>0x4eed</value>
         <object_component_ref idref="oc-117"/>
      </symbol>
      <symbol id="sm-809">
         <name>SysCtlPeripheralEnable</name>
         <value>0x4c21</value>
         <object_component_ref idref="oc-113"/>
      </symbol>
      <symbol id="sm-80a">
         <name>SysCtlClockGet</name>
         <value>0x4841</value>
         <object_component_ref idref="oc-12c"/>
      </symbol>
      <symbol id="sm-816">
         <name>GPIOPinWrite</name>
         <value>0x4edb</value>
         <object_component_ref idref="oc-6f"/>
      </symbol>
      <symbol id="sm-818">
         <name>__TI_static_base__</name>
         <value>0x0</value>
      </symbol>
      <symbol id="sm-819">
         <name>__TI_args_main</name>
         <value>0x1</value>
      </symbol>
      <symbol id="sm-81a">
         <name>SHT$$INIT_ARRAY$$Limit</name>
         <value>0x0</value>
      </symbol>
      <symbol id="sm-81b">
         <name>SHT$$INIT_ARRAY$$Base</name>
         <value>0x0</value>
      </symbol>
   </symbol_table>
   <title>Link successful</title>
</link_info>
