******************************************************************************
                  TI ARM Linker PC v5.1.1                      
******************************************************************************
>> Linked Sun Jan 25 13:09:55 2015

OUTPUT FILE NAME:   <enc28j60-booster-example.out>
ENTRY POINT SYMBOL: "_c_int00"  address: 0000450d


MEMORY CONFIGURATION

         name            origin    length      used     unused   attr    fill
----------------------  --------  ---------  --------  --------  ----  --------
  FLASH                 00000000   00040000  00004730  0003b8d0  R  X
  SRAM                  20000000   00008000  0000161b  000069e5  RW X


SEGMENT ALLOCATION MAP

run origin  load origin   length   init length attrs members
----------  ----------- ---------- ----------- ----- -------
00000000    00000000    00004738   00004738    r-x
  00000000    00000000    0000026c   0000026c    r-- .intvecs
  0000026c    0000026c    00004432   00004432    r-x .text
  000046a0    000046a0    0000005a   0000005a    r-- .const
  00004700    00004700    00000038   00000038    r-- .cinit
20000000    20000000    00001620   00000000    rw-
  20000000    20000000    00000c13   00000000    rw- .bss
  20000c18    20000c18    000007d0   00000000    rw- .sysmem
  200013e8    200013e8    00000200   00000000    rw- .stack
  200015e8    200015e8    00000038   00000000    rw- .data


SECTION ALLOCATION MAP

 output                                  attributes/
section   page    origin      length       input sections
--------  ----  ----------  ----------   ----------------
.intvecs   0    00000000    0000026c     
                  00000000    0000026c     startup_ccs.obj (.intvecs)

.text      0    0000026c    00004432     
                  0000026c    00001904     uip.obj (.text)
                  00001b70    00000990     enc28j60.obj (.text)
                  00002500    00000918     uartstdio.obj (.text)
                  00002e18    0000072c     main.obj (.text)
                  00003544    0000053c     dhcpc.obj (.text)
                  00003a80    000004a4     uip_arp.obj (.text)
                  00003f24    00000388     modbusd.obj (.text)
                  000042ac    0000009c     rtsv7M4_T_le_v4SPD16_eabi.lib : memcpy_t2.obj (.text)
                  00004348    00000094                                   : auto_init.obj (.text)
                  000043dc    00000078                                   : memset_t2.obj (.text)
                  00004454    0000005e                                   : copy_decompress_rle.obj (.text)
                  000044b2    00000058     uip_timer.obj (.text)
                  0000450a    00000002     --HOLE-- [fill = 0]
                  0000450c    00000048     rtsv7M4_T_le_v4SPD16_eabi.lib : boot.obj (.text)
                  00004554    00000044                                   : cpy_tbl.obj (.text)
                  00004598    00000044                                   : exit.obj (.text)
                  000045dc    00000042                                   : u_divt2.obj (.text)
                  0000461e    00000022                                   : memcmp.obj (.text)
                  00004640    00000018                                   : args_main.obj (.text)
                  00004658    00000014                                   : _lock.obj (.text)
                  0000466c    00000012                                   : copy_zero_init.obj (.text:decompress:ZI)
                  0000467e    0000000e                                   : copy_decompress_none.obj (.text:decompress:none)
                  0000468c    0000000c     startup_ccs.obj (.text)
                  00004698    00000006     rtsv7M4_T_le_v4SPD16_eabi.lib : copy_decompress_rle.obj (.text:decompress:rle24)

.const     0    000046a0    0000005a     
                  000046a0    00000028     uartstdio.obj (.const)
                  000046c8    00000012     uartstdio.obj (.const:.string)
                  000046da    0000000a     uip_arp.obj (.const)
                  000046e4    00000008     dhcpc.obj (.const:.string)
                  000046ec    00000008     uip.obj (.const)
                  000046f4    00000006     main.obj (.const:.string)

.cinit     0    00004700    00000038     
                  00004700    00000012     (.cinit..data.load) [load image, compression = rle]
                  00004712    00000002     --HOLE-- [fill = 0]
                  00004714    0000000c     (__TI_handler_table)
                  00004720    00000008     (.cinit..bss.load) [load image, compression = zero_init]
                  00004728    00000010     (__TI_cinit_table)

.bss       0    20000000    00000c13     UNINITIALIZED
                  20000000    00000400     uartstdio.obj (.bss:g_pcUARTTxBuffer)
                  20000400    000003ec     uip.obj (.bss:uip_buf)
                  200007ec    00000100     uip.obj (.bss:uip_udp_conns)
                  200008ec    00000098     modbusd.obj (.bss:buf)
                  20000984    00000080     uartstdio.obj (.bss:g_pcUARTRxBuffer)
                  20000a04    00000080     modbusd.obj (.bss:modRegisters)
                  20000a84    00000060     uip_arp.obj (.bss:arp_table)
                  20000ae4    00000058     uip.obj (.bss:uip_conns)
                  20000b3c    00000034     dhcpc.obj (.bss:s)
                  20000b70    00000034     uip.obj (.bss:uip_stat)
                  20000ba4    00000008     (.common:uip_listenports)
                  20000bac    00000006     (.common:eth_addr$1)
                  20000bb2    00000002     (.common:enc_next_packet)
                  20000bb4    00000004     (.common:error)
                  20000bb8    00000004     (.common:g_ulFlags)
                  20000bbc    00000004     (.common:g_ulPortNum)
                  20000bc0    00000004     (.common:ipaddr)
                  20000bc4    00000004     (.common:iss)
                  20000bc8    00000004     (.common:lARPTimer)
                  20000bcc    00000004     (.common:lPeriodicTimer)
                  20000bd0    00000004     (.common:rResponse)
                  20000bd4    00000004     (.common:request)
                  20000bd8    00000004     (.common:request23)
                  20000bdc    00000004     (.common:uip_acc32)
                  20000be0    00000004     (.common:uip_appdata)
                  20000be4    00000004     (.common:uip_conn)
                  20000be8    00000004     (.common:uip_draddr)
                  20000bec    00000004     (.common:uip_hostaddr)
                  20000bf0    00000004     (.common:uip_netmask)
                  20000bf4    00000004     (.common:uip_sappdata)
                  20000bf8    00000004     (.common:uip_udp_conn)
                  20000bfc    00000004     (.common:wResponse)
                  20000c00    00000002     (.common:ipid)
                  20000c02    00000002     (.common:lastport)
                  20000c04    00000002     (.common:tmp16)
                  20000c06    00000002     (.common:uip_len)
                  20000c08    00000002     (.common:uip_slen)
                  20000c0a    00000001     (.common:arptime)
                  20000c0b    00000001     (.common:c)
                  20000c0c    00000001     (.common:c)
                  20000c0d    00000001     (.common:enc_current_bank)
                  20000c0e    00000001     (.common:g_bDisableEcho)
                  20000c0f    00000001     (.common:i)
                  20000c10    00000001     (.common:opt)
                  20000c11    00000001     (.common:tmpage)
                  20000c12    00000001     (.common:uip_flags)

.sysmem    0    20000c18    000007d0     UNINITIALIZED
                  20000c18    00000008     rtsv7M4_T_le_v4SPD16_eabi.lib : memory.obj (.sysmem)
                  20000c20    000007c8     --HOLE--

.stack     0    200013e8    00000200     UNINITIALIZED
                  200013e8    00000200     --HOLE--

.data      0    200015e8    00000038     UNINITIALIZED
                  200015e8    00000015     uartstdio.obj (.data)
                  200015fd    00000003     --HOLE--
                  20001600    00000008     rtsv7M4_T_le_v4SPD16_eabi.lib : _lock.obj (.data)
                  20001608    00000008                                   : exit.obj (.data)
                  20001610    00000006     uip.obj (.data)
                  20001616    00000002     --HOLE--
                  20001618    00000004     main.obj (.data)
                  2000161c    00000004     rtsv7M4_T_le_v4SPD16_eabi.lib : stkdepth_vars.obj (.data)


LINKER GENERATED COPY TABLES

__TI_cinit_table @ 00004728 records: 2, size/record: 8, table size: 16
	.data: load addr=00004700, load size=00000012 bytes, run addr=200015e8, run size=00000038 bytes, compression=rle
	.bss: load addr=00004720, load size=00000008 bytes, run addr=20000000, run size=00000c13 bytes, compression=zero_init


LINKER GENERATED HANDLER TABLE

__TI_handler_table @ 00004714 records: 3, size/record: 4, table size: 12
	index: 0, handler: __TI_decompress_rle24
	index: 1, handler: __TI_decompress_none
	index: 2, handler: __TI_zero_init


GLOBAL SYMBOLS: SORTED ALPHABETICALLY BY Name 

address    name
--------   ----
00004599   C$$EXIT
00002fff   GPIOPortEIntHandler
0000468d   ResetISR
UNDEFED    SHT$$INIT_ARRAY$$Base
UNDEFED    SHT$$INIT_ARRAY$$Limit
00002fd7   SysTickIntHandler
00002c61   UARTEchoSet
00002bf9   UARTFlushRx
00002c23   UARTFlushTx
00002b9f   UARTPeek
00002b7d   UARTRxBytesAvail
00002607   UARTStdioConfig
000026bf   UARTStdioInit
000026d9   UARTStdioInitExpClk
00002c8d   UARTStdioIntHandler
00002b8b   UARTTxBytesFree
00002815   UARTgetc
00002799   UARTgets
0000287d   UARTprintf
000026f3   UARTwrite
200015e8   __STACK_END
00000200   __STACK_SIZE
200014e8   __STACK_TOP
000007d0   __SYSMEM_SIZE
00004728   __TI_CINIT_Base
00004738   __TI_CINIT_Limit
00004714   __TI_Handler_Table_Base
00004720   __TI_Handler_Table_Limit
00000001   __TI_args_main
00004349   __TI_auto_init
20001608   __TI_cleanup_ptr
0000467f   __TI_decompress_none
00004699   __TI_decompress_rle24
2000160c   __TI_dtors_ptr
00000000   __TI_static_base__
0000466d   __TI_zero_init
000043dd   __aeabi_memclr
000043dd   __aeabi_memclr4
000043dd   __aeabi_memclr8
000042ad   __aeabi_memcpy
000042ad   __aeabi_memcpy4
000042ad   __aeabi_memcpy8
000043df   __aeabi_memset
000043df   __aeabi_memset4
000043df   __aeabi_memset8
000045dd   __aeabi_uidivmod
ffffffff   __binit__
ffffffff   __c_args__
200013e8   __stack
00004641   _args_main
0000450d   _c_int00
20001600   _lock
00004667   _nop
0000465f   _register_lock
00004659   _register_unlock
20000c18   _sys_memory
20001604   _unlock
0000459d   abort
ffffffff   binit
200008ec   buf
00002ff9   clock_time
00004555   copy_in
00003a0f   dhcpc_appcall
00002f7d   dhcpc_configured
000039c1   dhcpc_init
00003a25   dhcpc_request
00002389   enc_action
000020b3   enc_get_mac_addr
00002105   enc_init
00001f93   enc_phy_write
00001b89   enc_reset
000023b9   enc_send_packet
20000bb4   error
000045a5   exit
00000000   g_pfnVectors
20001618   g_ulTickCounter
00001a85   htons
20000bc8   lARPTimer
20000bcc   lPeriodicTimer
000046f4   mac_addr
00002e19   main
2000161c   main_func_sp
0000461f   memcmp
000042ad   memcpy
000043e5   memset
00003f25   mobdusd_init
20000a04   modRegisters
00003f31   modbusd_appcall
20000bd0   rResponse
20000bd4   request
20000bd8   request23
00003251   spi_mem_read
000031c9   spi_mem_write
00002f53   spi_send
0000332d   startup
000044ed   timer_expired
000044c9   timer_reset
000044df   timer_restart
000044b3   timer_set
20000bdc   uip_acc32
00000281   uip_add32
20000be0   uip_appdata
00003c45   uip_arp_arpin
00003a81   uip_arp_init
00003d31   uip_arp_out
00003ab9   uip_arp_timer
20000400   uip_buf
000003bf   uip_chksum
20000be4   uip_conn
0000050d   uip_connect
20000ae4   uip_conns
20000be8   uip_draddr
20001610   uip_ethaddr
20000c12   uip_flags
20000bec   uip_hostaddr
0000046b   uip_init
000003d9   uip_ipchksum
20000c06   uip_len
00000751   uip_listen
20000ba4   uip_listenports
000032d5   uip_log
20000bf0   uip_netmask
0000080d   uip_process
20000bf4   uip_sappdata
00001aa1   uip_send
0000026d   uip_setipid
20000c08   uip_slen
20000b70   uip_stat
00000461   uip_tcpchksum
20000bf8   uip_udp_conn
200007ec   uip_udp_conns
00000621   uip_udp_new
000006f9   uip_unlisten
20000bfc   wResponse


GLOBAL SYMBOLS: SORTED BY Symbol Address 

address    name
--------   ----
00000000   __TI_static_base__
00000000   g_pfnVectors
00000001   __TI_args_main
00000200   __STACK_SIZE
0000026d   uip_setipid
00000281   uip_add32
000003bf   uip_chksum
000003d9   uip_ipchksum
00000461   uip_tcpchksum
0000046b   uip_init
0000050d   uip_connect
00000621   uip_udp_new
000006f9   uip_unlisten
00000751   uip_listen
000007d0   __SYSMEM_SIZE
0000080d   uip_process
00001a85   htons
00001aa1   uip_send
00001b89   enc_reset
00001f93   enc_phy_write
000020b3   enc_get_mac_addr
00002105   enc_init
00002389   enc_action
000023b9   enc_send_packet
00002607   UARTStdioConfig
000026bf   UARTStdioInit
000026d9   UARTStdioInitExpClk
000026f3   UARTwrite
00002799   UARTgets
00002815   UARTgetc
0000287d   UARTprintf
00002b7d   UARTRxBytesAvail
00002b8b   UARTTxBytesFree
00002b9f   UARTPeek
00002bf9   UARTFlushRx
00002c23   UARTFlushTx
00002c61   UARTEchoSet
00002c8d   UARTStdioIntHandler
00002e19   main
00002f53   spi_send
00002f7d   dhcpc_configured
00002fd7   SysTickIntHandler
00002ff9   clock_time
00002fff   GPIOPortEIntHandler
000031c9   spi_mem_write
00003251   spi_mem_read
000032d5   uip_log
0000332d   startup
000039c1   dhcpc_init
00003a0f   dhcpc_appcall
00003a25   dhcpc_request
00003a81   uip_arp_init
00003ab9   uip_arp_timer
00003c45   uip_arp_arpin
00003d31   uip_arp_out
00003f25   mobdusd_init
00003f31   modbusd_appcall
000042ad   __aeabi_memcpy
000042ad   __aeabi_memcpy4
000042ad   __aeabi_memcpy8
000042ad   memcpy
00004349   __TI_auto_init
000043dd   __aeabi_memclr
000043dd   __aeabi_memclr4
000043dd   __aeabi_memclr8
000043df   __aeabi_memset
000043df   __aeabi_memset4
000043df   __aeabi_memset8
000043e5   memset
000044b3   timer_set
000044c9   timer_reset
000044df   timer_restart
000044ed   timer_expired
0000450d   _c_int00
00004555   copy_in
00004599   C$$EXIT
0000459d   abort
000045a5   exit
000045dd   __aeabi_uidivmod
0000461f   memcmp
00004641   _args_main
00004659   _register_unlock
0000465f   _register_lock
00004667   _nop
0000466d   __TI_zero_init
0000467f   __TI_decompress_none
0000468d   ResetISR
00004699   __TI_decompress_rle24
000046f4   mac_addr
00004714   __TI_Handler_Table_Base
00004720   __TI_Handler_Table_Limit
00004728   __TI_CINIT_Base
00004738   __TI_CINIT_Limit
20000400   uip_buf
200007ec   uip_udp_conns
200008ec   buf
20000a04   modRegisters
20000ae4   uip_conns
20000b70   uip_stat
20000ba4   uip_listenports
20000bb4   error
20000bc8   lARPTimer
20000bcc   lPeriodicTimer
20000bd0   rResponse
20000bd4   request
20000bd8   request23
20000bdc   uip_acc32
20000be0   uip_appdata
20000be4   uip_conn
20000be8   uip_draddr
20000bec   uip_hostaddr
20000bf0   uip_netmask
20000bf4   uip_sappdata
20000bf8   uip_udp_conn
20000bfc   wResponse
20000c06   uip_len
20000c08   uip_slen
20000c12   uip_flags
20000c18   _sys_memory
200013e8   __stack
200014e8   __STACK_TOP
200015e8   __STACK_END
20001600   _lock
20001604   _unlock
20001608   __TI_cleanup_ptr
2000160c   __TI_dtors_ptr
20001610   uip_ethaddr
20001618   g_ulTickCounter
2000161c   main_func_sp
ffffffff   __binit__
ffffffff   __c_args__
ffffffff   binit
UNDEFED    SHT$$INIT_ARRAY$$Base
UNDEFED    SHT$$INIT_ARRAY$$Limit

[134 symbols]
